Component: ARM Compiler 5.06 update 6 (build 750) Tool: armlink [4d35ed]

==============================================================================

Section Cross References

    startup_stm32f030x6.o(STACK) refers (Special) to heapauxi.o(.text) for __use_two_region_memory
    startup_stm32f030x6.o(HEAP) refers (Special) to heapauxi.o(.text) for __use_two_region_memory
    startup_stm32f030x6.o(RESET) refers (Special) to heapauxi.o(.text) for __use_two_region_memory
    startup_stm32f030x6.o(RESET) refers to startup_stm32f030x6.o(STACK) for __initial_sp
    startup_stm32f030x6.o(RESET) refers to startup_stm32f030x6.o(.text) for Reset_Handler
    startup_stm32f030x6.o(RESET) refers to stm32f0xx_it.o(i.NMI_Handler) for NMI_Handler
    startup_stm32f030x6.o(RESET) refers to stm32f0xx_it.o(i.HardFault_Handler) for HardFault_Handler
    startup_stm32f030x6.o(RESET) refers to stm32f0xx_it.o(i.SVC_Handler) for SVC_Handler
    startup_stm32f030x6.o(RESET) refers to stm32f0xx_it.o(i.PendSV_Handler) for PendSV_Handler
    startup_stm32f030x6.o(RESET) refers to stm32f0xx_it.o(i.SysTick_Handler) for SysTick_Handler
    startup_stm32f030x6.o(RESET) refers to stm32f0xx_it.o(i.TIM3_IRQHandler) for TIM3_IRQHandler
    startup_stm32f030x6.o(RESET) refers to stm32f0xx_it.o(i.TIM14_IRQHandler) for TIM14_IRQHandler
    startup_stm32f030x6.o(RESET) refers to stm32f0xx_it.o(i.TIM16_IRQHandler) for TIM16_IRQHandler
    startup_stm32f030x6.o(RESET) refers to stm32f0xx_it.o(i.TIM17_IRQHandler) for TIM17_IRQHandler
    startup_stm32f030x6.o(RESET) refers to stm32f0xx_it.o(i.USART1_IRQHandler) for USART1_IRQHandler
    startup_stm32f030x6.o(.text) refers (Special) to heapauxi.o(.text) for __use_two_region_memory
    startup_stm32f030x6.o(.text) refers to system_stm32f0xx.o(i.SystemInit) for SystemInit
    startup_stm32f030x6.o(.text) refers to __main.o(!!!main) for __main
    startup_stm32f030x6.o(.text) refers to startup_stm32f030x6.o(HEAP) for Heap_Mem
    startup_stm32f030x6.o(.text) refers to startup_stm32f030x6.o(STACK) for Stack_Mem
    modbus.o(i.ModbusCheckMsg) refers to pc_communication.o(i.CheckPCmessage) for CheckPCmessage
    modbus.o(i.ModbusCheckMsg) refers to modbus.o(i.Crc16) for Crc16
    modbus.o(i.ModbusCheckMsg) refers to pc_communication.o(i.CheckRxBufWithMW) for CheckRxBufWithMW
    modbus.o(i.ModbusCheckMsg) refers to pc_communication.o(i.AnswerStartCommunication_19) for AnswerStartCommunication_19
    modbus.o(i.ModbusCheckMsg) refers to modbus.o(i.ModbusCreateMsgError) for ModbusCreateMsgError
    modbus.o(i.ModbusCheckMsg) refers to modbus.o(i.ModbusCreateMsg01) for ModbusCreateMsg01
    modbus.o(i.ModbusCheckMsg) refers to modbus.o(i.ModbusCreateMsg02) for ModbusCreateMsg02
    modbus.o(i.ModbusCheckMsg) refers to modbus.o(i.ModbusCreateMsg03) for ModbusCreateMsg03
    modbus.o(i.ModbusCheckMsg) refers to modbus.o(i.ModbusCreateMsg05) for ModbusCreateMsg05
    modbus.o(i.ModbusCheckMsg) refers to modbus.o(i.ModbusCreateMsg06) for ModbusCreateMsg06
    modbus.o(i.ModbusCheckMsg) refers to modbus.o(i.ModbusCreateMsg16) for ModbusCreateMsg16
    modbus.o(i.ModbusCheckMsg) refers to settings.o(.data) for current_work_mode
    modbus.o(i.ModbusCheckMsg) refers to modbus.o(.bss) for .bss
    modbus.o(i.ModbusCheckMsg) refers to stm32f0xx_it.o(.data) for programming_seconds
    modbus.o(i.ModbusCheckMsg) refers to modbus.o(.data) for .data
    modbus.o(i.ModbusCreateMsg01) refers to modbus.o(i.ModbusCreateMsgError) for ModbusCreateMsgError
    modbus.o(i.ModbusCreateMsg02) refers to modbus.o(i.ModbusCreateMsgError) for ModbusCreateMsgError
    modbus.o(i.ModbusCreateMsg02) refers to modbus.o(.bss) for .bss
    modbus.o(i.ModbusCreateMsg02) refers to modbus.o(.data) for .data
    modbus.o(i.ModbusCreateMsg03) refers to modbus.o(i.ModbusCreateMsgError) for ModbusCreateMsgError
    modbus.o(i.ModbusCreateMsg03) refers to modbus.o(.bss) for .bss
    modbus.o(i.ModbusCreateMsg04) refers to modbus.o(i.ModbusCreateMsgError) for ModbusCreateMsgError
    modbus.o(i.ModbusCreateMsg05) refers to modbus.o(i.ModbusCreateMsgError) for ModbusCreateMsgError
    modbus.o(i.ModbusCreateMsg06) refers to settings.o(i.CheckAndWrightParameters) for CheckAndWrightParameters
    modbus.o(i.ModbusCreateMsg06) refers to modbus.o(i.ModbusCreateMsgError) for ModbusCreateMsgError
    modbus.o(i.ModbusCreateMsg06) refers to modbus.o(.bss) for .bss
    modbus.o(i.ModbusCreateMsg16) refers to settings.o(i.CheckAndWrightParameters) for CheckAndWrightParameters
    modbus.o(i.ModbusCreateMsg16) refers to modbus.o(i.ModbusCreateMsgError) for ModbusCreateMsgError
    modbus.o(i.ModbusCreateMsg16) refers to modbus.o(.bss) for .bss
    modbus.o(i.ModbusCreateMsgError) refers to modbus.o(.bss) for .bss
    modbus.o(i.ModbusSendMsg) refers to modbus.o(.bss) for .bss
    modbus.o(i.ModbusTaskLoop) refers to modbus.o(i.ModbusCheckMsg) for ModbusCheckMsg
    modbus.o(i.ModbusTaskLoop) refers to modbus.o(i.ModbusSendMsg) for ModbusSendMsg
[...]
    Removing stm32f0xx_hal_rcc.o(i.__ARM_common_ll_muluu), (48 bytes).
    Removing stm32f0xx_hal_dma.o(i.__ARM_common_switch8), (26 bytes).

477 unused section(s) (total 36529 bytes) removed from the image.

==============================================================================

Image Symbol Table

    Local Symbols

    Symbol Name                              Value     Ov Type        Size  Object(Section)

    ../Core/Src/adc.c                        0x00000000   Number         0  adc.o ABSOLUTE
    ../Core/Src/gpio.c                       0x00000000   Number         0  gpio.o ABSOLUTE
    ../Core/Src/iwdg.c                       0x00000000   Number         0  iwdg.o ABSOLUTE
    ../Core/Src/main.c                       0x00000000   Number         0  main.o ABSOLUTE
    ../Core/Src/stm32f0xx_hal_msp.c          0x00000000   Number         0  stm32f0xx_hal_msp.o ABSOLUTE
    ../Core/Src/stm32f0xx_it.c               0x00000000   Number         0  stm32f0xx_it.o ABSOLUTE
    ../Core/Src/system_stm32f0xx.c           0x00000000   Number         0  system_stm32f0xx.o ABSOLUTE
    ../Core/Src/tim.c                        0x00000000   Number         0  tim.o ABSOLUTE
    ../Core/Src/usart.c                      0x00000000   Number         0  usart.o ABSOLUTE
    ../Drivers/STM32F0xx_HAL_Driver/Src/stm32f0xx_hal.c 0x00000000   Number         0  stm32f0xx_hal.o ABSOLUTE
    ../Drivers/STM32F0xx_HAL_Driver/Src/stm32f0xx_hal_cortex.c 0x00000000   Number         0  stm32f0xx_hal_cortex.o ABSOLUTE
    ../Drivers/STM32F0xx_HAL_Driver/Src/stm32f0xx_hal_dma.c 0x00000000   Number         0  stm32f0xx_hal_dma.o ABSOLUTE
    ../Drivers/STM32F0xx_HAL_Driver/Src/stm32f0xx_hal_exti.c 0x00000000   Number         0  stm32f0xx_hal_exti.o ABSOLUTE
    ../Drivers/STM32F0xx_HAL_Driver/Src/stm32f0xx_hal_flash.c 0x00000000   Number         0  stm32f0xx_hal_flash.o ABSOLUTE
    ../Drivers/STM32F0xx_HAL_Driver/Src/stm32f0xx_hal_flash_ex.c 0x00000000   Number         0  stm32f0xx_hal_flash_ex.o ABSOLUTE
    ../Drivers/STM32F0xx_HAL_Driver/Src/stm32f0xx_hal_gpio.c 0x00000000   Number         0  stm32f0xx_hal_gpio.o ABSOLUTE
    ../Drivers/STM32F0xx_HAL_Driver/Src/stm32f0xx_hal_i2c.c 0x00000000   Number         0  stm32f0xx_hal_i2c.o ABSOLUTE
    ../Drivers/STM32F0xx_HAL_Driver/Src/stm32f0xx_hal_i2c_ex.c 0x00000000   Number         0  stm32f0xx_hal_i2c_ex.o ABSOLUTE
    ../Drivers/STM32F0xx_HAL_Driver/Src/stm32f0xx_hal_pwr.c 0x00000000   Number         0  stm32f0xx_hal_pwr.o ABSOLUTE
    ../Drivers/STM32F0xx_HAL_Driver/Src/stm32f0xx_hal_pwr_ex.c 0x00000000   Number         0  stm32f0xx_hal_pwr_ex.o ABSOLUTE
    ../Drivers/STM32F0xx_HAL_Driver/Src/stm32f0xx_hal_rcc.c 0x00000000   Number         0  stm32f0xx_hal_rcc.o ABSOLUTE
    ../Drivers/STM32F0xx_HAL_Driver/Src/stm32f0xx_hal_rcc_ex.c 0x00000000   Number         0  stm32f0xx_hal_rcc_ex.o ABSOLUTE
    ../Drivers/STM32F0xx_HAL_Driver/Src/stm32f0xx_hal_tim.c 0x00000000   Number         0  stm32f0xx_hal_tim.o ABSOLUTE
    ../Drivers/STM32F0xx_HAL_Driver/Src/stm32f0xx_hal_tim_ex.c 0x00000000   Number         0  stm32f0xx_hal_tim_ex.o ABSOLUTE
    ../Drivers/STM32F0xx_HAL_Driver/Src/stm32f0xx_ll_adc.c 0x00000000   Number         0  stm32f0xx_ll_adc.o ABSOLUTE
    ../Drivers/STM32F0xx_HAL_Driver/Src/stm32f0xx_ll_dma.c 0x00000000   Number         0  stm32f0xx_ll_dma.o ABSOLUTE
    ../Drivers/STM32F0xx_HAL_Driver/Src/stm32f0xx_ll_exti.c 0x00000000   Number         0  stm32f0xx_ll_exti.o ABSOLUTE
    ../Drivers/STM32F0xx_HAL_Driver/Src/stm32f0xx_ll_gpio.c 0x00000000   Number         0  stm32f0xx_ll_gpio.o ABSOLUTE
    ../Drivers/STM32F0xx_HAL_Driver/Src/stm32f0xx_ll_rcc.c 0x00000000   Number         0  stm32f0xx_ll_rcc.o ABSOLUTE
    ../Drivers/STM32F0xx_HAL_Driver/Src/stm32f0xx_ll_tim.c 0x00000000   Number         0  stm32f0xx_ll_tim.o ABSOLUTE
    ../Drivers/STM32F0xx_HAL_Driver/Src/stm32f0xx_ll_usart.c 0x00000000   Number         0  stm32f0xx_ll_usart.o ABSOLUTE
    ../Drivers/STM32F0xx_HAL_Driver/Src/stm32f0xx_ll_utils.c 0x00000000   Number         0  stm32f0xx_ll_utils.o ABSOLUTE
    ../clib/angel/boardlib.s                 0x00000000   Number         0  boardinit1.o ABSOLUTE
    ../clib/angel/boardlib.s                 0x00000000   Number         0  boardinit3.o ABSOLUTE
    ../clib/angel/boardlib.s                 0x00000000   Number         0  boardshut.o ABSOLUTE
    ../clib/angel/boardlib.s                 0x00000000   Number         0  boardinit2.o ABSOLUTE
    ../clib/angel/handlers.s                 0x00000000   Number         0  __scatter_zi.o ABSOLUTE
    ../clib/angel/handlers.s                 0x00000000   Number         0  __scatter_copy.o ABSOLUTE
    ../clib/angel/kernel.s                   0x00000000   Number         0  rtexit2.o ABSOLUTE
    ../clib/angel/kernel.s                   0x00000000   Number         0  rtexit.o ABSOLUTE
    ../clib/angel/kernel.s                   0x00000000   Number         0  __rtentry.o ABSOLUTE
    ../clib/angel/kernel.s                   0x00000000   Number         0  __rtentry2.o ABSOLUTE
    ../clib/angel/kernel.s                   0x00000000   Number         0  __rtentry4.o ABSOLUTE
    ../clib/angel/rt.s                       0x00000000   Number         0  aeabi_ldiv0.o ABSOLUTE
    ../clib/angel/rt.s                       0x00000000   Number         0  aeabi_ldiv0_sigfpe.o ABSOLUTE
    ../clib/angel/rt.s                       0x00000000   Number         0  rt_raise.o ABSOLUTE
    ../clib/angel/rt.s                       0x00000000   Number         0  aeabi_idiv0.o ABSOLUTE
    ../clib/angel/rt.s                       0x00000000   Number         0  rt_div0.o ABSOLUTE
    ../clib/angel/rt.s                       0x00000000   Number         0  aeabi_idiv0_sigfpe.o ABSOLUTE
    ../clib/angel/scatterp.s                 0x00000000   Number         0  __scatter.o ABSOLUTE
    ../clib/angel/startup.s                  0x00000000   Number         0  __main.o ABSOLUTE
    ../clib/angel/sys.s                      0x00000000   Number         0  use_no_semi.o ABSOLUTE
    ../clib/angel/sys.s                      0x00000000   Number         0  indicate_semi.o ABSOLUTE
    ../clib/angel/sys.s                      0x00000000   Number         0  libspace.o ABSOLUTE
    ../clib/angel/sys.s                      0x00000000   Number         0  sys_stackheap_outer.o ABSOLUTE
    ../clib/angel/sys.s                      0x00000000   Number         0  tempstk.o ABSOLUTE
    ../clib/angel/sysapp.c                   0x00000000   Number         0  sys_exit.o ABSOLUTE
    ../clib/angel/sysapp.c                   0x00000000   Number         0  sys_command.o ABSOLUTE
    ../clib/angel/sysapp.c                   0x00000000   Number         0  sys_wrch.o ABSOLUTE
    ../clib/armsys.c                         0x00000000   Number         0  _get_argv_nomalloc.o ABSOLUTE
    ../clib/armsys.c                         0x00000000   Number         0  no_argv.o ABSOLUTE
    ../clib/armsys.c                         0x00000000   Number         0  argv_veneer.o ABSOLUTE
    ../clib/division.c                       0x00000000   Number         0  lludiv.o ABSOLUTE
    ../clib/division.s                       0x00000000   Number         0  aeabi_sdiv.o ABSOLUTE
    ../clib/division.s                       0x00000000   Number         0  aeabi_sdiv_div0.o ABSOLUTE
    ../clib/heapalloc.c                      0x00000000   Number         0  hrguard.o ABSOLUTE
    ../clib/heapaux.c                        0x00000000   Number         0  heapauxi.o ABSOLUTE
    ../clib/libinit.s                        0x00000000   Number         0  libinit2.o ABSOLUTE
    ../clib/libinit.s                        0x00000000   Number         0  libshutdown2.o ABSOLUTE
    ../clib/libinit.s                        0x00000000   Number         0  libshutdown.o ABSOLUTE
    ../clib/libinit.s                        0x00000000   Number         0  libinit.o ABSOLUTE
    ../clib/longlong.c                       0x00000000   Number         0  llushr.o ABSOLUTE
    ../clib/memcpset.c                       0x00000000   Number         0  rt_memclr.o ABSOLUTE
    ../clib/memcpset.c                       0x00000000   Number         0  rt_memcpy.o ABSOLUTE
    ../clib/memcpset.c                       0x00000000   Number         0  rt_memcpy.o ABSOLUTE
    ../clib/signal.c                         0x00000000   Number         0  defsig_exit.o ABSOLUTE
    ../clib/signal.c                         0x00000000   Number         0  defsig_pvfn_inner.o ABSOLUTE
    ../clib/signal.c                         0x00000000   Number         0  defsig_stak_inner.o ABSOLUTE
    ../clib/signal.c                         0x00000000   Number         0  defsig_rtmem_inner.o ABSOLUTE
    ../clib/signal.c                         0x00000000   Number         0  defsig_abrt_inner.o ABSOLUTE
    ../clib/signal.c                         0x00000000   Number         0  defsig_other.o ABSOLUTE
    ../clib/signal.c                         0x00000000   Number         0  defsig_rtmem_formal.o ABSOLUTE
    ../clib/signal.c                         0x00000000   Number         0  defsig_segv_inner.o ABSOLUTE
    ../clib/signal.c                         0x00000000   Number         0  defsig_general.o ABSOLUTE
    ../clib/signal.c                         0x00000000   Number         0  __raise.o ABSOLUTE
    ../clib/signal.c                         0x00000000   Number         0  defsig_fpe_inner.o ABSOLUTE
    ../clib/signal.c                         0x00000000   Number         0  defsig_cppl_inner.o ABSOLUTE
    ../clib/signal.c                         0x00000000   Number         0  defsig_rtmem_outer.o ABSOLUTE
    ../clib/signal.c                         0x00000000   Number         0  defsig_rtred_inner.o ABSOLUTE
    ../clib/signal.c                         0x00000000   Number         0  defsig_fpe_formal.o ABSOLUTE
    ../clib/signal.c                         0x00000000   Number         0  defsig_fpe_outer.o ABSOLUTE
    ../clib/signal.s                         0x00000000   Number         0  defsig.o ABSOLUTE
    ../clib/stdlib.c                         0x00000000   Number         0  exit.o ABSOLUTE
    ../fplib/cfplib/ffix.c                   0x00000000   Number         0  ffixui.o ABSOLUTE
    ../fplib/cfplib/fflt.c                   0x00000000   Number         0  fflti.o ABSOLUTE
    ../fplib/cfplib/fpinit.c                 0x00000000   Number         0  fpinit.o ABSOLUTE
    ../fplib/faddsub6m.s                     0x00000000   Number         0  faddsub.o ABSOLUTE
    ../fplib/fmul6m.s                        0x00000000   Number         0  fmul.o ABSOLUTE
    ../fplib/usenofp.s                       0x00000000   Number         0  usenofp.o ABSOLUTE
    ..\Core\Src\adc.c                        0x00000000   Number         0  adc.o ABSOLUTE
    ..\Core\Src\gpio.c                       0x00000000   Number         0  gpio.o ABSOLUTE
    ..\Core\Src\iwdg.c                       0x00000000   Number         0  iwdg.o ABSOLUTE
    ..\Core\Src\main.c                       0x00000000   Number         0  main.o ABSOLUTE
    ..\Core\Src\modbus.c                     0x00000000   Number         0  modbus.o ABSOLUTE
    ..\Core\Src\pc_communication.c           0x00000000   Number         0  pc_communication.o ABSOLUTE
    ..\Core\Src\settings.c                   0x00000000   Number         0  settings.o ABSOLUTE
    ..\Core\Src\stm32f0xx_hal_msp.c          0x00000000   Number         0  stm32f0xx_hal_msp.o ABSOLUTE
    ..\Core\Src\stm32f0xx_it.c               0x00000000   Number         0  stm32f0xx_it.o ABSOLUTE
    ..\Core\Src\system_stm32f0xx.c           0x00000000   Number         0  system_stm32f0xx.o ABSOLUTE
    ..\Core\Src\tim.c                        0x00000000   Number         0  tim.o ABSOLUTE
    ..\Core\Src\usart.c                      0x00000000   Number         0  usart.o ABSOLUTE
    ..\Drivers\STM32F0xx_HAL_Driver\Src\stm32f0xx_hal.c 0x00000000   Number         0  stm32f0xx_hal.o ABSOLUTE
    ..\Drivers\STM32F0xx_HAL_Driver\Src\stm32f0xx_hal_cortex.c 0x00000000   Number         0  stm32f0xx_hal_cortex.o ABSOLUTE
    ..\Drivers\STM32F0xx_HAL_Driver\Src\stm32f0xx_hal_dma.c 0x00000000   Number         0  stm32f0xx_hal_dma.o ABSOLUTE
    ..\Drivers\STM32F0xx_HAL_Driver\Src\stm32f0xx_hal_exti.c 0x00000000   Number         0  stm32f0xx_hal_exti.o ABSOLUTE
    ..\Drivers\STM32F0xx_HAL_Driver\Src\stm32f0xx_hal_flash.c 0x00000000   Number         0  stm32f0xx_hal_flash.o ABSOLUTE
    ..\Drivers\STM32F0xx_HAL_Driver\Src\stm32f0xx_hal_flash_ex.c 0x00000000   Number         0  stm32f0xx_hal_flash_ex.o ABSOLUTE
    ..\Drivers\STM32F0xx_HAL_Driver\Src\stm32f0xx_hal_gpio.c 0x00000000   Number         0  stm32f0xx_hal_gpio.o ABSOLUTE
    ..\Drivers\STM32F0xx_HAL_Driver\Src\stm32f0xx_hal_i2c.c 0x00000000   Number         0  stm32f0xx_hal_i2c.o ABSOLUTE
    ..\Drivers\STM32F0xx_HAL_Driver\Src\stm32f0xx_hal_i2c_ex.c 0x00000000   Number         0  stm32f0xx_hal_i2c_ex.o ABSOLUTE
    ..\Drivers\STM32F0xx_HAL_Driver\Src\stm32f0xx_hal_pwr.c 0x00000000   Number         0  stm32f0xx_hal_pwr.o ABSOLUTE
    ..\Drivers\STM32F0xx_HAL_Driver\Src\stm32f0xx_hal_pwr_ex.c 0x00000000   Number         0  stm32f0xx_hal_pwr_ex.o ABSOLUTE
    ..\Drivers\STM32F0xx_HAL_Driver\Src\stm32f0xx_hal_rcc.c 0x00000000   Number         0  stm32f0xx_hal_rcc.o ABSOLUTE
    ..\Drivers\STM32F0xx_HAL_Driver\Src\stm32f0xx_hal_rcc_ex.c 0x00000000   Number         0  stm32f0xx_hal_rcc_ex.o ABSOLUTE
    ..\Drivers\STM32F0xx_HAL_Driver\Src\stm32f0xx_hal_tim.c 0x00000000   Number         0  stm32f0xx_hal_tim.o ABSOLUTE
    ..\Drivers\STM32F0xx_HAL_Driver\Src\stm32f0xx_hal_tim_ex.c 0x00000000   Number         0  stm32f0xx_hal_tim_ex.o ABSOLUTE
    ..\Drivers\STM32F0xx_HAL_Driver\Src\stm32f0xx_ll_adc.c 0x00000000   Number         0  stm32f0xx_ll_adc.o ABSOLUTE
    ..\Drivers\STM32F0xx_HAL_Driver\Src\stm32f0xx_ll_dma.c 0x00000000   Number         0  stm32f0xx_ll_dma.o ABSOLUTE
    ..\Drivers\STM32F0xx_HAL_Driver\Src\stm32f0xx_ll_exti.c 0x00000000   Number         0  stm32f0xx_ll_exti.o ABSOLUTE
    ..\Drivers\STM32F0xx_HAL_Driver\Src\stm32f0xx_ll_gpio.c 0x00000000   Number         0  stm32f0xx_ll_gpio.o ABSOLUTE
    ..\Drivers\STM32F0xx_HAL_Driver\Src\stm32f0xx_ll_rcc.c 0x00000000   Number         0  stm32f0xx_ll_rcc.o ABSOLUTE
    ..\Drivers\STM32F0xx_HAL_Driver\Src\stm32f0xx_ll_tim.c 0x00000000   Number         0  stm32f0xx_ll_tim.o ABSOLUTE
    ..\Drivers\STM32F0xx_HAL_Driver\Src\stm32f0xx_ll_usart.c 0x00000000   Number         0  stm32f0xx_ll_usart.o ABSOLUTE
    ..\Drivers\STM32F0xx_HAL_Driver\Src\stm32f0xx_ll_utils.c 0x00000000   Number         0  stm32f0xx_ll_utils.o ABSOLUTE
    ..\\Core\\Src\\modbus.c                  0x00000000   Number         0  modbus.o ABSOLUTE
    ..\\Core\\Src\\pc_communication.c        0x00000000   Number         0  pc_communication.o ABSOLUTE
    ..\\Core\\Src\\settings.c                0x00000000   Number         0  settings.o ABSOLUTE
    algorithm.c                              0x00000000   Number         0  algorithm.o ABSOLUTE
    algorithm.c                              0x00000000   Number         0  algorithm.o ABSOLUTE
    dc.s                                     0x00000000   Number         0  dc.o ABSOLUTE
    startup_stm32f030x6.s                    0x00000000   Number         0  startup_stm32f030x6.o ABSOLUTE
    RESET                                    0x08000000   Section      184  startup_stm32f030x6.o(RESET)
    !!!main                                  0x080000b8   Section        8  __main.o(!!!main)
    !!!scatter                               0x080000c0   Section       60  __scatter.o(!!!scatter)
    !!handler_copy                           0x080000fc   Section       26  __scatter_copy.o(!!handler_copy)
    !!handler_zi                             0x08000118   Section       28  __scatter_zi.o(!!handler_zi)
    .ARM.Collect$$libinit$$00000000          0x08000134   Section        2  libinit.o(.ARM.Collect$$libinit$$00000000)
    .ARM.Collect$$libinit$$00000002          0x08000136   Section        0  libinit2.o(.ARM.Collect$$libinit$$00000002)
    .ARM.Collect$$libinit$$00000004          0x08000136   Section        0  libinit2.o(.ARM.Collect$$libinit$$00000004)
    .ARM.Collect$$libinit$$0000000A          0x08000136   Section        0  libinit2.o(.ARM.Collect$$libinit$$0000000A)
    .ARM.Collect$$libinit$$0000000C          0x08000136   Section        0  libinit2.o(.ARM.Collect$$libinit$$0000000C)
    .ARM.Collect$$libinit$$0000000E          0x08000136   Section        0  libinit2.o(.ARM.Collect$$libinit$$0000000E)
    .ARM.Collect$$libinit$$00000011          0x08000136   Section        0  libinit2.o(.ARM.Collect$$libinit$$00000011)
    .ARM.Collect$$libinit$$00000013          0x08000136   Section        0  libinit2.o(.ARM.Collect$$libinit$$00000013)
    .ARM.Collect$$libinit$$00000015          0x08000136   Section        0  libinit2.o(.ARM.Collect$$libinit$$00000015)
    .ARM.Collect$$libinit$$00000017          0x08000136   Section        0  libinit2.o(.ARM.Collect$$libinit$$00000017)
    .ARM.Collect$$libinit$$00000019          0x08000136   Section        0  libinit2.o(.ARM.Collect$$libinit$$00000019)
    .ARM.Collect$$libinit$$0000001B          0x08000136   Section        0  libinit2.o(.ARM.Collect$$libinit$$0000001B)
    .ARM.Collect$$libinit$$0000001D          0x08000136   Section        0  libinit2.o(.ARM.Collect$$libinit$$0000001D)
    .ARM.Collect$$libinit$$0000001F          0x08000136   Section        0  libinit2.o(.ARM.Collect$$libinit$$0000001F)
    .ARM.Collect$$libinit$$00000021          0x08000136   Section        0  libinit2.o(.ARM.Collect$$libinit$$00000021)
    .ARM.Collect$$libinit$$00000023          0x08000136   Section        0  libinit2.o(.ARM.Collect$$libinit$$00000023)
    .ARM.Collect$$libinit$$00000025          0x08000136   Section        0  libinit2.o(.ARM.Collect$$libinit$$00000025)
    .ARM.Collect$$libinit$$0000002C          0x08000136   Section        0  libinit2.o(.ARM.Collect$$libinit$$0000002C)
    .ARM.Collect$$libinit$$0000002E          0x08000136   Section        0  libinit2.o(.ARM.Collect$$libinit$$0000002E)
    .ARM.Collect$$libinit$$00000030          0x08000136   Section        0  libinit2.o(.ARM.Collect$$libinit$$00000030)
    .ARM.Collect$$libinit$$00000032          0x08000136   Section        0  libinit2.o(.ARM.Collect$$libinit$$00000032)
    .ARM.Collect$$libinit$$00000033          0x08000136   Section        2  libinit2.o(.ARM.Collect$$libinit$$00000033)
    .ARM.Collect$$libshutdown$$00000000      0x08000138   Section        2  libshutdown.o(.ARM.Collect$$libshutdown$$00000000)
    .ARM.Collect$$libshutdown$$00000002      0x0800013a   Section        0  libshutdown2.o(.ARM.Collect$$libshutdown$$00000002)
    .ARM.Collect$$libshutdown$$00000004      0x0800013a   Section        0  libshutdown2.o(.ARM.Collect$$libshutdown$$00000004)
    .ARM.Collect$$libshutdown$$00000007      0x0800013a   Section        0  libshutdown2.o(.ARM.Collect$$libshutdown$$00000007)
    .ARM.Collect$$libshutdown$$0000000A      0x0800013a   Section        0  libshutdown2.o(.ARM.Collect$$libshutdown$$0000000A)
    .ARM.Collect$$libshutdown$$0000000C      0x0800013a   Section        0  libshutdown2.o(.ARM.Collect$$libshutdown$$0000000C)
    .ARM.Collect$$libshutdown$$0000000F      0x0800013a   Section        0  libshutdown2.o(.ARM.Collect$$libshutdown$$0000000F)
    .ARM.Collect$$libshutdown$$00000010      0x0800013a   Section        2  libshutdown2.o(.ARM.Collect$$libshutdown$$00000010)
    .ARM.Collect$$rtentry$$00000000          0x0800013c   Section        0  __rtentry.o(.ARM.Collect$$rtentry$$00000000)
    .ARM.Collect$$rtentry$$00000002          0x0800013c   Section        0  __rtentry2.o(.ARM.Collect$$rtentry$$00000002)
    .ARM.Collect$$rtentry$$00000004          0x0800013c   Section        6  __rtentry4.o(.ARM.Collect$$rtentry$$00000004)
    .ARM.Collect$$rtentry$$00000009          0x08000142   Section        0  __rtentry2.o(.ARM.Collect$$rtentry$$00000009)
    .ARM.Collect$$rtentry$$0000000A          0x08000142   Section        4  __rtentry2.o(.ARM.Collect$$rtentry$$0000000A)
    .ARM.Collect$$rtentry$$0000000C          0x08000146   Section        0  __rtentry2.o(.ARM.Collect$$rtentry$$0000000C)
    .ARM.Collect$$rtentry$$0000000D          0x08000146   Section        8  __rtentry2.o(.ARM.Collect$$rtentry$$0000000D)
    .ARM.Collect$$rtexit$$00000000           0x0800014e   Section        2  rtexit.o(.ARM.Collect$$rtexit$$00000000)
    .ARM.Collect$$rtexit$$00000002           0x08000150   Section        0  rtexit2.o(.ARM.Collect$$rtexit$$00000002)
    .ARM.Collect$$rtexit$$00000003           0x08000150   Section        4  rtexit2.o(.ARM.Collect$$rtexit$$00000003)
    .ARM.Collect$$rtexit$$00000004           0x08000154   Section        6  rtexit2.o(.ARM.Collect$$rtexit$$00000004)
    .emb_text                                0x0800015c   Section       56  rt_memcpy.o(.emb_text)
    .text                                    0x08000194   Section       56  startup_stm32f030x6.o(.text)
    .text                                    0x080001cc   Section        0  rt_memclr.o(.text)
    .text                                    0x0800020c   Section      346  aeabi_sdiv.o(.text)
    .text                                    0x08000366   Section        0  heapauxi.o(.text)
    .text                                    0x0800036c   Section        0  ffixui.o(.text)
    .text                                    0x0800039c   Section        0  fflti.o(.text)
    .text                                    0x080003fa   Section       62  sys_stackheap_outer.o(.text)
    .text                                    0x08000438   Section        0  exit.o(.text)
    .text                                    0x08000448   Section        8  libspace.o(.text)
    .text                                    0x08000450   Section        0  sys_exit.o(.text)
    .text                                    0x0800045c   Section        2  use_no_semi.o(.text)
    .text                                    0x0800045e   Section        0  indicate_semi.o(.text)
    i.AO_Read                                0x08000460   Section        0  main.o(i.AO_Read)
    i.AdcAverage                             0x080004a8   Section        0  main.o(i.AdcAverage)
    i.AdcConvert                             0x080004c8   Section        0  main.o(i.AdcConvert)
    i.AnswerRsetMCU                          0x0800050c   Section        0  pc_communication.o(i.AnswerRsetMCU)
    i.AnswerStartCommunication_19            0x0800051c   Section        0  pc_communication.o(i.AnswerStartCommunication_19)
    i.AnswerWriteSettingStruct               0x08000538   Section        0  pc_communication.o(i.AnswerWriteSettingStruct)
    i.BothControlLoop                        0x080005a0   Section        0  main.o(i.BothControlLoop)
    i.BtnRead                                0x08000600   Section        0  main.o(i.BtnRead)
    i.ChargeBootstrap                        0x08000648   Section        0  main.o(i.ChargeBootstrap)
    i.CheckAndWrightParameters               0x08000674   Section        0  settings.o(i.CheckAndWrightParameters)
    i.CheckPCmessage                         0x0800069c   Section        0  pc_communication.o(i.CheckPCmessage)
    i.CheckRxBufWithMW                       0x08000718   Section        0  pc_communication.o(i.CheckRxBufWithMW)
    i.CheckSettingsInFLASH                   0x0800073c   Section        0  settings.o(i.CheckSettingsInFLASH)
    i.CoilControl                            0x080007ac   Section        0  main.o(i.CoilControl)
    i.Crc16                                  0x08000808   Section        0  modbus.o(i.Crc16)
    i.CulcCheckSum                           0x08000840   Section        0  settings.o(i.CulcCheckSum)
    i.CurrControl                            0x080008a0   Section        0  main.o(i.CurrControl)
    i.Error_Handler                          0x080008d0   Section        0  main.o(i.Error_Handler)
    i.FLASH_Erase_Page                       0x080008d4   Section        0  settings.o(i.FLASH_Erase_Page)
    i.FLASH_Lock                             0x0800090c   Section        0  settings.o(i.FLASH_Lock)
    i.FLASH_Program_Word                     0x0800091c   Section        0  settings.o(i.FLASH_Program_Word)
    i.FLASH_Unlock                           0x08000964   Section        0  settings.o(i.FLASH_Unlock)
    i.FillMbRegs                             0x0800097c   Section        0  main.o(i.FillMbRegs)
    i.HAL_IncTick                            0x080009ac   Section        0  stm32f0xx_hal.o(i.HAL_IncTick)
    i.HAL_Init                               0x080009bc   Section        0  stm32f0xx_hal.o(i.HAL_Init)
    i.HAL_InitTick                           0x080009dc   Section        0  stm32f0xx_hal.o(i.HAL_InitTick)
    i.HAL_MspInit                            0x08000a20   Section        0  stm32f0xx_hal_msp.o(i.HAL_MspInit)
    i.HAL_NVIC_EnableIRQ                     0x08000a48   Section        0  stm32f0xx_hal_cortex.o(i.HAL_NVIC_EnableIRQ)
    i.HAL_NVIC_SetPriority                   0x08000a60   Section        0  stm32f0xx_hal_cortex.o(i.HAL_NVIC_SetPriority)
    i.HAL_SYSTICK_Config                     0x08000a68   Section        0  stm32f0xx_hal_cortex.o(i.HAL_SYSTICK_Config)
    i.HAL_TIMEx_BreakCallback                0x08000a98   Section        0  stm32f0xx_hal_tim_ex.o(i.HAL_TIMEx_BreakCallback)
    i.HAL_TIMEx_CommutCallback               0x08000a9a   Section        0  stm32f0xx_hal_tim_ex.o(i.HAL_TIMEx_CommutCallback)
    i.HAL_TIMEx_MasterConfigSynchronization  0x08000a9c   Section        0  stm32f0xx_hal_tim_ex.o(i.HAL_TIMEx_MasterConfigSynchronization)
    i.HAL_TIM_Base_Init                      0x08000aec   Section        0  stm32f0xx_hal_tim.o(i.HAL_TIM_Base_Init)
    i.HAL_TIM_Base_MspInit                   0x08000b34   Section        0  tim.o(i.HAL_TIM_Base_MspInit)
    i.HAL_TIM_ConfigClockSource              0x08000b90   Section        0  stm32f0xx_hal_tim.o(i.HAL_TIM_ConfigClockSource)
    i.HAL_TIM_IC_CaptureCallback             0x08000c6a   Section        0  stm32f0xx_hal_tim.o(i.HAL_TIM_IC_CaptureCallback)
    i.HAL_TIM_IRQHandler                     0x08000c6c   Section        0  stm32f0xx_hal_tim.o(i.HAL_TIM_IRQHandler)
    i.HAL_TIM_OC_DelayElapsedCallback        0x08000dce   Section        0  stm32f0xx_hal_tim.o(i.HAL_TIM_OC_DelayElapsedCallback)
    i.HAL_TIM_PWM_PulseFinishedCallback      0x08000dd0   Section        0  stm32f0xx_hal_tim.o(i.HAL_TIM_PWM_PulseFinishedCallback)
    i.HAL_TIM_PeriodElapsedCallback          0x08000dd2   Section        0  stm32f0xx_hal_tim.o(i.HAL_TIM_PeriodElapsedCallback)
    i.HAL_TIM_TriggerCallback                0x08000dd4   Section        0  stm32f0xx_hal_tim.o(i.HAL_TIM_TriggerCallback)
    i.HardFault_Handler                      0x08000dd6   Section        0  stm32f0xx_it.o(i.HardFault_Handler)
    i.LL_ADC_Init                            0x08000dd8   Section        0  stm32f0xx_ll_adc.o(i.LL_ADC_Init)
    i.LL_ADC_REG_Init                        0x08000e10   Section        0  stm32f0xx_ll_adc.o(i.LL_ADC_REG_Init)
    i.LL_AHB1_GRP1_EnableClock               0x08000e44   Section        0  gpio.o(i.LL_AHB1_GRP1_EnableClock)
    LL_AHB1_GRP1_EnableClock                 0x08000e45   Thumb Code    18  gpio.o(i.LL_AHB1_GRP1_EnableClock)
    i.LL_GPIO_Init                           0x08000e5c   Section        0  stm32f0xx_ll_gpio.o(i.LL_GPIO_Init)
    i.LL_RCC_GetUSARTClockFreq               0x08000f08   Section        0  stm32f0xx_ll_rcc.o(i.LL_RCC_GetUSARTClockFreq)
    i.LL_SetSystemCoreClock                  0x08000f5c   Section        0  stm32f0xx_ll_utils.o(i.LL_SetSystemCoreClock)
    i.LL_TIM_Init                            0x08000f68   Section        0  stm32f0xx_ll_tim.o(i.LL_TIM_Init)
    i.LL_USART_Init                          0x08000fe0   Section        0  stm32f0xx_ll_usart.o(i.LL_USART_Init)
    i.MX_ADC_Init                            0x08001078   Section        0  adc.o(i.MX_ADC_Init)
    i.MX_GPIO_Init                           0x08001148   Section        0  gpio.o(i.MX_GPIO_Init)
    i.MX_IWDG_Init                           0x08001230   Section        0  iwdg.o(i.MX_IWDG_Init)
    i.MX_TIM14_Init                          0x08001264   Section        0  tim.o(i.MX_TIM14_Init)
    i.MX_TIM16_Init                          0x080012c0   Section        0  tim.o(i.MX_TIM16_Init)
    i.MX_TIM17_Init                          0x08001324   Section        0  tim.o(i.MX_TIM17_Init)
    i.MX_TIM3_Init                           0x08001358   Section        0  tim.o(i.MX_TIM3_Init)
    i.MX_USART1_UART_Init                    0x080013c8   Section        0  usart.o(i.MX_USART1_UART_Init)
    i.ModbusCheckMsg                         0x080014ac   Section        0  modbus.o(i.ModbusCheckMsg)
    i.ModbusCreateMsg01                      0x08001618   Section        0  modbus.o(i.ModbusCreateMsg01)
    i.ModbusCreateMsg02                      0x08001624   Section        0  modbus.o(i.ModbusCreateMsg02)
    i.ModbusCreateMsg03                      0x08001684   Section        0  modbus.o(i.ModbusCreateMsg03)
    i.ModbusCreateMsg05                      0x080016fc   Section        0  modbus.o(i.ModbusCreateMsg05)
    i.ModbusCreateMsg06                      0x08001708   Section        0  modbus.o(i.ModbusCreateMsg06)
    i.ModbusCreateMsg16                      0x08001754   Section        0  modbus.o(i.ModbusCreateMsg16)
    i.ModbusCreateMsgError                   0x080017c8   Section        0  modbus.o(i.ModbusCreateMsgError)
    i.ModbusSendMsg                          0x080017e4   Section        0  modbus.o(i.ModbusSendMsg)
    i.ModbusTaskLoop                         0x08001834   Section        0  modbus.o(i.ModbusTaskLoop)
    i.ModbusTimInterruptHandler              0x0800184c   Section        0  modbus.o(i.ModbusTimInterruptHandler)
    i.ModbusUartIntRxHandler                 0x0800187c   Section        0  modbus.o(i.ModbusUartIntRxHandler)
    i.ModbusUartIntTxHandler                 0x080018cc   Section        0  modbus.o(i.ModbusUartIntTxHandler)
    i.NMI_Handler                            0x08001928   Section        0  stm32f0xx_it.o(i.NMI_Handler)
    i.PendSV_Handler                         0x0800192a   Section        0  stm32f0xx_it.o(i.PendSV_Handler)
    i.RCC_GetHCLKClockFreq                   0x0800192c   Section        0  stm32f0xx_ll_rcc.o(i.RCC_GetHCLKClockFreq)
    i.RCC_GetPCLK1ClockFreq                  0x08001948   Section        0  stm32f0xx_ll_rcc.o(i.RCC_GetPCLK1ClockFreq)
    i.RCC_GetSystemClockFreq                 0x08001960   Section        0  stm32f0xx_ll_rcc.o(i.RCC_GetSystemClockFreq)
    i.RCC_PLL_GetFreqDomain_SYS              0x08001984   Section        0  stm32f0xx_ll_rcc.o(i.RCC_PLL_GetFreqDomain_SYS)
    i.ReadAndSendAllSettings                 0x080019c0   Section        0  pc_communication.o(i.ReadAndSendAllSettings)
    i.ReadSerialNumber                       0x080019e4   Section        0  pc_communication.o(i.ReadSerialNumber)
    i.ReadSettingsStruct                     0x080019f0   Section        0  settings.o(i.ReadSettingsStruct)
    i.SVC_Handler                            0x08001a8e   Section        0  stm32f0xx_it.o(i.SVC_Handler)
    i.SetDelay                               0x08001a90   Section        0  modbus.o(i.SetDelay)
    i.SetManufactureSettings                 0x08001aa8   Section        0  settings.o(i.SetManufactureSettings)
    i.SysTick_Handler                        0x08001afc   Section        0  stm32f0xx_it.o(i.SysTick_Handler)
    i.SystemClock_Config                     0x08001b04   Section        0  main.o(i.SystemClock_Config)
    i.SystemInit                             0x08001be0   Section        0  system_stm32f0xx.o(i.SystemInit)
    i.TIM14_IRQHandler                       0x08001be4   Section        0  stm32f0xx_it.o(i.TIM14_IRQHandler)
    i.TIM16_IRQHandler                       0x08001bfc   Section        0  stm32f0xx_it.o(i.TIM16_IRQHandler)
    i.TIM17_IRQHandler                       0x08001c50   Section        0  stm32f0xx_it.o(i.TIM17_IRQHandler)
    i.TIM3_IRQHandler                        0x08001ce8   Section        0  stm32f0xx_it.o(i.TIM3_IRQHandler)
    i.TIM_Base_SetConfig                     0x08001d2c   Section        0  stm32f0xx_hal_tim.o(i.TIM_Base_SetConfig)
    i.TIM_ETR_SetConfig                      0x08001da8   Section        0  stm32f0xx_hal_tim.o(i.TIM_ETR_SetConfig)
    i.TIM_ITRx_SetConfig                     0x08001dbe   Section        0  stm32f0xx_hal_tim.o(i.TIM_ITRx_SetConfig)
    TIM_ITRx_SetConfig                       0x08001dbf   Thumb Code    16  stm32f0xx_hal_tim.o(i.TIM_ITRx_SetConfig)
    i.TIM_TI1_ConfigInputStage               0x08001dce   Section        0  stm32f0xx_hal_tim.o(i.TIM_TI1_ConfigInputStage)
    TIM_TI1_ConfigInputStage                 0x08001dcf   Thumb Code    34  stm32f0xx_hal_tim.o(i.TIM_TI1_ConfigInputStage)
    i.TIM_TI2_ConfigInputStage               0x08001df0   Section        0  stm32f0xx_hal_tim.o(i.TIM_TI2_ConfigInputStage)
    TIM_TI2_ConfigInputStage                 0x08001df1   Thumb Code    38  stm32f0xx_hal_tim.o(i.TIM_TI2_ConfigInputStage)
    i.USART1_IRQHandler                      0x08001e18   Section        0  stm32f0xx_it.o(i.USART1_IRQHandler)
    i.VoltageControl                         0x08001e3c   Section        0  main.o(i.VoltageControl)
    i.VtAllOff                               0x08001e8c   Section        0  main.o(i.VtAllOff)
    i.VtDirectPolarity                       0x08001ea2   Section        0  main.o(i.VtDirectPolarity)
    i.VtReversPolarity                       0x08001eb0   Section        0  main.o(i.VtReversPolarity)
    i.WriteSettingsStructToFLASH             0x08001ebe   Section        0  settings.o(i.WriteSettingsStructToFLASH)
    i.WriteSettingsStructToRAM               0x08001ee8   Section        0  settings.o(i.WriteSettingsStructToRAM)
    i.__NVIC_EnableIRQ                       0x08001f4c   Section        0  tim.o(i.__NVIC_EnableIRQ)
    __NVIC_EnableIRQ                         0x08001f4d   Thumb Code    18  tim.o(i.__NVIC_EnableIRQ)
    i.__NVIC_SetPriority                     0x08001f64   Section        0  tim.o(i.__NVIC_SetPriority)
    __NVIC_SetPriority                       0x08001f65   Thumb Code    60  tim.o(i.__NVIC_SetPriority)
    i.__NVIC_SetPriority                     0x08001fa8   Section        0  stm32f0xx_hal_cortex.o(i.__NVIC_SetPriority)
    __NVIC_SetPriority                       0x08001fa9   Thumb Code    60  stm32f0xx_hal_cortex.o(i.__NVIC_SetPriority)
    i.adcSensLoop                            0x08001fec   Section        0  main.o(i.adcSensLoop)
    i.check_EOP                              0x080020bc   Section        0  settings.o(i.check_EOP)
    i.flash_ready                            0x080020d8   Section        0  settings.o(i.flash_ready)
    i.main                                   0x080020e8   Section        0  main.o(i.main)
    x$fpl$fadd                               0x0800223c   Section      140  faddsub.o(x$fpl$fadd)
    _fadd1                                   0x08002249   Thumb Code     0  faddsub.o(x$fpl$fadd)
    x$fpl$fmul                               0x080022c8   Section      176  fmul.o(x$fpl$fmul)
    x$fpl$fsub                               0x08002378   Section      208  faddsub.o(x$fpl$fsub)
    _fsub1                                   0x08002385   Thumb Code     0  faddsub.o(x$fpl$fsub)
    .constdata                               0x08002448   Section       28  pc_communication.o(.constdata)
    x$fpl$usenofp                            0x08002448   Section        0  usenofp.o(x$fpl$usenofp)
    .constdata                               0x08002464   Section       16  system_stm32f0xx.o(.constdata)
    .constdata                               0x08002474   Section        8  system_stm32f0xx.o(.constdata)
    .data                                    0x20000000   Section        6  modbus.o(.data)
    .data                                    0x20000006   Section        1  pc_communication.o(.data)
    .data                                    0x20000007   Section        1  settings.o(.data)
    .data                                    0x20000008   Section       20  main.o(.data)
    old_btn_state                            0x2000000e   Data           1  main.o(.data)
    new_btn_state                            0x2000000f   Data           1  main.o(.data)
    old_reg_state                            0x20000010   Data           1  main.o(.data)
    new_reg_state                            0x20000011   Data           1  main.o(.data)
    previous__di_state                       0x20000012   Data           1  main.o(.data)
    previous__ao_state                       0x20000013   Data           1  main.o(.data)
    times                                    0x2000001a   Data           2  main.o(.data)
    .data                                    0x2000001c   Section        8  stm32f0xx_it.o(.data)
    cnt                                      0x20000020   Data           4  stm32f0xx_it.o(.data)
    .data                                    0x20000024   Section       12  stm32f0xx_hal.o(.data)
    .data                                    0x20000030   Section        4  system_stm32f0xx.o(.data)
    .bss                                     0x20000034   Section      280  modbus.o(.bss)
    .bss                                     0x2000014c   Section       60  settings.o(.bss)
    .bss                                     0x20000188   Section       20  main.o(.bss)
    .bss                                     0x2000019c   Section      144  tim.o(.bss)
    .bss                                     0x2000022c   Section       96  libspace.o(.bss)
    HEAP                                     0x20000290   Section      512  startup_stm32f030x6.o(HEAP)
    Heap_Mem                                 0x20000290   Data         512  startup_stm32f030x6.o(HEAP)
    STACK                                    0x20000490   Section     1024  startup_stm32f030x6.o(STACK)
    Stack_Mem                                0x20000490   Data        1024  startup_stm32f030x6.o(STACK)
    __initial_sp                             0x20000890   Data           0  startup_stm32f030x6.o(STACK)

    Global Symbols

    Symbol Name                              Value     Ov Type        Size  Object(Section)

    BuildAttributes$$THM_ISAv3M$S$PE$A:L22$X:L11$S22$IEEE1$IW$USESV6$~STKCKD$USESV7$~SHL$OSPACE$ROPI$EBA8$UX$STANDARDLIB$REQ8$PRES8$EABIv2 0x00000000   Number         0  anon$$obj.o ABSOLUTE
    __ARM_use_no_argv                        0x00000000   Number         0  main.o ABSOLUTE
    __ARM_exceptions_init                     - Undefined Weak Reference
    __alloca_initialize                       - Undefined Weak Reference
    __arm_preinit_                            - Undefined Weak Reference
    __cpp_initialize__aeabi_                  - Undefined Weak Reference
    __cxa_finalize                            - Undefined Weak Reference
    __rt_locale                               - Undefined Weak Reference
    __sigvec_lookup                           - Undefined Weak Reference
    _atexit_init                              - Undefined Weak Reference
    _call_atexit_fns                          - Undefined Weak Reference
    _clock_init                               - Undefined Weak Reference
    _fp_trap_init                             - Undefined Weak Reference
    _fp_trap_shutdown                         - Undefined Weak Reference
    _get_lc_collate                           - Undefined Weak Reference
    _get_lc_ctype                             - Undefined Weak Reference
    _get_lc_monetary                          - Undefined Weak Reference
    _get_lc_numeric                           - Undefined Weak Reference
    _get_lc_time                              - Undefined Weak Reference
    _getenv_init                              - Undefined Weak Reference
    _handle_redirection                       - Undefined Weak Reference
    _init_alloc                               - Undefined Weak Reference
    _init_user_alloc                          - Undefined Weak Reference
    _initio                                   - Undefined Weak Reference
    _rand_init                                - Undefined Weak Reference
    _signal_finish                            - Undefined Weak Reference
    _signal_init                              - Undefined Weak Reference
    _terminate_alloc                          - Undefined Weak Reference
    _terminate_user_alloc                     - Undefined Weak Reference
    _terminateio                              - Undefined Weak Reference
    __Vectors_Size                           0x000000b8   Number         0  startup_stm32f030x6.o ABSOLUTE
    __Vectors                                0x08000000   Data           4  startup_stm32f030x6.o(RESET)
    __Vectors_End                            0x080000b8   Data           0  startup_stm32f030x6.o(RESET)
    __main                                   0x080000b9   Thumb Code     8  __main.o(!!!main)
    __scatterload                            0x080000c1   Thumb Code     0  __scatter.o(!!!scatter)
    __scatterload_rt2                        0x080000c1   Thumb Code    52  __scatter.o(!!!scatter)
    __scatterload_rt2_thumb_only             0x080000c1   Thumb Code     0  __scatter.o(!!!scatter)
    __scatterload_null                       0x080000d1   Thumb Code     0  __scatter.o(!!!scatter)
    __scatterload_copy                       0x080000fd   Thumb Code    26  __scatter_copy.o(!!handler_copy)
    __scatterload_zeroinit                   0x08000119   Thumb Code    28  __scatter_zi.o(!!handler_zi)
    __rt_lib_init                            0x08000135   Thumb Code     0  libinit.o(.ARM.Collect$$libinit$$00000000)
    __rt_lib_init_alloca_1                   0x08000137   Thumb Code     0  libinit2.o(.ARM.Collect$$libinit$$0000002E)
    __rt_lib_init_argv_1                     0x08000137   Thumb Code     0  libinit2.o(.ARM.Collect$$libinit$$0000002C)
    __rt_lib_init_atexit_1                   0x08000137   Thumb Code     0  libinit2.o(.ARM.Collect$$libinit$$0000001B)
    __rt_lib_init_clock_1                    0x08000137   Thumb Code     0  libinit2.o(.ARM.Collect$$libinit$$00000021)
    __rt_lib_init_cpp_1                      0x08000137   Thumb Code     0  libinit2.o(.ARM.Collect$$libinit$$00000032)
    __rt_lib_init_exceptions_1               0x08000137   Thumb Code     0  libinit2.o(.ARM.Collect$$libinit$$00000030)
    __rt_lib_init_fp_1                       0x08000137   Thumb Code     0  libinit2.o(.ARM.Collect$$libinit$$00000002)
    __rt_lib_init_fp_trap_1                  0x08000137   Thumb Code     0  libinit2.o(.ARM.Collect$$libinit$$0000001F)
    __rt_lib_init_getenv_1                   0x08000137   Thumb Code     0  libinit2.o(.ARM.Collect$$libinit$$00000023)
    __rt_lib_init_heap_1                     0x08000137   Thumb Code     0  libinit2.o(.ARM.Collect$$libinit$$0000000A)
    __rt_lib_init_lc_collate_1               0x08000137   Thumb Code     0  libinit2.o(.ARM.Collect$$libinit$$00000011)
    __rt_lib_init_lc_ctype_1                 0x08000137   Thumb Code     0  libinit2.o(.ARM.Collect$$libinit$$00000013)
    __rt_lib_init_lc_monetary_1              0x08000137   Thumb Code     0  libinit2.o(.ARM.Collect$$libinit$$00000015)
    __rt_lib_init_lc_numeric_1               0x08000137   Thumb Code     0  libinit2.o(.ARM.Collect$$libinit$$00000017)
    __rt_lib_init_lc_time_1                  0x08000137   Thumb Code     0  libinit2.o(.ARM.Collect$$libinit$$00000019)
    __rt_lib_init_preinit_1                  0x08000137   Thumb Code     0  libinit2.o(.ARM.Collect$$libinit$$00000004)
    __rt_lib_init_rand_1                     0x08000137   Thumb Code     0  libinit2.o(.ARM.Collect$$libinit$$0000000E)
    __rt_lib_init_return                     0x08000137   Thumb Code     0  libinit2.o(.ARM.Collect$$libinit$$00000033)
    __rt_lib_init_signal_1                   0x08000137   Thumb Code     0  libinit2.o(.ARM.Collect$$libinit$$0000001D)
    __rt_lib_init_stdio_1                    0x08000137   Thumb Code     0  libinit2.o(.ARM.Collect$$libinit$$00000025)
    __rt_lib_init_user_alloc_1               0x08000137   Thumb Code     0  libinit2.o(.ARM.Collect$$libinit$$0000000C)
    __rt_lib_shutdown                        0x08000139   Thumb Code     0  libshutdown.o(.ARM.Collect$$libshutdown$$00000000)
    __rt_lib_shutdown_cpp_1                  0x0800013b   Thumb Code     0  libshutdown2.o(.ARM.Collect$$libshutdown$$00000002)
    __rt_lib_shutdown_fp_trap_1              0x0800013b   Thumb Code     0  libshutdown2.o(.ARM.Collect$$libshutdown$$00000007)
    __rt_lib_shutdown_heap_1                 0x0800013b   Thumb Code     0  libshutdown2.o(.ARM.Collect$$libshutdown$$0000000F)
    __rt_lib_shutdown_return                 0x0800013b   Thumb Code     0  libshutdown2.o(.ARM.Collect$$libshutdown$$00000010)
    __rt_lib_shutdown_signal_1               0x0800013b   Thumb Code     0  libshutdown2.o(.ARM.Collect$$libshutdown$$0000000A)
    __rt_lib_shutdown_stdio_1                0x0800013b   Thumb Code     0  libshutdown2.o(.ARM.Collect$$libshutdown$$00000004)
    __rt_lib_shutdown_user_alloc_1           0x0800013b   Thumb Code     0  libshutdown2.o(.ARM.Collect$$libshutdown$$0000000C)
    __rt_entry                               0x0800013d   Thumb Code     0  __rtentry.o(.ARM.Collect$$rtentry$$00000000)
    __rt_entry_presh_1                       0x0800013d   Thumb Code     0  __rtentry2.o(.ARM.Collect$$rtentry$$00000002)
    __rt_entry_sh                            0x0800013d   Thumb Code     0  __rtentry4.o(.ARM.Collect$$rtentry$$00000004)
    __rt_entry_li                            0x08000143   Thumb Code     0  __rtentry2.o(.ARM.Collect$$rtentry$$0000000A)
    __rt_entry_postsh_1                      0x08000143   Thumb Code     0  __rtentry2.o(.ARM.Collect$$rtentry$$00000009)
    __rt_entry_main                          0x08000147   Thumb Code     0  __rtentry2.o(.ARM.Collect$$rtentry$$0000000D)
    __rt_entry_postli_1                      0x08000147   Thumb Code     0  __rtentry2.o(.ARM.Collect$$rtentry$$0000000C)
    __rt_exit                                0x0800014f   Thumb Code     0  rtexit.o(.ARM.Collect$$rtexit$$00000000)
    __rt_exit_ls                             0x08000151   Thumb Code     0  rtexit2.o(.ARM.Collect$$rtexit$$00000003)
    __rt_exit_prels_1                        0x08000151   Thumb Code     0  rtexit2.o(.ARM.Collect$$rtexit$$00000002)
    __rt_exit_exit                           0x08000155   Thumb Code     0  rtexit2.o(.ARM.Collect$$rtexit$$00000004)
    __aeabi_memcpy4                          0x0800015d   Thumb Code    56  rt_memcpy.o(.emb_text)
    __aeabi_memcpy8                          0x0800015d   Thumb Code     0  rt_memcpy.o(.emb_text)
    Reset_Handler                            0x08000195   Thumb Code     8  startup_stm32f030x6.o(.text)
    ADC1_IRQHandler                          0x080001a7   Thumb Code     0  startup_stm32f030x6.o(.text)
    DMA1_Channel1_IRQHandler                 0x080001a7   Thumb Code     0  startup_stm32f030x6.o(.text)
    DMA1_Channel2_3_IRQHandler               0x080001a7   Thumb Code     0  startup_stm32f030x6.o(.text)
    DMA1_Channel4_5_IRQHandler               0x080001a7   Thumb Code     0  startup_stm32f030x6.o(.text)
    EXTI0_1_IRQHandler                       0x080001a7   Thumb Code     0  startup_stm32f030x6.o(.text)
    EXTI2_3_IRQHandler                       0x080001a7   Thumb Code     0  startup_stm32f030x6.o(.text)
    EXTI4_15_IRQHandler                      0x080001a7   Thumb Code     0  startup_stm32f030x6.o(.text)
    FLASH_IRQHandler                         0x080001a7   Thumb Code     0  startup_stm32f030x6.o(.text)
    I2C1_IRQHandler                          0x080001a7   Thumb Code     0  startup_stm32f030x6.o(.text)
    RCC_IRQHandler                           0x080001a7   Thumb Code     0  startup_stm32f030x6.o(.text)
    RTC_IRQHandler                           0x080001a7   Thumb Code     0  startup_stm32f030x6.o(.text)
    SPI1_IRQHandler                          0x080001a7   Thumb Code     0  startup_stm32f030x6.o(.text)
    TIM1_BRK_UP_TRG_COM_IRQHandler           0x080001a7   Thumb Code     0  startup_stm32f030x6.o(.text)
    TIM1_CC_IRQHandler                       0x080001a7   Thumb Code     0  startup_stm32f030x6.o(.text)
    WWDG_IRQHandler                          0x080001a7   Thumb Code     0  startup_stm32f030x6.o(.text)
    __user_initial_stackheap                 0x080001a9   Thumb Code     0  startup_stm32f030x6.o(.text)
    _memset_w                                0x080001cd   Thumb Code    26  rt_memclr.o(.text)
    _memset                                  0x080001e7   Thumb Code    30  rt_memclr.o(.text)
    __aeabi_memclr                           0x08000205   Thumb Code     4  rt_memclr.o(.text)
    __rt_memclr                              0x08000205   Thumb Code     0  rt_memclr.o(.text)
    __aeabi_memclr4                          0x08000209   Thumb Code     0  rt_memclr.o(.text)
    __aeabi_memclr8                          0x08000209   Thumb Code     0  rt_memclr.o(.text)
    __rt_memclr_w                            0x08000209   Thumb Code     4  rt_memclr.o(.text)
    __aeabi_uidiv                            0x0800020d   Thumb Code     0  aeabi_sdiv.o(.text)
    __aeabi_uidivmod                         0x0800020d   Thumb Code    20  aeabi_sdiv.o(.text)
    __aeabi_idiv                             0x08000221   Thumb Code     0  aeabi_sdiv.o(.text)
    __aeabi_idivmod                          0x08000221   Thumb Code   326  aeabi_sdiv.o(.text)
    __use_two_region_memory                  0x08000367   Thumb Code     2  heapauxi.o(.text)
    __rt_heap_escrow$2region                 0x08000369   Thumb Code     2  heapauxi.o(.text)
    __rt_heap_expand$2region                 0x0800036b   Thumb Code     2  heapauxi.o(.text)
    __aeabi_f2uiz                            0x0800036d   Thumb Code     0  ffixui.o(.text)
    _ffixu                                   0x0800036d   Thumb Code    48  ffixui.o(.text)
    __aeabi_i2f_normalise                    0x0800039d   Thumb Code    72  fflti.o(.text)
    __aeabi_i2f                              0x080003e5   Thumb Code    16  fflti.o(.text)
    _fflt                                    0x080003e5   Thumb Code     0  fflti.o(.text)
    __aeabi_ui2f                             0x080003f5   Thumb Code     6  fflti.o(.text)
    _ffltu                                   0x080003f5   Thumb Code     0  fflti.o(.text)
    __user_setup_stackheap                   0x080003fb   Thumb Code    62  sys_stackheap_outer.o(.text)
    exit                                     0x08000439   Thumb Code    16  exit.o(.text)
    __user_libspace                          0x08000449   Thumb Code     8  libspace.o(.text)
    __user_perproc_libspace                  0x08000449   Thumb Code     0  libspace.o(.text)
    __user_perthread_libspace                0x08000449   Thumb Code     0  libspace.o(.text)
    _sys_exit                                0x08000451   Thumb Code     8  sys_exit.o(.text)
    __I$use$semihosting                      0x0800045d   Thumb Code     0  use_no_semi.o(.text)
    __use_no_semihosting_swi                 0x0800045d   Thumb Code     2  use_no_semi.o(.text)
    __semihosting_library_function           0x0800045f   Thumb Code     0  indicate_semi.o(.text)
    AO_Read                                  0x08000461   Thumb Code    60  main.o(i.AO_Read)
    AdcAverage                               0x080004a9   Thumb Code    32  main.o(i.AdcAverage)
    AdcConvert                               0x080004c9   Thumb Code    58  main.o(i.AdcConvert)
    AnswerRsetMCU                            0x0800050d   Thumb Code    10  pc_communication.o(i.AnswerRsetMCU)
    AnswerStartCommunication_19              0x0800051d   Thumb Code    26  pc_communication.o(i.AnswerStartCommunication_19)
    AnswerWriteSettingStruct                 0x08000539   Thumb Code    94  pc_communication.o(i.AnswerWriteSettingStruct)
    BothControlLoop                          0x080005a1   Thumb Code    78  main.o(i.BothControlLoop)
    BtnRead                                  0x08000601   Thumb Code    58  main.o(i.BtnRead)
    ChargeBootstrap                          0x08000649   Thumb Code    36  main.o(i.ChargeBootstrap)
    CheckAndWrightParameters                 0x08000675   Thumb Code    36  settings.o(i.CheckAndWrightParameters)
    CheckPCmessage                           0x0800069d   Thumb Code   120  pc_communication.o(i.CheckPCmessage)
    CheckRxBufWithMW                         0x08000719   Thumb Code    30  pc_communication.o(i.CheckRxBufWithMW)
    CheckSettingsInFLASH                     0x0800073d   Thumb Code    98  settings.o(i.CheckSettingsInFLASH)
    CoilControl                              0x080007ad   Thumb Code    82  main.o(i.CoilControl)
    Crc16                                    0x08000809   Thumb Code    48  modbus.o(i.Crc16)
    CulcCheckSum                             0x08000841   Thumb Code    94  settings.o(i.CulcCheckSum)
    CurrControl                              0x080008a1   Thumb Code    44  main.o(i.CurrControl)
    Error_Handler                            0x080008d1   Thumb Code     4  main.o(i.Error_Handler)
    FLASH_Erase_Page                         0x080008d5   Thumb Code    52  settings.o(i.FLASH_Erase_Page)
    FLASH_Lock                               0x0800090d   Thumb Code    12  settings.o(i.FLASH_Lock)
    FLASH_Program_Word                       0x0800091d   Thumb Code    68  settings.o(i.FLASH_Program_Word)
    FLASH_Unlock                             0x08000965   Thumb Code    12  settings.o(i.FLASH_Unlock)
    FillMbRegs                               0x0800097d   Thumb Code    32  main.o(i.FillMbRegs)
    HAL_IncTick                              0x080009ad   Thumb Code    12  stm32f0xx_hal.o(i.HAL_IncTick)
    HAL_Init                                 0x080009bd   Thumb Code    26  stm32f0xx_hal.o(i.HAL_Init)
    HAL_InitTick                             0x080009dd   Thumb Code    58  stm32f0xx_hal.o(i.HAL_InitTick)
    HAL_MspInit                              0x08000a21   Thumb Code    34  stm32f0xx_hal_msp.o(i.HAL_MspInit)
    HAL_NVIC_EnableIRQ                       0x08000a49   Thumb Code    18  stm32f0xx_hal_cortex.o(i.HAL_NVIC_EnableIRQ)
    HAL_NVIC_SetPriority                     0x08000a61   Thumb Code     8  stm32f0xx_hal_cortex.o(i.HAL_NVIC_SetPriority)
    HAL_SYSTICK_Config                       0x08000a69   Thumb Code    38  stm32f0xx_hal_cortex.o(i.HAL_SYSTICK_Config)
    HAL_TIMEx_BreakCallback                  0x08000a99   Thumb Code     2  stm32f0xx_hal_tim_ex.o(i.HAL_TIMEx_BreakCallback)
    HAL_TIMEx_CommutCallback                 0x08000a9b   Thumb Code     2  stm32f0xx_hal_tim_ex.o(i.HAL_TIMEx_CommutCallback)
    HAL_TIMEx_MasterConfigSynchronization    0x08000a9d   Thumb Code    72  stm32f0xx_hal_tim_ex.o(i.HAL_TIMEx_MasterConfigSynchronization)
    HAL_TIM_Base_Init                        0x08000aed   Thumb Code    72  stm32f0xx_hal_tim.o(i.HAL_TIM_Base_Init)
    HAL_TIM_Base_MspInit                     0x08000b35   Thumb Code    80  tim.o(i.HAL_TIM_Base_MspInit)
    HAL_TIM_ConfigClockSource                0x08000b91   Thumb Code   218  stm32f0xx_hal_tim.o(i.HAL_TIM_ConfigClockSource)
    HAL_TIM_IC_CaptureCallback               0x08000c6b   Thumb Code     2  stm32f0xx_hal_tim.o(i.HAL_TIM_IC_CaptureCallback)
    HAL_TIM_IRQHandler                       0x08000c6d   Thumb Code   354  stm32f0xx_hal_tim.o(i.HAL_TIM_IRQHandler)
    HAL_TIM_OC_DelayElapsedCallback          0x08000dcf   Thumb Code     2  stm32f0xx_hal_tim.o(i.HAL_TIM_OC_DelayElapsedCallback)
    HAL_TIM_PWM_PulseFinishedCallback        0x08000dd1   Thumb Code     2  stm32f0xx_hal_tim.o(i.HAL_TIM_PWM_PulseFinishedCallback)
    HAL_TIM_PeriodElapsedCallback            0x08000dd3   Thumb Code     2  stm32f0xx_hal_tim.o(i.HAL_TIM_PeriodElapsedCallback)
    HAL_TIM_TriggerCallback                  0x08000dd5   Thumb Code     2  stm32f0xx_hal_tim.o(i.HAL_TIM_TriggerCallback)
    HardFault_Handler                        0x08000dd7   Thumb Code     2  stm32f0xx_it.o(i.HardFault_Handler)
    LL_ADC_Init                              0x08000dd9   Thumb Code    52  stm32f0xx_ll_adc.o(i.LL_ADC_Init)
    LL_ADC_REG_Init                          0x08000e11   Thumb Code    46  stm32f0xx_ll_adc.o(i.LL_ADC_REG_Init)
    LL_GPIO_Init                             0x08000e5d   Thumb Code   172  stm32f0xx_ll_gpio.o(i.LL_GPIO_Init)
    LL_RCC_GetUSARTClockFreq                 0x08000f09   Thumb Code    76  stm32f0xx_ll_rcc.o(i.LL_RCC_GetUSARTClockFreq)
    LL_SetSystemCoreClock                    0x08000f5d   Thumb Code     6  stm32f0xx_ll_utils.o(i.LL_SetSystemCoreClock)
    LL_TIM_Init                              0x08000f69   Thumb Code    98  stm32f0xx_ll_tim.o(i.LL_TIM_Init)
    LL_USART_Init                            0x08000fe1   Thumb Code   140  stm32f0xx_ll_usart.o(i.LL_USART_Init)
    MX_ADC_Init                              0x08001079   Thumb Code   198  adc.o(i.MX_ADC_Init)
    MX_GPIO_Init                             0x08001149   Thumb Code   222  gpio.o(i.MX_GPIO_Init)
    MX_IWDG_Init                             0x08001231   Thumb Code    30  iwdg.o(i.MX_IWDG_Init)
    MX_TIM14_Init                            0x08001265   Thumb Code    84  tim.o(i.MX_TIM14_Init)
    MX_TIM16_Init                            0x080012c1   Thumb Code    86  tim.o(i.MX_TIM16_Init)
    MX_TIM17_Init                            0x08001325   Thumb Code    42  tim.o(i.MX_TIM17_Init)
    MX_TIM3_Init                             0x08001359   Thumb Code    98  tim.o(i.MX_TIM3_Init)
    MX_USART1_UART_Init                      0x080013c9   Thumb Code   208  usart.o(i.MX_USART1_UART_Init)
    ModbusCheckMsg                           0x080014ad   Thumb Code   340  modbus.o(i.ModbusCheckMsg)
    ModbusCreateMsg01                        0x08001619   Thumb Code    10  modbus.o(i.ModbusCreateMsg01)
    ModbusCreateMsg02                        0x08001625   Thumb Code    82  modbus.o(i.ModbusCreateMsg02)
    ModbusCreateMsg03                        0x08001685   Thumb Code   110  modbus.o(i.ModbusCreateMsg03)
    ModbusCreateMsg05                        0x080016fd   Thumb Code    10  modbus.o(i.ModbusCreateMsg05)
    ModbusCreateMsg06                        0x08001709   Thumb Code    66  modbus.o(i.ModbusCreateMsg06)
    ModbusCreateMsg16                        0x08001755   Thumb Code   108  modbus.o(i.ModbusCreateMsg16)
    ModbusCreateMsgError                     0x080017c9   Thumb Code    20  modbus.o(i.ModbusCreateMsgError)
    ModbusSendMsg                            0x080017e5   Thumb Code    68  modbus.o(i.ModbusSendMsg)
    ModbusTaskLoop                           0x08001835   Thumb Code    20  modbus.o(i.ModbusTaskLoop)
    ModbusTimInterruptHandler                0x0800184d   Thumb Code    40  modbus.o(i.ModbusTimInterruptHandler)
    ModbusUartIntRxHandler                   0x0800187d   Thumb Code    66  modbus.o(i.ModbusUartIntRxHandler)
    ModbusUartIntTxHandler                   0x080018cd   Thumb Code    78  modbus.o(i.ModbusUartIntTxHandler)
    NMI_Handler                              0x08001929   Thumb Code     2  stm32f0xx_it.o(i.NMI_Handler)
    PendSV_Handler                           0x0800192b   Thumb Code     2  stm32f0xx_it.o(i.PendSV_Handler)
    RCC_GetHCLKClockFreq                     0x0800192d   Thumb Code    18  stm32f0xx_ll_rcc.o(i.RCC_GetHCLKClockFreq)
    RCC_GetPCLK1ClockFreq                    0x08001949   Thumb Code    16  stm32f0xx_ll_rcc.o(i.RCC_GetPCLK1ClockFreq)
    RCC_GetSystemClockFreq                   0x08001961   Thumb Code    28  stm32f0xx_ll_rcc.o(i.RCC_GetSystemClockFreq)
    RCC_PLL_GetFreqDomain_SYS                0x08001985   Thumb Code    50  stm32f0xx_ll_rcc.o(i.RCC_PLL_GetFreqDomain_SYS)
    ReadAndSendAllSettings                   0x080019c1   Thumb Code    30  pc_communication.o(i.ReadAndSendAllSettings)
    ReadSerialNumber                         0x080019e5   Thumb Code     8  pc_communication.o(i.ReadSerialNumber)
    ReadSettingsStruct                       0x080019f1   Thumb Code   158  settings.o(i.ReadSettingsStruct)
    SVC_Handler                              0x08001a8f   Thumb Code     2  stm32f0xx_it.o(i.SVC_Handler)
    SetDelay                                 0x08001a91   Thumb Code    16  modbus.o(i.SetDelay)
    SetManufactureSettings                   0x08001aa9   Thumb Code    76  settings.o(i.SetManufactureSettings)
    SysTick_Handler                          0x08001afd   Thumb Code     8  stm32f0xx_it.o(i.SysTick_Handler)
    SystemClock_Config                       0x08001b05   Thumb Code   208  main.o(i.SystemClock_Config)
    SystemInit                               0x08001be1   Thumb Code     2  system_stm32f0xx.o(i.SystemInit)
    TIM14_IRQHandler                         0x08001be5   Thumb Code    18  stm32f0xx_it.o(i.TIM14_IRQHandler)
    TIM16_IRQHandler                         0x08001bfd   Thumb Code    68  stm32f0xx_it.o(i.TIM16_IRQHandler)
    TIM17_IRQHandler                         0x08001c51   Thumb Code   122  stm32f0xx_it.o(i.TIM17_IRQHandler)
    TIM3_IRQHandler                          0x08001ce9   Thumb Code    52  stm32f0xx_it.o(i.TIM3_IRQHandler)
    TIM_Base_SetConfig                       0x08001d2d   Thumb Code   102  stm32f0xx_hal_tim.o(i.TIM_Base_SetConfig)
    TIM_ETR_SetConfig                        0x08001da9   Thumb Code    22  stm32f0xx_hal_tim.o(i.TIM_ETR_SetConfig)
    USART1_IRQHandler                        0x08001e19   Thumb Code    32  stm32f0xx_it.o(i.USART1_IRQHandler)
    VoltageControl                           0x08001e3d   Thumb Code    68  main.o(i.VoltageControl)
    VtAllOff                                 0x08001e8d   Thumb Code    22  main.o(i.VtAllOff)
    VtDirectPolarity                         0x08001ea3   Thumb Code    14  main.o(i.VtDirectPolarity)
    VtReversPolarity                         0x08001eb1   Thumb Code    14  main.o(i.VtReversPolarity)
    WriteSettingsStructToFLASH               0x08001ebf   Thumb Code    40  settings.o(i.WriteSettingsStructToFLASH)
    WriteSettingsStructToRAM                 0x08001ee9   Thumb Code    94  settings.o(i.WriteSettingsStructToRAM)
    adcSensLoop                              0x08001fed   Thumb Code   172  main.o(i.adcSensLoop)
    check_EOP                                0x080020bd   Thumb Code    24  settings.o(i.check_EOP)
    flash_ready                              0x080020d9   Thumb Code    12  settings.o(i.flash_ready)
    main                                     0x080020e9   Thumb Code   278  main.o(i.main)
    __aeabi_fadd                             0x0800223d   Thumb Code     0  faddsub.o(x$fpl$fadd)
    _fadd                                    0x0800223d   Thumb Code   134  faddsub.o(x$fpl$fadd)
    __aeabi_fmul                             0x080022c9   Thumb Code     0  fmul.o(x$fpl$fmul)
    _fmul                                    0x080022c9   Thumb Code   172  fmul.o(x$fpl$fmul)
    __aeabi_fsub                             0x08002379   Thumb Code     0  faddsub.o(x$fpl$fsub)
    _fsub                                    0x08002379   Thumb Code   204  faddsub.o(x$fpl$fsub)
    __I$use$fp                               0x08002448   Number         0  usenofp.o(x$fpl$usenofp)
    magic_word                               0x08002448   Data          28  pc_communication.o(.constdata)
    AHBPrescTable                            0x08002464   Data          16  system_stm32f0xx.o(.constdata)
    APBPrescTable                            0x08002474   Data           8  system_stm32f0xx.o(.constdata)
    Region$$Table$$Base                      0x0800247c   Number         0  anon$$obj.o(Region$$Table)
    Region$$Table$$Limit                     0x0800249c   Number         0  anon$$obj.o(Region$$Table)
    Own_ID                                   0x20000000   Data           1  modbus.o(.data)
    DO_Registers                             0x20000002   Data           2  modbus.o(.data)
    DI_Registers                             0x20000004   Data           2  modbus.o(.data)
    reset_flag                               0x20000006   Data           1  pc_communication.o(.data)
    current_work_mode                        0x20000007   Data           1  settings.o(.data)
    current_coil_state                       0x20000008   Data           1  main.o(.data)
    previous_coil_state                      0x20000009   Data           1  main.o(.data)
    btsp_flag                                0x2000000a   Data           1  main.o(.data)
    cmt_flag                                 0x2000000b   Data           1  main.o(.data)
    busy_flag                                0x2000000c   Data           1  main.o(.data)
    cant_change_flag                         0x2000000d   Data           1  main.o(.data)
    Vin_voltage                              0x20000014   Data           2  main.o(.data)
    Vcoil_voltage                            0x20000016   Data           2  main.o(.data)
    Icoil_current                            0x20000018   Data           2  main.o(.data)
    programming_seconds                      0x2000001c   Data           2  stm32f0xx_it.o(.data)
    uwTickFreq                               0x20000024   Data           1  stm32f0xx_hal.o(.data)
    uwTickPrio                               0x20000028   Data           4  stm32f0xx_hal.o(.data)
    uwTick                                   0x2000002c   Data           4  stm32f0xx_hal.o(.data)
    SystemCoreClock                          0x20000030   Data           4  system_stm32f0xx.o(.data)
    MODBUS                                   0x20000034   Data         268  modbus.o(.bss)
    AO_Registers                             0x20000140   Data          12  modbus.o(.bss)
    Settings_struct                          0x2000014c   Data          60  settings.o(.bss)
    ADC_data                                 0x20000188   Data          20  main.o(.bss)
    htim3                                    0x2000019c   Data          72  tim.o(.bss)
    htim17                                   0x200001e4   Data          72  tim.o(.bss)
    __libspace_start                         0x2000022c   Data          96  libspace.o(.bss)
    __temporary_stack_top$libspace           0x2000028c   Data           0  libspace.o(.bss)



==============================================================================

Memory Map of the image

  Image Entry point : 0x080000b9

  Load Region LR_IROM1 (Base: 0x08000000, Size: 0x000024d0, Max: 0x00004000, ABSOLUTE)

    Execution Region ER_IROM1 (Exec base: 0x08000000, Load base: 0x08000000, Size: 0x0000249c, Max: 0x00004000, ABSOLUTE)

    Exec Addr    Load Addr    Size         Type   Attr      Idx    E Section Name        Object

    0x08000000   0x08000000   0x000000b8   Data   RO            3    RESET               startup_stm32f030x6.o
    0x080000b8   0x080000b8   0x00000008   Code   RO         3795  * !!!main             c_p.l(__main.o)
    0x080000c0   0x080000c0   0x0000003c   Code   RO         3981    !!!scatter          c_p.l(__scatter.o)
    0x080000fc   0x080000fc   0x0000001a   Code   RO         3983    !!handler_copy      c_p.l(__scatter_copy.o)
    0x08000116   0x08000116   0x00000002   PAD
    0x08000118   0x08000118   0x0000001c   Code   RO         3985    !!handler_zi        c_p.l(__scatter_zi.o)
    0x08000134   0x08000134   0x00000002   Code   RO         3850    .ARM.Collect$$libinit$$00000000  c_p.l(libinit.o)
    0x08000136   0x08000136   0x00000000   Code   RO         3864    .ARM.Collect$$libinit$$00000002  c_p.l(libinit2.o)
    0x08000136   0x08000136   0x00000000   Code   RO         3866    .ARM.Collect$$libinit$$00000004  c_p.l(libinit2.o)
    0x08000136   0x08000136   0x00000000   Code   RO         3869    .ARM.Collect$$libinit$$0000000A  c_p.l(libinit2.o)
    0x08000136   0x08000136   0x00000000   Code   RO         3871    .ARM.Collect$$libinit$$0000000C  c_p.l(libinit2.o)
    0x08000136   0x08000136   0x00000000   Code   RO         3873    .ARM.Collect$$libinit$$0000000E  c_p.l(libinit2.o)
    0x08000136   0x08000136   0x00000000   Code   RO         3876    .ARM.Collect$$libinit$$00000011  c_p.l(libinit2.o)
    0x08000136   0x08000136   0x00000000   Code   RO         3878    .ARM.Collect$$libinit$$00000013  c_p.l(libinit2.o)
    0x08000136   0x08000136   0x00000000   Code   RO         3880    .ARM.Collect$$libinit$$00000015  c_p.l(libinit2.o)
    0x08000136   0x08000136   0x00000000   Code   RO         3882    .ARM.Collect$$libinit$$00000017  c_p.l(libinit2.o)
    0x08000136   0x08000136   0x00000000   Code   RO         3884    .ARM.Collect$$libinit$$00000019  c_p.l(libinit2.o)
    0x08000136   0x08000136   0x00000000   Code   RO         3886    .ARM.Collect$$libinit$$0000001B  c_p.l(libinit2.o)
    0x08000136   0x08000136   0x00000000   Code   RO         3888    .ARM.Collect$$libinit$$0000001D  c_p.l(libinit2.o)
    0x08000136   0x08000136   0x00000000   Code   RO         3890    .ARM.Collect$$libinit$$0000001F  c_p.l(libinit2.o)
    0x08000136   0x08000136   0x00000000   Code   RO         3892    .ARM.Collect$$libinit$$00000021  c_p.l(libinit2.o)
    0x08000136   0x08000136   0x00000000   Code   RO         3894    .ARM.Collect$$libinit$$00000023  c_p.l(libinit2.o)
    0x08000136   0x08000136   0x00000000   Code   RO         3896    .ARM.Collect$$libinit$$00000025  c_p.l(libinit2.o)
    0x08000136   0x08000136   0x00000000   Code   RO         3900    .ARM.Collect$$libinit$$0000002C  c_p.l(libinit2.o)
    0x08000136   0x08000136   0x00000000   Code   RO         3902    .ARM.Collect$$libinit$$0000002E  c_p.l(libinit2.o)
    0x08000136   0x08000136   0x00000000   Code   RO         3904    .ARM.Collect$$libinit$$00000030  c_p.l(libinit2.o)
    0x08000136   0x08000136   0x00000000   Code   RO         3906    .ARM.Collect$$libinit$$00000032  c_p.l(libinit2.o)
    0x08000136   0x08000136   0x00000002   Code   RO         3907    .ARM.Collect$$libinit$$00000033  c_p.l(libinit2.o)
    0x08000138   0x08000138   0x00000002   Code   RO         3938    .ARM.Collect$$libshutdown$$00000000  c_p.l(libshutdown.o)
    0x0800013a   0x0800013a   0x00000000   Code   RO         3964    .ARM.Collect$$libshutdown$$00000002  c_p.l(libshutdown2.o)
    0x0800013a   0x0800013a   0x00000000   Code   RO         3966    .ARM.Collect$$libshutdown$$00000004  c_p.l(libshutdown2.o)
    0x0800013a   0x0800013a   0x00000000   Code   RO         3969    .ARM.Collect$$libshutdown$$00000007  c_p.l(libshutdown2.o)
    0x0800013a   0x0800013a   0x00000000   Code   RO         3972    .ARM.Collect$$libshutdown$$0000000A  c_p.l(libshutdown2.o)
    0x0800013a   0x0800013a   0x00000000   Code   RO         3974    .ARM.Collect$$libshutdown$$0000000C  c_p.l(libshutdown2.o)
    0x0800013a   0x0800013a   0x00000000   Code   RO         3977    .ARM.Collect$$libshutdown$$0000000F  c_p.l(libshutdown2.o)
    0x0800013a   0x0800013a   0x00000002   Code   RO         3978    .ARM.Collect$$libshutdown$$00000010  c_p.l(libshutdown2.o)
    0x0800013c   0x0800013c   0x00000000   Code   RO         3809    .ARM.Collect$$rtentry$$00000000  c_p.l(__rtentry.o)
    0x0800013c   0x0800013c   0x00000000   Code   RO         3820    .ARM.Collect$$rtentry$$00000002  c_p.l(__rtentry2.o)
    0x0800013c   0x0800013c   0x00000006   Code   RO         3832    .ARM.Collect$$rtentry$$00000004  c_p.l(__rtentry4.o)
    0x08000142   0x08000142   0x00000000   Code   RO         3822    .ARM.Collect$$rtentry$$00000009  c_p.l(__rtentry2.o)
    0x08000142   0x08000142   0x00000004   Code   RO         3823    .ARM.Collect$$rtentry$$0000000A  c_p.l(__rtentry2.o)
    0x08000146   0x08000146   0x00000000   Code   RO         3825    .ARM.Collect$$rtentry$$0000000C  c_p.l(__rtentry2.o)
    0x08000146   0x08000146   0x00000008   Code   RO         3826    .ARM.Collect$$rtentry$$0000000D  c_p.l(__rtentry2.o)
    0x0800014e   0x0800014e   0x00000002   Code   RO         3855    .ARM.Collect$$rtexit$$00000000  c_p.l(rtexit.o)
    0x08000150   0x08000150   0x00000000   Code   RO         3911    .ARM.Collect$$rtexit$$00000002  c_p.l(rtexit2.o)
    0x08000150   0x08000150   0x00000004   Code   RO         3912    .ARM.Collect$$rtexit$$00000003  c_p.l(rtexit2.o)
    0x08000154   0x08000154   0x00000006   Code   RO         3913    .ARM.Collect$$rtexit$$00000004  c_p.l(rtexit2.o)
    0x0800015a   0x0800015a   0x00000002   PAD
    0x0800015c   0x0800015c   0x00000038   Code   RO         3783    .emb_text           c_p.l(rt_memcpy.o)
    0x08000194   0x08000194   0x00000038   Code   RO            4    .text               startup_stm32f030x6.o
    0x080001cc   0x080001cc   0x00000040   Code   RO         3787    .text               c_p.l(rt_memclr.o)
    0x0800020c   0x0800020c   0x0000015a   Code   RO         3789    .text               c_p.l(aeabi_sdiv.o)
    0x08000366   0x08000366   0x00000006   Code   RO         3793    .text               c_p.l(heapauxi.o)
    0x0800036c   0x0800036c   0x00000030   Code   RO         3803    .text               fz_ps.l(ffixui.o)
    0x0800039c   0x0800039c   0x0000005e   Code   RO         3805    .text               fz_ps.l(fflti.o)
    0x080003fa   0x080003fa   0x0000003e   Code   RO         3836    .text               c_p.l(sys_stackheap_outer.o)
    0x08000438   0x08000438   0x00000010   Code   RO         3839    .text               c_p.l(exit.o)
    0x08000448   0x08000448   0x00000008   Code   RO         3851    .text               c_p.l(libspace.o)
    0x08000450   0x08000450   0x0000000c   Code   RO         3908    .text               c_p.l(sys_exit.o)
    0x0800045c   0x0800045c   0x00000002   Code   RO         3927    .text               c_p.l(use_no_semi.o)
    0x0800045e   0x0800045e   0x00000000   Code   RO         3929    .text               c_p.l(indicate_semi.o)
    0x0800045e   0x0800045e   0x00000002   PAD
    0x08000460   0x08000460   0x00000048   Code   RO          474    i.AO_Read           main.o
    0x080004a8   0x080004a8   0x00000020   Code   RO          475    i.AdcAverage        main.o
    0x080004c8   0x080004c8   0x00000044   Code   RO          476    i.AdcConvert        main.o
    0x0800050c   0x0800050c   0x00000010   Code   RO          274    i.AnswerRsetMCU     pc_communication.o
    0x0800051c   0x0800051c   0x0000001a   Code   RO          275    i.AnswerStartCommunication_19  pc_communication.o
    0x08000536   0x08000536   0x00000002   PAD
    0x08000538   0x08000538   0x00000068   Code   RO          276    i.AnswerWriteSettingStruct  pc_communication.o
    0x080005a0   0x080005a0   0x00000060   Code   RO          477    i.BothControlLoop   main.o
    0x08000600   0x08000600   0x00000048   Code   RO          478    i.BtnRead           main.o
    0x08000648   0x08000648   0x0000002c   Code   RO          479    i.ChargeBootstrap   main.o
    0x08000674   0x08000674   0x00000028   Code   RO          337    i.CheckAndWrightParameters  settings.o
    0x0800069c   0x0800069c   0x0000007c   Code   RO          277    i.CheckPCmessage    pc_communication.o
    0x08000718   0x08000718   0x00000024   Code   RO          278    i.CheckRxBufWithMW  pc_communication.o
    0x0800073c   0x0800073c   0x00000070   Code   RO          338    i.CheckSettingsInFLASH  settings.o
    0x080007ac   0x080007ac   0x0000005c   Code   RO          480    i.CoilControl       main.o
    0x08000808   0x08000808   0x00000038   Code   RO           12    i.Crc16             modbus.o
    0x08000840   0x08000840   0x0000005e   Code   RO          339    i.CulcCheckSum      settings.o
    0x0800089e   0x0800089e   0x00000002   PAD
    0x080008a0   0x080008a0   0x00000030   Code   RO          481    i.CurrControl       main.o
    0x080008d0   0x080008d0   0x00000004   Code   RO          482    i.Error_Handler     main.o
    0x080008d4   0x080008d4   0x00000038   Code   RO          340    i.FLASH_Erase_Page  settings.o
    0x0800090c   0x0800090c   0x00000010   Code   RO          341    i.FLASH_Lock        settings.o
    0x0800091c   0x0800091c   0x00000048   Code   RO          342    i.FLASH_Program_Word  settings.o
    0x08000964   0x08000964   0x00000018   Code   RO          343    i.FLASH_Unlock      settings.o
    0x0800097c   0x0800097c   0x00000030   Code   RO          484    i.FillMbRegs        main.o
    0x080009ac   0x080009ac   0x00000010   Code   RO         1389    i.HAL_IncTick       stm32f0xx_hal.o
    0x080009bc   0x080009bc   0x00000020   Code   RO         1390    i.HAL_Init          stm32f0xx_hal.o
    0x080009dc   0x080009dc   0x00000044   Code   RO         1391    i.HAL_InitTick      stm32f0xx_hal.o
    0x08000a20   0x08000a20   0x00000028   Code   RO          913    i.HAL_MspInit       stm32f0xx_hal_msp.o
    0x08000a48   0x08000a48   0x00000018   Code   RO         2190    i.HAL_NVIC_EnableIRQ  stm32f0xx_hal_cortex.o
    0x08000a60   0x08000a60   0x00000008   Code   RO         2194    i.HAL_NVIC_SetPriority  stm32f0xx_hal_cortex.o
    0x08000a68   0x08000a68   0x00000030   Code   RO         2198    i.HAL_SYSTICK_Config  stm32f0xx_hal_cortex.o
    0x08000a98   0x08000a98   0x00000002   Code   RO         3322    i.HAL_TIMEx_BreakCallback  stm32f0xx_hal_tim_ex.o
    0x08000a9a   0x08000a9a   0x00000002   Code   RO         3323    i.HAL_TIMEx_CommutCallback  stm32f0xx_hal_tim_ex.o
    0x08000a9c   0x08000a9c   0x00000050   Code   RO         3341    i.HAL_TIMEx_MasterConfigSynchronization  stm32f0xx_hal_tim_ex.o
    0x08000aec   0x08000aec   0x00000048   Code   RO         2622    i.HAL_TIM_Base_Init  stm32f0xx_hal_tim.o
    0x08000b34   0x08000b34   0x0000005c   Code   RO          722    i.HAL_TIM_Base_MspInit  tim.o
    0x08000b90   0x08000b90   0x000000da   Code   RO         2631    i.HAL_TIM_ConfigClockSource  stm32f0xx_hal_tim.o
    0x08000c6a   0x08000c6a   0x00000002   Code   RO         2656    i.HAL_TIM_IC_CaptureCallback  stm32f0xx_hal_tim.o
    0x08000c6c   0x08000c6c   0x00000162   Code   RO         2670    i.HAL_TIM_IRQHandler  stm32f0xx_hal_tim.o
    0x08000dce   0x08000dce   0x00000002   Code   RO         2673    i.HAL_TIM_OC_DelayElapsedCallback  stm32f0xx_hal_tim.o
    0x08000dd0   0x08000dd0   0x00000002   Code   RO         2700    i.HAL_TIM_PWM_PulseFinishedCallback  stm32f0xx_hal_tim.o
    0x08000dd2   0x08000dd2   0x00000002   Code   RO         2708    i.HAL_TIM_PeriodElapsedCallback  stm32f0xx_hal_tim.o
    0x08000dd4   0x08000dd4   0x00000002   Code   RO         2713    i.HAL_TIM_TriggerCallback  stm32f0xx_hal_tim.o
    0x08000dd6   0x08000dd6   0x00000002   Code   RO          823    i.HardFault_Handler  stm32f0xx_it.o
    0x08000dd8   0x08000dd8   0x00000038   Code   RO          983    i.LL_ADC_Init       stm32f0xx_ll_adc.o
    0x08000e10   0x08000e10   0x00000034   Code   RO          984    i.LL_ADC_REG_Init   stm32f0xx_ll_adc.o
    0x08000e44   0x08000e44   0x00000018   Code   RO          641    i.LL_AHB1_GRP1_EnableClock  gpio.o
    0x08000e5c   0x08000e5c   0x000000ac   Code   RO          936    i.LL_GPIO_Init      stm32f0xx_ll_gpio.o
    0x08000f08   0x08000f08   0x00000054   Code   RO         1077    i.LL_RCC_GetUSARTClockFreq  stm32f0xx_ll_rcc.o
    0x08000f5c   0x08000f5c   0x0000000c   Code   RO         1142    i.LL_SetSystemCoreClock  stm32f0xx_ll_utils.o
    0x08000f68   0x08000f68   0x00000078   Code   RO         3594    i.LL_TIM_Init       stm32f0xx_ll_tim.o
    0x08000fe0   0x08000fe0   0x00000098   Code   RO         3701    i.LL_USART_Init     stm32f0xx_ll_usart.o
    0x08001078   0x08001078   0x000000d0   Code   RO          672    i.MX_ADC_Init       adc.o
    0x08001148   0x08001148   0x000000e8   Code   RO          642    i.MX_GPIO_Init      gpio.o
    0x08001230   0x08001230   0x00000034   Code   RO          698    i.MX_IWDG_Init      iwdg.o
    0x08001264   0x08001264   0x0000005c   Code   RO          723    i.MX_TIM14_Init     tim.o
    0x080012c0   0x080012c0   0x00000064   Code   RO          724    i.MX_TIM16_Init     tim.o
    0x08001324   0x08001324   0x00000034   Code   RO          725    i.MX_TIM17_Init     tim.o
    0x08001358   0x08001358   0x00000070   Code   RO          726    i.MX_TIM3_Init      tim.o
    0x080013c8   0x080013c8   0x000000e4   Code   RO          796    i.MX_USART1_UART_Init  usart.o
    0x080014ac   0x080014ac   0x0000016c   Code   RO           13    i.ModbusCheckMsg    modbus.o
    0x08001618   0x08001618   0x0000000a   Code   RO           14    i.ModbusCreateMsg01  modbus.o
    0x08001622   0x08001622   0x00000002   PAD
    0x08001624   0x08001624   0x00000060   Code   RO           15    i.ModbusCreateMsg02  modbus.o
    0x08001684   0x08001684   0x00000078   Code   RO           16    i.ModbusCreateMsg03  modbus.o
    0x080016fc   0x080016fc   0x0000000a   Code   RO           18    i.ModbusCreateMsg05  modbus.o
    0x08001706   0x08001706   0x00000002   PAD
    0x08001708   0x08001708   0x0000004c   Code   RO           19    i.ModbusCreateMsg06  modbus.o
    0x08001754   0x08001754   0x00000074   Code   RO           21    i.ModbusCreateMsg16  modbus.o
    0x080017c8   0x080017c8   0x0000001c   Code   RO           22    i.ModbusCreateMsgError  modbus.o
    0x080017e4   0x080017e4   0x00000050   Code   RO           23    i.ModbusSendMsg     modbus.o
    0x08001834   0x08001834   0x00000018   Code   RO           24    i.ModbusTaskLoop    modbus.o
    0x0800184c   0x0800184c   0x00000030   Code   RO           25    i.ModbusTimInterruptHandler  modbus.o
    0x0800187c   0x0800187c   0x00000050   Code   RO           26    i.ModbusUartIntRxHandler  modbus.o
    0x080018cc   0x080018cc   0x0000005c   Code   RO           27    i.ModbusUartIntTxHandler  modbus.o
    0x08001928   0x08001928   0x00000002   Code   RO          824    i.NMI_Handler       stm32f0xx_it.o
    0x0800192a   0x0800192a   0x00000002   Code   RO          825    i.PendSV_Handler    stm32f0xx_it.o
    0x0800192c   0x0800192c   0x0000001c   Code   RO         1078    i.RCC_GetHCLKClockFreq  stm32f0xx_ll_rcc.o
    0x08001948   0x08001948   0x00000018   Code   RO         1079    i.RCC_GetPCLK1ClockFreq  stm32f0xx_ll_rcc.o
    0x08001960   0x08001960   0x00000024   Code   RO         1080    i.RCC_GetSystemClockFreq  stm32f0xx_ll_rcc.o
    0x08001984   0x08001984   0x0000003c   Code   RO         1081    i.RCC_PLL_GetFreqDomain_SYS  stm32f0xx_ll_rcc.o
    0x080019c0   0x080019c0   0x00000024   Code   RO          279    i.ReadAndSendAllSettings  pc_communication.o
    0x080019e4   0x080019e4   0x0000000c   Code   RO          280    i.ReadSerialNumber  pc_communication.o
    0x080019f0   0x080019f0   0x0000009e   Code   RO          344    i.ReadSettingsStruct  settings.o
    0x08001a8e   0x08001a8e   0x00000002   Code   RO          826    i.SVC_Handler       stm32f0xx_it.o
    0x08001a90   0x08001a90   0x00000018   Code   RO           28    i.SetDelay          modbus.o
    0x08001aa8   0x08001aa8   0x00000054   Code   RO          345    i.SetManufactureSettings  settings.o
    0x08001afc   0x08001afc   0x00000008   Code   RO          827    i.SysTick_Handler   stm32f0xx_it.o
    0x08001b04   0x08001b04   0x000000dc   Code   RO          486    i.SystemClock_Config  main.o
    0x08001be0   0x08001be0   0x00000002   Code   RO         3746    i.SystemInit        system_stm32f0xx.o
    0x08001be2   0x08001be2   0x00000002   PAD
    0x08001be4   0x08001be4   0x00000018   Code   RO          828    i.TIM14_IRQHandler  stm32f0xx_it.o
    0x08001bfc   0x08001bfc   0x00000054   Code   RO          829    i.TIM16_IRQHandler  stm32f0xx_it.o
    0x08001c50   0x08001c50   0x00000098   Code   RO          830    i.TIM17_IRQHandler  stm32f0xx_it.o
    0x08001ce8   0x08001ce8   0x00000044   Code   RO          831    i.TIM3_IRQHandler   stm32f0xx_it.o
    0x08001d2c   0x08001d2c   0x0000007c   Code   RO         2715    i.TIM_Base_SetConfig  stm32f0xx_hal_tim.o
    0x08001da8   0x08001da8   0x00000016   Code   RO         2726    i.TIM_ETR_SetConfig  stm32f0xx_hal_tim.o
    0x08001dbe   0x08001dbe   0x00000010   Code   RO         2727    i.TIM_ITRx_SetConfig  stm32f0xx_hal_tim.o
    0x08001dce   0x08001dce   0x00000022   Code   RO         2733    i.TIM_TI1_ConfigInputStage  stm32f0xx_hal_tim.o
    0x08001df0   0x08001df0   0x00000026   Code   RO         2735    i.TIM_TI2_ConfigInputStage  stm32f0xx_hal_tim.o
    0x08001e16   0x08001e16   0x00000002   PAD
    0x08001e18   0x08001e18   0x00000024   Code   RO          832    i.USART1_IRQHandler  stm32f0xx_it.o
    0x08001e3c   0x08001e3c   0x00000050   Code   RO          487    i.VoltageControl    main.o
    0x08001e8c   0x08001e8c   0x00000016   Code   RO          488    i.VtAllOff          main.o
    0x08001ea2   0x08001ea2   0x0000000e   Code   RO          489    i.VtDirectPolarity  main.o
    0x08001eb0   0x08001eb0   0x0000000e   Code   RO          490    i.VtReversPolarity  main.o
    0x08001ebe   0x08001ebe   0x00000028   Code   RO          346    i.WriteSettingsStructToFLASH  settings.o
    0x08001ee6   0x08001ee6   0x00000002   PAD
    0x08001ee8   0x08001ee8   0x00000064   Code   RO          347    i.WriteSettingsStructToRAM  settings.o
    0x08001f4c   0x08001f4c   0x00000018   Code   RO          727    i.__NVIC_EnableIRQ  tim.o
    0x08001f64   0x08001f64   0x00000044   Code   RO          728    i.__NVIC_SetPriority  tim.o
    0x08001fa8   0x08001fa8   0x00000044   Code   RO         2200    i.__NVIC_SetPriority  stm32f0xx_hal_cortex.o
    0x08001fec   0x08001fec   0x000000d0   Code   RO          491    i.adcSensLoop       main.o
    0x080020bc   0x080020bc   0x0000001c   Code   RO          348    i.check_EOP         settings.o
    0x080020d8   0x080020d8   0x00000010   Code   RO          349    i.flash_ready       settings.o
    0x080020e8   0x080020e8   0x00000154   Code   RO          492    i.main              main.o
    0x0800223c   0x0800223c   0x0000008c   Code   RO         3797    x$fpl$fadd          fz_ps.l(faddsub.o)
    0x080022c8   0x080022c8   0x000000b0   Code   RO         3807    x$fpl$fmul          fz_ps.l(fmul.o)
    0x08002378   0x08002378   0x000000d0   Code   RO         3799    x$fpl$fsub          fz_ps.l(faddsub.o)
    0x08002448   0x08002448   0x00000000   Code   RO         3818    x$fpl$usenofp       fz_ps.l(usenofp.o)
    0x08002448   0x08002448   0x0000001c   Data   RO          281    .constdata          pc_communication.o
    0x08002464   0x08002464   0x00000010   Data   RO         3747    .constdata          system_stm32f0xx.o
    0x08002474   0x08002474   0x00000008   Data   RO         3748    .constdata          system_stm32f0xx.o
    0x0800247c   0x0800247c   0x00000020   Data   RO         3979    Region$$Table       anon$$obj.o


    Execution Region RW_IRAM1 (Exec base: 0x20000000, Load base: 0x0800249c, Size: 0x00000890, Max: 0x00001000, ABSOLUTE)

    Exec Addr    Load Addr    Size         Type   Attr      Idx    E Section Name        Object

    0x20000000   0x0800249c   0x00000006   Data   RW           30    .data               modbus.o
    0x20000006   0x080024a2   0x00000001   Data   RW          282    .data               pc_communication.o
    0x20000007   0x080024a3   0x00000001   Data   RW          351    .data               settings.o
    0x20000008   0x080024a4   0x00000014   Data   RW          494    .data               main.o
    0x2000001c   0x080024b8   0x00000008   Data   RW          833    .data               stm32f0xx_it.o
    0x20000024   0x080024c0   0x0000000c   Data   RW         1397    .data               stm32f0xx_hal.o
    0x20000030   0x080024cc   0x00000004   Data   RW         3749    .data               system_stm32f0xx.o
    0x20000034        -       0x00000118   Zero   RW           29    .bss                modbus.o
    0x2000014c        -       0x0000003c   Zero   RW          350    .bss                settings.o
    0x20000188        -       0x00000014   Zero   RW          493    .bss                main.o
    0x2000019c        -       0x00000090   Zero   RW          729    .bss                tim.o
    0x2000022c        -       0x00000060   Zero   RW         3852    .bss                c_p.l(libspace.o)
    0x2000028c   0x080024d0   0x00000004   PAD
    0x20000290        -       0x00000200   Zero   RW            2    HEAP                startup_stm32f030x6.o
    0x20000490        -       0x00000400   Zero   RW            1    STACK               startup_stm32f030x6.o


==============================================================================

Image component sizes


      Code (inc. data)   RO Data    RW Data    ZI Data      Debug   Object Name

       208         10          0          0          0      25658   adc.o
       256         16          0          0          0       7671   gpio.o
        52         22          0          0          0       2531   iwdg.o
      1474        214          0         20         20      97953   main.o
      1224        142          0          6        280     258595   modbus.o
       354         36         28          1          0       8931   pc_communication.o
       840         64          0          1         60       8185   settings.o
        56         26        184          0       1536        616   startup_stm32f030x6.o
       116         20          0         12          0       6603   stm32f0xx_hal.o
       148         24          0          0          0      10249   stm32f0xx_hal_cortex.o
        40          6          0          0          0        786   stm32f0xx_hal_msp.o
       888         22          0          0          0       9333   stm32f0xx_hal_tim.o
        84          8          0          0          0       2345   stm32f0xx_hal_tim_ex.o
       380         72          0          8          0      48532   stm32f0xx_it.o
       108         10          0          0          0      26464   stm32f0xx_ll_adc.o
       172          0          0          0          0       6627   stm32f0xx_ll_gpio.o
       232         44          0          0          0      16647   stm32f0xx_ll_rcc.o
       120         22          0          0          0      30534   stm32f0xx_ll_tim.o
       152         12          0          0          0      17404   stm32f0xx_ll_usart.o
        12          6          0          0          0       4592   stm32f0xx_ll_utils.o
         2          0         24          4          0       1051   system_stm32f0xx.o
       540         72          0          0        144      39289   tim.o
       228         20          0          0          0      23222   usart.o

    ----------------------------------------------------------------------
      7700        868        268         52       2040     653818   Object Totals
         0          0         32          0          0          0   (incl. Generated)
        14          0          0          0          0          0   (incl. Padding)

    ----------------------------------------------------------------------

      Code (inc. data)   RO Data    RW Data    ZI Data      Debug   Library Member Name

         8          0          0          0          0         68   __main.o
         0          0          0          0          0          0   __rtentry.o
        12          0          0          0          0          0   __rtentry2.o
         6          0          0          0          0          0   __rtentry4.o
        60          8          0          0          0          0   __scatter.o
        26          0          0          0          0          0   __scatter_copy.o
        28          0          0          0          0          0   __scatter_zi.o
       346          0          0          0          0         92   aeabi_sdiv.o
        16          0          0          0          0         68   exit.o
         6          0          0          0          0        136   heapauxi.o
         0          0          0          0          0          0   indicate_semi.o
         2          0          0          0          0          0   libinit.o
         2          0          0          0          0          0   libinit2.o
         2          0          0          0          0          0   libshutdown.o
         2          0          0          0          0          0   libshutdown2.o
         8          4          0          0         96         68   libspace.o
        64          0          0          0          0        108   rt_memclr.o
        56          0          0          0          0         68   rt_memcpy.o
         2          0          0          0          0          0   rtexit.o
        10          0          0          0          0          0   rtexit2.o
        12          4          0          0          0         60   sys_exit.o
        62          0          0          0          0         80   sys_stackheap_outer.o
         2          0          0          0          0         68   use_no_semi.o
       348          8          0          0          0        160   faddsub.o
        48          0          0          0          0         60   ffixui.o
        94          0          0          0          0         92   fflti.o
       176          4          0          0          0         80   fmul.o
         0          0          0          0          0          0   usenofp.o

    ----------------------------------------------------------------------
      1404         28          0          0        100       1208   Library Totals
         6          0          0          0          4          0   (incl. Padding)

    ----------------------------------------------------------------------

      Code (inc. data)   RO Data    RW Data    ZI Data      Debug   Library Name

       732         16          0          0         96        816   c_p.l
       666         12          0          0          0        392   fz_ps.l

    ----------------------------------------------------------------------
      1404         28          0          0        100       1208   Library Totals

    ----------------------------------------------------------------------

==============================================================================


      Code (inc. data)   RO Data    RW Data    ZI Data      Debug   

      9104        896        268         52       2140     649922   Grand Totals
      9104        896        268         52       2140     649922   ELF Image Totals
      9104        896        268         52          0          0   ROM Totals

==============================================================================

    Total RO  Size (Code + RO Data)                 9372 (   9.15kB)
    Total RW  Size (RW Data + ZI Data)              2192 (   2.14kB)
    Total ROM Size (Code + RO Data + RW Data)       9424 (   9.20kB)

==============================================================================

