Component: ARM Compiler 5.06 update 7 (build 960) Tool: armlink [4d3601]

==============================================================================

Section Cross References

    startup_stm32f030x6.o(STACK) refers (Special) to heapauxi.o(.text) for __use_two_region_memory
    startup_stm32f030x6.o(HEAP) refers (Special) to heapauxi.o(.text) for __use_two_region_memory
    startup_stm32f030x6.o(RESET) refers (Special) to heapauxi.o(.text) for __use_two_region_memory
    startup_stm32f030x6.o(RESET) refers to startup_stm32f030x6.o(STACK) for __initial_sp
    startup_stm32f030x6.o(RESET) refers to startup_stm32f030x6.o(.text) for Reset_Handler
    startup_stm32f030x6.o(RESET) refers to stm32f0xx_it.o(i.NMI_Handler) for NMI_Handler
    startup_stm32f030x6.o(RESET) refers to stm32f0xx_it.o(i.HardFault_Handler) for HardFault_Handler
    startup_stm32f030x6.o(RESET) refers to stm32f0xx_it.o(i.SVC_Handler) for SVC_Handler
    startup_stm32f030x6.o(RESET) refers to stm32f0xx_it.o(i.PendSV_Handler) for PendSV_Handler
    startup_stm32f030x6.o(RESET) refers to stm32f0xx_it.o(i.SysTick_Handler) for SysTick_Handler
    startup_stm32f030x6.o(RESET) refers to stm32f0xx_it.o(i.TIM3_IRQHandler) for TIM3_IRQHandler
    startup_stm32f030x6.o(RESET) refers to stm32f0xx_it.o(i.TIM14_IRQHandler) for TIM14_IRQHandler
    startup_stm32f030x6.o(RESET) refers to stm32f0xx_it.o(i.TIM16_IRQHandler) for TIM16_IRQHandler
    startup_stm32f030x6.o(RESET) refers to stm32f0xx_it.o(i.TIM17_IRQHandler) for TIM17_IRQHandler
    startup_stm32f030x6.o(RESET) refers to stm32f0xx_it.o(i.USART1_IRQHandler) for USART1_IRQHandler
    startup_stm32f030x6.o(.text) refers (Special) to heapauxi.o(.text) for __use_two_region_memory
    startup_stm32f030x6.o(.text) refers to system_stm32f0xx.o(i.SystemInit) for SystemInit
    startup_stm32f030x6.o(.text) refers to __main.o(!!!main) for __main
    startup_stm32f030x6.o(.text) refers to startup_stm32f030x6.o(HEAP) for Heap_Mem
    startup_stm32f030x6.o(.text) refers to startup_stm32f030x6.o(STACK) for Stack_Mem
    modbus.o(i.ModbusCheckMsg) refers to pc_communication.o(i.CheckPCmessage) for CheckPCmessage
    modbus.o(i.ModbusCheckMsg) refers to modbus.o(i.Crc16) for Crc16
    modbus.o(i.ModbusCheckMsg) refers to pc_communication.o(i.CheckRxBufWithMW) for CheckRxBufWithMW
    modbus.o(i.ModbusCheckMsg) refers to pc_communication.o(i.AnswerStartCommunication_19) for AnswerStartCommunication_19
    modbus.o(i.ModbusCheckMsg) refers to modbus.o(i.ModbusCreateMsg01) for ModbusCreateMsg01
    modbus.o(i.ModbusCheckMsg) refers to modbus.o(i.ModbusCreateMsg02) for ModbusCreateMsg02
    modbus.o(i.ModbusCheckMsg) refers to modbus.o(i.ModbusCreateMsg03) for ModbusCreateMsg03
    modbus.o(i.ModbusCheckMsg) refers to modbus.o(i.ModbusCreateMsg05) for ModbusCreateMsg05
    modbus.o(i.ModbusCheckMsg) refers to modbus.o(i.ModbusCreateMsg06) for ModbusCreateMsg06
    modbus.o(i.ModbusCheckMsg) refers to modbus.o(i.ModbusCreateMsg16) for ModbusCreateMsg16
    modbus.o(i.ModbusCheckMsg) refers to modbus.o(i.ModbusCreateMsgError) for ModbusCreateMsgError
    modbus.o(i.ModbusCheckMsg) refers to settings.o(.data) for current_work_mode
    modbus.o(i.ModbusCheckMsg) refers to modbus.o(.bss) for MODBUS
    modbus.o(i.ModbusCheckMsg) refers to stm32f0xx_it.o(.data) for programming_seconds
    modbus.o(i.ModbusCheckMsg) refers to modbus.o(.data) for Own_ID
    modbus.o(i.ModbusCreateMsg01) refers to modbus.o(i.ModbusCreateMsgError) for ModbusCreateMsgError
    modbus.o(i.ModbusCreateMsg01) refers to modbus.o(.bss) for MODBUS
    modbus.o(i.ModbusCreateMsg02) refers to modbus.o(i.ModbusCreateMsgError) for ModbusCreateMsgError
    modbus.o(i.ModbusCreateMsg02) refers to modbus.o(.bss) for MODBUS
    modbus.o(i.ModbusCreateMsg02) refers to modbus.o(.data) for DI_Registers
    modbus.o(i.ModbusCreateMsg03) refers to modbus.o(i.ModbusCreateMsgError) for ModbusCreateMsgError
    modbus.o(i.ModbusCreateMsg03) refers to modbus.o(.bss) for MODBUS
    modbus.o(i.ModbusCreateMsg04) refers to modbus.o(i.ModbusCreateMsgError) for ModbusCreateMsgError
    modbus.o(i.ModbusCreateMsg05) refers to modbus.o(i.ModbusCreateMsgError) for ModbusCreateMsgError
    modbus.o(i.ModbusCreateMsg05) refers to modbus.o(.bss) for MODBUS
    modbus.o(i.ModbusCreateMsg06) refers to modbus.o(i.ModbusCreateMsgError) for ModbusCreateMsgError
    modbus.o(i.ModbusCreateMsg06) refers to settings.o(i.CheckAndWrightParameters) for CheckAndWrightParameters
    modbus.o(i.ModbusCreateMsg06) refers to modbus.o(.bss) for MODBUS
    modbus.o(i.ModbusCreateMsg16) refers to modbus.o(i.ModbusCreateMsgError) for ModbusCreateMsgError
    modbus.o(i.ModbusCreateMsg16) refers to settings.o(i.CheckAndWrightParameters) for CheckAndWrightParameters
    modbus.o(i.ModbusCreateMsg16) refers to modbus.o(.bss) for MODBUS
    modbus.o(i.ModbusCreateMsgError) refers to modbus.o(.bss) for MODBUS
    modbus.o(i.ModbusSendMsg) refers to modbus.o(.bss) for MODBUS
[...]
    ../clib/heapalloc.c                      0x00000000   Number         0  hrguard.o ABSOLUTE
    ../clib/heapaux.c                        0x00000000   Number         0  heapauxi.o ABSOLUTE
    ../clib/libinit.s                        0x00000000   Number         0  libinit2.o ABSOLUTE
    ../clib/libinit.s                        0x00000000   Number         0  libinit.o ABSOLUTE
    ../clib/libinit.s                        0x00000000   Number         0  libshutdown.o ABSOLUTE
    ../clib/libinit.s                        0x00000000   Number         0  libshutdown2.o ABSOLUTE
    ../clib/longlong.c                       0x00000000   Number         0  llushr.o ABSOLUTE
    ../clib/memcpset.c                       0x00000000   Number         0  rt_memcpy.o ABSOLUTE
    ../clib/memcpset.c                       0x00000000   Number         0  rt_memcpy.o ABSOLUTE
    ../clib/memcpset.c                       0x00000000   Number         0  rt_memclr.o ABSOLUTE
    ../clib/signal.c                         0x00000000   Number         0  defsig_general.o ABSOLUTE
    ../clib/signal.c                         0x00000000   Number         0  defsig_fpe_outer.o ABSOLUTE
    ../clib/signal.c                         0x00000000   Number         0  defsig_abrt_inner.o ABSOLUTE
    ../clib/signal.c                         0x00000000   Number         0  defsig_pvfn_inner.o ABSOLUTE
    ../clib/signal.c                         0x00000000   Number         0  defsig_rtred_inner.o ABSOLUTE
    ../clib/signal.c                         0x00000000   Number         0  defsig_rtmem_inner.o ABSOLUTE
    ../clib/signal.c                         0x00000000   Number         0  defsig_rtmem_outer.o ABSOLUTE
    ../clib/signal.c                         0x00000000   Number         0  defsig_fpe_inner.o ABSOLUTE
    ../clib/signal.c                         0x00000000   Number         0  defsig_exit.o ABSOLUTE
    ../clib/signal.c                         0x00000000   Number         0  defsig_cppl_inner.o ABSOLUTE
    ../clib/signal.c                         0x00000000   Number         0  defsig_segv_inner.o ABSOLUTE
    ../clib/signal.c                         0x00000000   Number         0  defsig_other.o ABSOLUTE
    ../clib/signal.c                         0x00000000   Number         0  defsig_rtmem_formal.o ABSOLUTE
    ../clib/signal.c                         0x00000000   Number         0  defsig_stak_inner.o ABSOLUTE
    ../clib/signal.c                         0x00000000   Number         0  __raise.o ABSOLUTE
    ../clib/signal.c                         0x00000000   Number         0  defsig_fpe_formal.o ABSOLUTE
    ../clib/signal.s                         0x00000000   Number         0  defsig.o ABSOLUTE
    ../clib/stdlib.c                         0x00000000   Number         0  exit.o ABSOLUTE
    ../fplib/cfplib/ffix.c                   0x00000000   Number         0  ffixui.o ABSOLUTE
    ../fplib/cfplib/fflt.c                   0x00000000   Number         0  fflti.o ABSOLUTE
    ../fplib/cfplib/fpinit.c                 0x00000000   Number         0  fpinit.o ABSOLUTE
    ../fplib/faddsub6m.s                     0x00000000   Number         0  faddsub.o ABSOLUTE
    ../fplib/fmul6m.s                        0x00000000   Number         0  fmul.o ABSOLUTE
    ../fplib/usenofp.s                       0x00000000   Number         0  usenofp.o ABSOLUTE
    ..\Core\Src\adc.c                        0x00000000   Number         0  adc.o ABSOLUTE
    ..\Core\Src\gpio.c                       0x00000000   Number         0  gpio.o ABSOLUTE
    ..\Core\Src\iwdg.c                       0x00000000   Number         0  iwdg.o ABSOLUTE
    ..\Core\Src\main.c                       0x00000000   Number         0  main.o ABSOLUTE
    ..\Core\Src\modbus.c                     0x00000000   Number         0  modbus.o ABSOLUTE
    ..\Core\Src\pc_communication.c           0x00000000   Number         0  pc_communication.o ABSOLUTE
    ..\Core\Src\settings.c                   0x00000000   Number         0  settings.o ABSOLUTE
    ..\Core\Src\stm32f0xx_hal_msp.c          0x00000000   Number         0  stm32f0xx_hal_msp.o ABSOLUTE
    ..\Core\Src\stm32f0xx_it.c               0x00000000   Number         0  stm32f0xx_it.o ABSOLUTE
    ..\Core\Src\system_stm32f0xx.c           0x00000000   Number         0  system_stm32f0xx.o ABSOLUTE
    ..\Core\Src\tim.c                        0x00000000   Number         0  tim.o ABSOLUTE
    ..\Core\Src\usart.c                      0x00000000   Number         0  usart.o ABSOLUTE
    ..\Drivers\STM32F0xx_HAL_Driver\Src\stm32f0xx_hal.c 0x00000000   Number         0  stm32f0xx_hal.o ABSOLUTE
    ..\Drivers\STM32F0xx_HAL_Driver\Src\stm32f0xx_hal_cortex.c 0x00000000   Number         0  stm32f0xx_hal_cortex.o ABSOLUTE
    ..\Drivers\STM32F0xx_HAL_Driver\Src\stm32f0xx_hal_dma.c 0x00000000   Number         0  stm32f0xx_hal_dma.o ABSOLUTE
    ..\Drivers\STM32F0xx_HAL_Driver\Src\stm32f0xx_hal_exti.c 0x00000000   Number         0  stm32f0xx_hal_exti.o ABSOLUTE
    ..\Drivers\STM32F0xx_HAL_Driver\Src\stm32f0xx_hal_flash.c 0x00000000   Number         0  stm32f0xx_hal_flash.o ABSOLUTE
    ..\Drivers\STM32F0xx_HAL_Driver\Src\stm32f0xx_hal_flash_ex.c 0x00000000   Number         0  stm32f0xx_hal_flash_ex.o ABSOLUTE
    ..\Drivers\STM32F0xx_HAL_Driver\Src\stm32f0xx_hal_gpio.c 0x00000000   Number         0  stm32f0xx_hal_gpio.o ABSOLUTE
    ..\Drivers\STM32F0xx_HAL_Driver\Src\stm32f0xx_hal_i2c.c 0x00000000   Number         0  stm32f0xx_hal_i2c.o ABSOLUTE
    ..\Drivers\STM32F0xx_HAL_Driver\Src\stm32f0xx_hal_i2c_ex.c 0x00000000   Number         0  stm32f0xx_hal_i2c_ex.o ABSOLUTE
    ..\Drivers\STM32F0xx_HAL_Driver\Src\stm32f0xx_hal_pwr.c 0x00000000   Number         0  stm32f0xx_hal_pwr.o ABSOLUTE
    ..\Drivers\STM32F0xx_HAL_Driver\Src\stm32f0xx_hal_pwr_ex.c 0x00000000   Number         0  stm32f0xx_hal_pwr_ex.o ABSOLUTE
    ..\Drivers\STM32F0xx_HAL_Driver\Src\stm32f0xx_hal_rcc.c 0x00000000   Number         0  stm32f0xx_hal_rcc.o ABSOLUTE
    ..\Drivers\STM32F0xx_HAL_Driver\Src\stm32f0xx_hal_rcc_ex.c 0x00000000   Number         0  stm32f0xx_hal_rcc_ex.o ABSOLUTE
    ..\Drivers\STM32F0xx_HAL_Driver\Src\stm32f0xx_hal_tim.c 0x00000000   Number         0  stm32f0xx_hal_tim.o ABSOLUTE
    ..\Drivers\STM32F0xx_HAL_Driver\Src\stm32f0xx_hal_tim_ex.c 0x00000000   Number         0  stm32f0xx_hal_tim_ex.o ABSOLUTE
    ..\Drivers\STM32F0xx_HAL_Driver\Src\stm32f0xx_ll_adc.c 0x00000000   Number         0  stm32f0xx_ll_adc.o ABSOLUTE
    ..\Drivers\STM32F0xx_HAL_Driver\Src\stm32f0xx_ll_dma.c 0x00000000   Number         0  stm32f0xx_ll_dma.o ABSOLUTE
    ..\Drivers\STM32F0xx_HAL_Driver\Src\stm32f0xx_ll_exti.c 0x00000000   Number         0  stm32f0xx_ll_exti.o ABSOLUTE
    ..\Drivers\STM32F0xx_HAL_Driver\Src\stm32f0xx_ll_gpio.c 0x00000000   Number         0  stm32f0xx_ll_gpio.o ABSOLUTE
    ..\Drivers\STM32F0xx_HAL_Driver\Src\stm32f0xx_ll_rcc.c 0x00000000   Number         0  stm32f0xx_ll_rcc.o ABSOLUTE
    ..\Drivers\STM32F0xx_HAL_Driver\Src\stm32f0xx_ll_tim.c 0x00000000   Number         0  stm32f0xx_ll_tim.o ABSOLUTE
    ..\Drivers\STM32F0xx_HAL_Driver\Src\stm32f0xx_ll_usart.c 0x00000000   Number         0  stm32f0xx_ll_usart.o ABSOLUTE
    ..\Drivers\STM32F0xx_HAL_Driver\Src\stm32f0xx_ll_utils.c 0x00000000   Number         0  stm32f0xx_ll_utils.o ABSOLUTE
    ..\\Core\\Src\\modbus.c                  0x00000000   Number         0  modbus.o ABSOLUTE
    ..\\Core\\Src\\pc_communication.c        0x00000000   Number         0  pc_communication.o ABSOLUTE
    ..\\Core\\Src\\settings.c                0x00000000   Number         0  settings.o ABSOLUTE
    algorithm.c                              0x00000000   Number         0  algorithm.o ABSOLUTE
    algorithm.c                              0x00000000   Number         0  algorithm.o ABSOLUTE
    dc.s                                     0x00000000   Number         0  dc.o ABSOLUTE
    startup_stm32f030x6.s                    0x00000000   Number         0  startup_stm32f030x6.o ABSOLUTE
    RESET                                    0x08000800   Section      184  startup_stm32f030x6.o(RESET)
    !!!main                                  0x080008b8   Section        8  __main.o(!!!main)
    !!!scatter                               0x080008c0   Section       60  __scatter.o(!!!scatter)
    !!handler_copy                           0x080008fc   Section       26  __scatter_copy.o(!!handler_copy)
    !!handler_zi                             0x08000918   Section       28  __scatter_zi.o(!!handler_zi)
    .ARM.Collect$$libinit$$00000000          0x08000934   Section        2  libinit.o(.ARM.Collect$$libinit$$00000000)
    .ARM.Collect$$libinit$$00000002          0x08000936   Section        0  libinit2.o(.ARM.Collect$$libinit$$00000002)
    .ARM.Collect$$libinit$$00000004          0x08000936   Section        0  libinit2.o(.ARM.Collect$$libinit$$00000004)
    .ARM.Collect$$libinit$$0000000A          0x08000936   Section        0  libinit2.o(.ARM.Collect$$libinit$$0000000A)
    .ARM.Collect$$libinit$$0000000C          0x08000936   Section        0  libinit2.o(.ARM.Collect$$libinit$$0000000C)
    .ARM.Collect$$libinit$$0000000E          0x08000936   Section        0  libinit2.o(.ARM.Collect$$libinit$$0000000E)
    .ARM.Collect$$libinit$$00000011          0x08000936   Section        0  libinit2.o(.ARM.Collect$$libinit$$00000011)
    .ARM.Collect$$libinit$$00000013          0x08000936   Section        0  libinit2.o(.ARM.Collect$$libinit$$00000013)
    .ARM.Collect$$libinit$$00000015          0x08000936   Section        0  libinit2.o(.ARM.Collect$$libinit$$00000015)
    .ARM.Collect$$libinit$$00000017          0x08000936   Section        0  libinit2.o(.ARM.Collect$$libinit$$00000017)
    .ARM.Collect$$libinit$$00000019          0x08000936   Section        0  libinit2.o(.ARM.Collect$$libinit$$00000019)
    .ARM.Collect$$libinit$$0000001B          0x08000936   Section        0  libinit2.o(.ARM.Collect$$libinit$$0000001B)
    .ARM.Collect$$libinit$$0000001D          0x08000936   Section        0  libinit2.o(.ARM.Collect$$libinit$$0000001D)
    .ARM.Collect$$libinit$$0000001F          0x08000936   Section        0  libinit2.o(.ARM.Collect$$libinit$$0000001F)
    .ARM.Collect$$libinit$$00000021          0x08000936   Section        0  libinit2.o(.ARM.Collect$$libinit$$00000021)
    .ARM.Collect$$libinit$$00000023          0x08000936   Section        0  libinit2.o(.ARM.Collect$$libinit$$00000023)
    .ARM.Collect$$libinit$$00000025          0x08000936   Section        0  libinit2.o(.ARM.Collect$$libinit$$00000025)
    .ARM.Collect$$libinit$$0000002C          0x08000936   Section        0  libinit2.o(.ARM.Collect$$libinit$$0000002C)
    .ARM.Collect$$libinit$$0000002E          0x08000936   Section        0  libinit2.o(.ARM.Collect$$libinit$$0000002E)
    .ARM.Collect$$libinit$$00000030          0x08000936   Section        0  libinit2.o(.ARM.Collect$$libinit$$00000030)
    .ARM.Collect$$libinit$$00000032          0x08000936   Section        0  libinit2.o(.ARM.Collect$$libinit$$00000032)
    .ARM.Collect$$libinit$$00000033          0x08000936   Section        2  libinit2.o(.ARM.Collect$$libinit$$00000033)
    .ARM.Collect$$libshutdown$$00000000      0x08000938   Section        2  libshutdown.o(.ARM.Collect$$libshutdown$$00000000)
    .ARM.Collect$$libshutdown$$00000002      0x0800093a   Section        0  libshutdown2.o(.ARM.Collect$$libshutdown$$00000002)
    .ARM.Collect$$libshutdown$$00000004      0x0800093a   Section        0  libshutdown2.o(.ARM.Collect$$libshutdown$$00000004)
    .ARM.Collect$$libshutdown$$00000006      0x0800093a   Section        0  libshutdown2.o(.ARM.Collect$$libshutdown$$00000006)
    .ARM.Collect$$libshutdown$$00000009      0x0800093a   Section        0  libshutdown2.o(.ARM.Collect$$libshutdown$$00000009)
    .ARM.Collect$$libshutdown$$0000000C      0x0800093a   Section        0  libshutdown2.o(.ARM.Collect$$libshutdown$$0000000C)
    .ARM.Collect$$libshutdown$$0000000E      0x0800093a   Section        0  libshutdown2.o(.ARM.Collect$$libshutdown$$0000000E)
    .ARM.Collect$$libshutdown$$00000011      0x0800093a   Section        0  libshutdown2.o(.ARM.Collect$$libshutdown$$00000011)
    .ARM.Collect$$libshutdown$$00000012      0x0800093a   Section        2  libshutdown2.o(.ARM.Collect$$libshutdown$$00000012)
    .ARM.Collect$$rtentry$$00000000          0x0800093c   Section        0  __rtentry.o(.ARM.Collect$$rtentry$$00000000)
    .ARM.Collect$$rtentry$$00000002          0x0800093c   Section        0  __rtentry2.o(.ARM.Collect$$rtentry$$00000002)
    .ARM.Collect$$rtentry$$00000004          0x0800093c   Section        6  __rtentry4.o(.ARM.Collect$$rtentry$$00000004)
    .ARM.Collect$$rtentry$$00000009          0x08000942   Section        0  __rtentry2.o(.ARM.Collect$$rtentry$$00000009)
    .ARM.Collect$$rtentry$$0000000A          0x08000942   Section        4  __rtentry2.o(.ARM.Collect$$rtentry$$0000000A)
    .ARM.Collect$$rtentry$$0000000C          0x08000946   Section        0  __rtentry2.o(.ARM.Collect$$rtentry$$0000000C)
    .ARM.Collect$$rtentry$$0000000D          0x08000946   Section        8  __rtentry2.o(.ARM.Collect$$rtentry$$0000000D)
    .ARM.Collect$$rtexit$$00000000           0x0800094e   Section        2  rtexit.o(.ARM.Collect$$rtexit$$00000000)
    .ARM.Collect$$rtexit$$00000002           0x08000950   Section        0  rtexit2.o(.ARM.Collect$$rtexit$$00000002)
    .ARM.Collect$$rtexit$$00000003           0x08000950   Section        4  rtexit2.o(.ARM.Collect$$rtexit$$00000003)
    .ARM.Collect$$rtexit$$00000004           0x08000954   Section        6  rtexit2.o(.ARM.Collect$$rtexit$$00000004)
    .emb_text                                0x0800095c   Section       56  rt_memcpy.o(.emb_text)
    .text                                    0x08000994   Section       56  startup_stm32f030x6.o(.text)
    .text                                    0x080009cc   Section        0  rt_memclr.o(.text)
    .text                                    0x08000a0c   Section      346  aeabi_sdiv.o(.text)
    .text                                    0x08000b66   Section        0  heapauxi.o(.text)
    .text                                    0x08000b6c   Section        0  ffixui.o(.text)
    .text                                    0x08000b9c   Section        0  fflti.o(.text)
    .text                                    0x08000bfa   Section       62  sys_stackheap_outer.o(.text)
    .text                                    0x08000c38   Section        0  exit.o(.text)
    .text                                    0x08000c48   Section        8  libspace.o(.text)
    .text                                    0x08000c50   Section        0  sys_exit.o(.text)
    .text                                    0x08000c5c   Section        2  use_no_semi.o(.text)
    .text                                    0x08000c5e   Section        0  indicate_semi.o(.text)
    i.AO_Read                                0x08000c60   Section        0  main.o(i.AO_Read)
    i.AdcAverage                             0x08000ce8   Section        0  main.o(i.AdcAverage)
    i.AdcConvert                             0x08000d18   Section        0  main.o(i.AdcConvert)
    i.AnswerRsetMCU                          0x08000d9c   Section        0  pc_communication.o(i.AnswerRsetMCU)
    i.AnswerStartCommunication_19            0x08000dac   Section        0  pc_communication.o(i.AnswerStartCommunication_19)
    i.AnswerWriteSettingStruct               0x08000dcc   Section        0  pc_communication.o(i.AnswerWriteSettingStruct)
    i.BothControlLoop                        0x08000e38   Section        0  main.o(i.BothControlLoop)
    i.BtnRead                                0x08000edc   Section        0  main.o(i.BtnRead)
    i.ChargeBootstrap                        0x08000f4c   Section        0  main.o(i.ChargeBootstrap)
    i.CheckAndWrightParameters               0x08000f8c   Section        0  settings.o(i.CheckAndWrightParameters)
    i.CheckMinMaxValues                      0x08000fc4   Section        0  settings.o(i.CheckMinMaxValues)
    i.CheckPCmessage                         0x08001074   Section        0  pc_communication.o(i.CheckPCmessage)
    i.CheckRxBufWithMW                       0x0800110c   Section        0  pc_communication.o(i.CheckRxBufWithMW)
    i.CheckSettingsInFLASH                   0x08001130   Section        0  settings.o(i.CheckSettingsInFLASH)
    i.CoilControl                            0x0800119c   Section        0  main.o(i.CoilControl)
    i.Crc16                                  0x0800123c   Section        0  modbus.o(i.Crc16)
    i.CulcCheckSum                           0x08001280   Section        0  settings.o(i.CulcCheckSum)
    i.CurrControl                            0x08001304   Section        0  main.o(i.CurrControl)
    i.Error_Handler                          0x0800135c   Section        0  main.o(i.Error_Handler)
    i.FLASH_Erase_Page                       0x08001364   Section        0  settings.o(i.FLASH_Erase_Page)
    i.FLASH_Lock                             0x080013ac   Section        0  settings.o(i.FLASH_Lock)
    i.FLASH_Program_Word                     0x080013c0   Section        0  settings.o(i.FLASH_Program_Word)
    i.FLASH_Unlock                           0x08001418   Section        0  settings.o(i.FLASH_Unlock)
    i.FillMbRegs                             0x08001430   Section        0  main.o(i.FillMbRegs)
    i.HAL_IncTick                            0x08001470   Section        0  stm32f0xx_hal.o(i.HAL_IncTick)
    i.HAL_Init                               0x08001488   Section        0  stm32f0xx_hal.o(i.HAL_Init)
    i.HAL_InitTick                           0x080014a8   Section        0  stm32f0xx_hal.o(i.HAL_InitTick)
    i.HAL_MspInit                            0x080014fc   Section        0  stm32f0xx_hal_msp.o(i.HAL_MspInit)
    i.HAL_NVIC_EnableIRQ                     0x0800153c   Section        0  stm32f0xx_hal_cortex.o(i.HAL_NVIC_EnableIRQ)
    i.HAL_NVIC_SetPriority                   0x08001558   Section        0  stm32f0xx_hal_cortex.o(i.HAL_NVIC_SetPriority)
    i.HAL_SYSTICK_Config                     0x0800156c   Section        0  stm32f0xx_hal_cortex.o(i.HAL_SYSTICK_Config)
    i.HAL_TIMEx_BreakCallback                0x080015a4   Section        0  stm32f0xx_hal_tim_ex.o(i.HAL_TIMEx_BreakCallback)
    i.HAL_TIMEx_CommutCallback               0x080015a6   Section        0  stm32f0xx_hal_tim_ex.o(i.HAL_TIMEx_CommutCallback)
    i.HAL_TIMEx_MasterConfigSynchronization  0x080015a8   Section        0  stm32f0xx_hal_tim_ex.o(i.HAL_TIMEx_MasterConfigSynchronization)
    i.HAL_TIM_Base_Init                      0x08001620   Section        0  stm32f0xx_hal_tim.o(i.HAL_TIM_Base_Init)
    i.HAL_TIM_Base_MspInit                   0x08001684   Section        0  tim.o(i.HAL_TIM_Base_MspInit)
    i.HAL_TIM_ConfigClockSource              0x08001704   Section        0  stm32f0xx_hal_tim.o(i.HAL_TIM_ConfigClockSource)
    i.HAL_TIM_IC_CaptureCallback             0x0800181c   Section        0  stm32f0xx_hal_tim.o(i.HAL_TIM_IC_CaptureCallback)
    i.HAL_TIM_IRQHandler                     0x0800181e   Section        0  stm32f0xx_hal_tim.o(i.HAL_TIM_IRQHandler)
    i.HAL_TIM_OC_DelayElapsedCallback        0x080019e6   Section        0  stm32f0xx_hal_tim.o(i.HAL_TIM_OC_DelayElapsedCallback)
    i.HAL_TIM_PWM_PulseFinishedCallback      0x080019e8   Section        0  stm32f0xx_hal_tim.o(i.HAL_TIM_PWM_PulseFinishedCallback)
    i.HAL_TIM_PeriodElapsedCallback          0x080019ea   Section        0  stm32f0xx_hal_tim.o(i.HAL_TIM_PeriodElapsedCallback)
    i.HAL_TIM_TriggerCallback                0x080019ec   Section        0  stm32f0xx_hal_tim.o(i.HAL_TIM_TriggerCallback)
    i.HardFault_Handler                      0x080019ee   Section        0  stm32f0xx_it.o(i.HardFault_Handler)
    i.IWDG_Reset                             0x080019f4   Section        0  main.o(i.IWDG_Reset)
    i.LL_ADC_Init                            0x08001a04   Section        0  stm32f0xx_ll_adc.o(i.LL_ADC_Init)
    i.LL_ADC_IsEnabled                       0x08001a44   Section        0  stm32f0xx_ll_adc.o(i.LL_ADC_IsEnabled)
    LL_ADC_IsEnabled                         0x08001a45   Thumb Code    16  stm32f0xx_ll_adc.o(i.LL_ADC_IsEnabled)
    i.LL_ADC_REG_Init                        0x08001a54   Section        0  stm32f0xx_ll_adc.o(i.LL_ADC_REG_Init)
    i.LL_ADC_REG_SetSequencerChAdd           0x08001a90   Section        0  adc.o(i.LL_ADC_REG_SetSequencerChAdd)
    LL_ADC_REG_SetSequencerChAdd             0x08001a91   Thumb Code    12  adc.o(i.LL_ADC_REG_SetSequencerChAdd)
    i.LL_AHB1_GRP1_EnableClock               0x08001a9c   Section        0  gpio.o(i.LL_AHB1_GRP1_EnableClock)
    LL_AHB1_GRP1_EnableClock                 0x08001a9d   Thumb Code    24  gpio.o(i.LL_AHB1_GRP1_EnableClock)
    i.LL_GPIO_Init                           0x08001ab8   Section        0  stm32f0xx_ll_gpio.o(i.LL_GPIO_Init)
    i.LL_GPIO_ResetOutputPin                 0x08001ba4   Section        0  main.o(i.LL_GPIO_ResetOutputPin)
    LL_GPIO_ResetOutputPin                   0x08001ba5   Thumb Code     4  main.o(i.LL_GPIO_ResetOutputPin)
    i.LL_GPIO_ResetOutputPin                 0x08001ba8   Section        0  gpio.o(i.LL_GPIO_ResetOutputPin)
    LL_GPIO_ResetOutputPin                   0x08001ba9   Thumb Code     4  gpio.o(i.LL_GPIO_ResetOutputPin)
    i.LL_GPIO_ResetOutputPin                 0x08001bac   Section        0  stm32f0xx_it.o(i.LL_GPIO_ResetOutputPin)
    LL_GPIO_ResetOutputPin                   0x08001bad   Thumb Code     4  stm32f0xx_it.o(i.LL_GPIO_ResetOutputPin)
    i.LL_GPIO_SetOutputPin                   0x08001bb0   Section        0  main.o(i.LL_GPIO_SetOutputPin)
    LL_GPIO_SetOutputPin                     0x08001bb1   Thumb Code     4  main.o(i.LL_GPIO_SetOutputPin)
    i.LL_GPIO_SetOutputPin                   0x08001bb4   Section        0  stm32f0xx_it.o(i.LL_GPIO_SetOutputPin)
    LL_GPIO_SetOutputPin                     0x08001bb5   Thumb Code     4  stm32f0xx_it.o(i.LL_GPIO_SetOutputPin)
    i.LL_GPIO_TogglePin                      0x08001bb8   Section        0  stm32f0xx_it.o(i.LL_GPIO_TogglePin)
    LL_GPIO_TogglePin                        0x08001bb9   Thumb Code    20  stm32f0xx_it.o(i.LL_GPIO_TogglePin)
    i.LL_RCC_GetSysClkSource                 0x08001bcc   Section        0  stm32f0xx_ll_rcc.o(i.LL_RCC_GetSysClkSource)
    LL_RCC_GetSysClkSource                   0x08001bcd   Thumb Code    10  stm32f0xx_ll_rcc.o(i.LL_RCC_GetSysClkSource)
    i.LL_RCC_GetUSARTClockFreq               0x08001bdc   Section        0  stm32f0xx_ll_rcc.o(i.LL_RCC_GetUSARTClockFreq)
    i.LL_RCC_HSI_IsReady                     0x08001c54   Section        0  stm32f0xx_ll_rcc.o(i.LL_RCC_HSI_IsReady)
    LL_RCC_HSI_IsReady                       0x08001c55   Thumb Code    12  stm32f0xx_ll_rcc.o(i.LL_RCC_HSI_IsReady)
    i.LL_SetSystemCoreClock                  0x08001c64   Section        0  stm32f0xx_ll_utils.o(i.LL_SetSystemCoreClock)
    i.LL_TIM_DisableARRPreload               0x08001c70   Section        0  tim.o(i.LL_TIM_DisableARRPreload)
    LL_TIM_DisableARRPreload                 0x08001c71   Thumb Code    10  tim.o(i.LL_TIM_DisableARRPreload)
    i.LL_TIM_DisableCounter                  0x08001c7a   Section        0  stm32f0xx_it.o(i.LL_TIM_DisableCounter)
    LL_TIM_DisableCounter                    0x08001c7b   Thumb Code    10  stm32f0xx_it.o(i.LL_TIM_DisableCounter)
    i.LL_TIM_EnableCounter                   0x08001c84   Section        0  main.o(i.LL_TIM_EnableCounter)
    LL_TIM_EnableCounter                     0x08001c85   Thumb Code    10  main.o(i.LL_TIM_EnableCounter)
    i.LL_TIM_EnableIT_UPDATE                 0x08001c8e   Section        0  main.o(i.LL_TIM_EnableIT_UPDATE)
    LL_TIM_EnableIT_UPDATE                   0x08001c8f   Thumb Code    10  main.o(i.LL_TIM_EnableIT_UPDATE)
    i.LL_TIM_Init                            0x08001c98   Section        0  stm32f0xx_ll_tim.o(i.LL_TIM_Init)
    i.LL_USART_Init                          0x08001d30   Section        0  stm32f0xx_ll_usart.o(i.LL_USART_Init)
    i.LL_USART_IsEnabled                     0x08001e00   Section        0  stm32f0xx_ll_usart.o(i.LL_USART_IsEnabled)
    LL_USART_IsEnabled                       0x08001e01   Thumb Code    16  stm32f0xx_ll_usart.o(i.LL_USART_IsEnabled)
    i.MX_ADC_Init                            0x08001e10   Section        0  adc.o(i.MX_ADC_Init)
    i.MX_GPIO_Init                           0x08001f1c   Section        0  gpio.o(i.MX_GPIO_Init)
    i.MX_IWDG_Init                           0x08002060   Section        0  iwdg.o(i.MX_IWDG_Init)
    i.MX_TIM14_Init                          0x080020b8   Section        0  tim.o(i.MX_TIM14_Init)
    i.MX_TIM16_Init                          0x0800211c   Section        0  tim.o(i.MX_TIM16_Init)
    i.MX_TIM17_Init                          0x08002184   Section        0  tim.o(i.MX_TIM17_Init)
    i.MX_TIM3_Init                           0x080021bc   Section        0  tim.o(i.MX_TIM3_Init)
    i.MX_USART1_UART_Init                    0x08002234   Section        0  usart.o(i.MX_USART1_UART_Init)
    i.ModbusCheckMsg                         0x08002370   Section        0  modbus.o(i.ModbusCheckMsg)
    i.ModbusCreateMsg01                      0x0800257c   Section        0  modbus.o(i.ModbusCreateMsg01)
    i.ModbusCreateMsg02                      0x080025a0   Section        0  modbus.o(i.ModbusCreateMsg02)
    i.ModbusCreateMsg03                      0x08002640   Section        0  modbus.o(i.ModbusCreateMsg03)
    i.ModbusCreateMsg05                      0x080026f4   Section        0  modbus.o(i.ModbusCreateMsg05)
    i.ModbusCreateMsg06                      0x08002714   Section        0  modbus.o(i.ModbusCreateMsg06)
    i.ModbusCreateMsg16                      0x08002770   Section        0  modbus.o(i.ModbusCreateMsg16)
    i.ModbusCreateMsgError                   0x08002834   Section        0  modbus.o(i.ModbusCreateMsgError)
    i.ModbusSendMsg                          0x08002854   Section        0  modbus.o(i.ModbusSendMsg)
    i.ModbusTaskLoop                         0x080028cc   Section        0  modbus.o(i.ModbusTaskLoop)
    i.ModbusTimInterruptHandler              0x080028e4   Section        0  modbus.o(i.ModbusTimInterruptHandler)
    i.ModbusUartIntRxHandler                 0x08002938   Section        0  modbus.o(i.ModbusUartIntRxHandler)
    i.ModbusUartIntTxHandler                 0x08002998   Section        0  modbus.o(i.ModbusUartIntTxHandler)
    i.NMI_Handler                            0x08002a14   Section        0  stm32f0xx_it.o(i.NMI_Handler)
    i.PendSV_Handler                         0x08002a18   Section        0  stm32f0xx_it.o(i.PendSV_Handler)
    i.RCC_GetHCLKClockFreq                   0x08002a1c   Section        0  stm32f0xx_ll_rcc.o(i.RCC_GetHCLKClockFreq)
    i.RCC_GetPCLK1ClockFreq                  0x08002a40   Section        0  stm32f0xx_ll_rcc.o(i.RCC_GetPCLK1ClockFreq)
    i.RCC_GetSystemClockFreq                 0x08002a64   Section        0  stm32f0xx_ll_rcc.o(i.RCC_GetSystemClockFreq)
    i.RCC_PLL_GetFreqDomain_SYS              0x08002a98   Section        0  stm32f0xx_ll_rcc.o(i.RCC_PLL_GetFreqDomain_SYS)
    i.ReadAndSendAllSettings                 0x08002afc   Section        0  pc_communication.o(i.ReadAndSendAllSettings)
    i.ReadSerialNumber                       0x08002b24   Section        0  pc_communication.o(i.ReadSerialNumber)
    i.ReadSettingsStruct                     0x08002b30   Section        0  settings.o(i.ReadSettingsStruct)
    i.SVC_Handler                            0x08002cd0   Section        0  stm32f0xx_it.o(i.SVC_Handler)
    i.SetDelay                               0x08002cd4   Section        0  modbus.o(i.SetDelay)
    i.SetManufactureSettings                 0x08002cf0   Section        0  settings.o(i.SetManufactureSettings)
    i.SysTick_Handler                        0x08002d84   Section        0  stm32f0xx_it.o(i.SysTick_Handler)
    i.SystemClock_Config                     0x08002d8c   Section        0  main.o(i.SystemClock_Config)
    i.SystemInit                             0x08002f1c   Section        0  system_stm32f0xx.o(i.SystemInit)
    i.TIM14_IRQHandler                       0x08002f20   Section        0  stm32f0xx_it.o(i.TIM14_IRQHandler)
    i.TIM16_IRQHandler                       0x08002f38   Section        0  stm32f0xx_it.o(i.TIM16_IRQHandler)
    i.TIM17_IRQHandler                       0x08002f8c   Section        0  stm32f0xx_it.o(i.TIM17_IRQHandler)
    i.TIM3_IRQHandler                        0x0800306c   Section        0  stm32f0xx_it.o(i.TIM3_IRQHandler)
    i.TIM_Base_SetConfig                     0x080030a8   Section        0  stm32f0xx_hal_tim.o(i.TIM_Base_SetConfig)
    i.TIM_ETR_SetConfig                      0x08003138   Section        0  stm32f0xx_hal_tim.o(i.TIM_ETR_SetConfig)
    i.TIM_ITRx_SetConfig                     0x08003154   Section        0  stm32f0xx_hal_tim.o(i.TIM_ITRx_SetConfig)
    TIM_ITRx_SetConfig                       0x08003155   Thumb Code    24  stm32f0xx_hal_tim.o(i.TIM_ITRx_SetConfig)
    i.TIM_TI1_ConfigInputStage               0x0800316c   Section        0  stm32f0xx_hal_tim.o(i.TIM_TI1_ConfigInputStage)
    TIM_TI1_ConfigInputStage                 0x0800316d   Thumb Code    50  stm32f0xx_hal_tim.o(i.TIM_TI1_ConfigInputStage)
    i.TIM_TI2_ConfigInputStage               0x0800319e   Section        0  stm32f0xx_hal_tim.o(i.TIM_TI2_ConfigInputStage)
    TIM_TI2_ConfigInputStage                 0x0800319f   Thumb Code    50  stm32f0xx_hal_tim.o(i.TIM_TI2_ConfigInputStage)
    i.USART1_IRQHandler                      0x080031d0   Section        0  stm32f0xx_it.o(i.USART1_IRQHandler)
    i.VoltageControl                         0x08003200   Section        0  main.o(i.VoltageControl)
    i.VtAllOff                               0x0800329c   Section        0  main.o(i.VtAllOff)
    i.VtDirectPolarity                       0x080032c8   Section        0  main.o(i.VtDirectPolarity)
    i.VtReversPolarity                       0x080032e0   Section        0  main.o(i.VtReversPolarity)
    i.WriteSettingsStructToFLASH             0x080032f8   Section        0  settings.o(i.WriteSettingsStructToFLASH)
    i.WriteSettingsStructToRAM               0x08003324   Section        0  settings.o(i.WriteSettingsStructToRAM)
    i.__NVIC_EnableIRQ                       0x080033dc   Section        0  tim.o(i.__NVIC_EnableIRQ)
    __NVIC_EnableIRQ                         0x080033dd   Thumb Code    18  tim.o(i.__NVIC_EnableIRQ)
    i.__NVIC_SetPriority                     0x080033f4   Section        0  tim.o(i.__NVIC_SetPriority)
    __NVIC_SetPriority                       0x080033f5   Thumb Code   110  tim.o(i.__NVIC_SetPriority)
    i.__NVIC_SetPriority                     0x0800346c   Section        0  usart.o(i.__NVIC_SetPriority)
    __NVIC_SetPriority                       0x0800346d   Thumb Code   110  usart.o(i.__NVIC_SetPriority)
    i.__NVIC_SetPriority                     0x080034e4   Section        0  stm32f0xx_hal_cortex.o(i.__NVIC_SetPriority)
    __NVIC_SetPriority                       0x080034e5   Thumb Code   110  stm32f0xx_hal_cortex.o(i.__NVIC_SetPriority)
    i.adcSensLoop                            0x0800355c   Section        0  main.o(i.adcSensLoop)
    i.check_EOP                              0x08003684   Section        0  settings.o(i.check_EOP)
    i.flash_ready                            0x080036a8   Section        0  settings.o(i.flash_ready)
    i.main                                   0x080036bc   Section        0  main.o(i.main)
    x$fpl$fadd                               0x08003854   Section      140  faddsub.o(x$fpl$fadd)
    _fadd1                                   0x08003861   Thumb Code     0  faddsub.o(x$fpl$fadd)
    x$fpl$fmul                               0x080038e0   Section      176  fmul.o(x$fpl$fmul)
    x$fpl$fsub                               0x08003990   Section      208  faddsub.o(x$fpl$fsub)
    _fsub1                                   0x0800399d   Thumb Code     0  faddsub.o(x$fpl$fsub)
    .constdata                               0x08003a60   Section       68  pc_communication.o(.constdata)
    x$fpl$usenofp                            0x08003a60   Section        0  usenofp.o(x$fpl$usenofp)
    CHANNEL_OFFSET_TAB                       0x08003a60   Data           5  pc_communication.o(.constdata)
    OFFSET_TAB_CCMRx                         0x08003a65   Data           7  pc_communication.o(.constdata)
    SHIFT_TAB_OCxx                           0x08003a6c   Data           7  pc_communication.o(.constdata)
    SHIFT_TAB_ICxx                           0x08003a73   Data           7  pc_communication.o(.constdata)
    SHIFT_TAB_CCxP                           0x08003a7a   Data           7  pc_communication.o(.constdata)
    SHIFT_TAB_OISx                           0x08003a81   Data           7  pc_communication.o(.constdata)
    .constdata                               0x08003aa4   Section       24  system_stm32f0xx.o(.constdata)
    .data                                    0x200000bc   Section        6  modbus.o(.data)
    .data                                    0x200000c2   Section        1  pc_communication.o(.data)
    .data                                    0x200000c3   Section        4  settings.o(.data)
    .data                                    0x200000c8   Section       26  main.o(.data)
    old_btn_state                            0x200000d9   Data           1  main.o(.data)
    new_btn_state                            0x200000da   Data           1  main.o(.data)
    old_reg_state                            0x200000db   Data           1  main.o(.data)
    new_reg_state                            0x200000dc   Data           1  main.o(.data)
    previous__di_state                       0x200000dd   Data           1  main.o(.data)
    previous__ao_state                       0x200000de   Data           1  main.o(.data)
    times                                    0x200000e0   Data           2  main.o(.data)
    .data                                    0x200000e4   Section        8  stm32f0xx_it.o(.data)
    cnt                                      0x200000e8   Data           4  stm32f0xx_it.o(.data)
    .data                                    0x200000ec   Section        9  stm32f0xx_hal.o(.data)
    .data                                    0x200000f8   Section        4  system_stm32f0xx.o(.data)
    .bss                                     0x200000fc   Section      280  modbus.o(.bss)
    .bss                                     0x20000214   Section      100  settings.o(.bss)
    .bss                                     0x20000278   Section      100  main.o(.bss)
    .bss                                     0x200002dc   Section      144  tim.o(.bss)
    .bss                                     0x2000036c   Section       96  libspace.o(.bss)
    HEAP                                     0x200003d0   Section      512  startup_stm32f030x6.o(HEAP)
    Heap_Mem                                 0x200003d0   Data         512  startup_stm32f030x6.o(HEAP)
    STACK                                    0x200005d0   Section     1024  startup_stm32f030x6.o(STACK)
    Stack_Mem                                0x200005d0   Data        1024  startup_stm32f030x6.o(STACK)
    __initial_sp                             0x200009d0   Data           0  startup_stm32f030x6.o(STACK)

    Global Symbols

    Symbol Name                              Value     Ov Type        Size  Object(Section)

    BuildAttributes$$THM_ISAv3M$S$PE$A:L22$X:L11$S22$IEEE1$IW$USESV6$~STKCKD$USESV7$~SHL$OSPACE$ROPI$EBA8$UX$STANDARDLIB$REQ8$PRES8$EABIv2 0x00000000   Number         0  anon$$obj.o ABSOLUTE
    __ARM_use_no_argv                        0x00000000   Number         0  main.o ABSOLUTE
    __ARM_exceptions_init                     - Undefined Weak Reference
    __alloca_initialize                       - Undefined Weak Reference
    __arm_fini_                               - Undefined Weak Reference
    __arm_preinit_                            - Undefined Weak Reference
    __cpp_initialize__aeabi_                  - Undefined Weak Reference
    __cxa_finalize                            - Undefined Weak Reference
    __rt_locale                               - Undefined Weak Reference
    __sigvec_lookup                           - Undefined Weak Reference
    _atexit_init                              - Undefined Weak Reference
    _call_atexit_fns                          - Undefined Weak Reference
    _clock_init                               - Undefined Weak Reference
    _fp_trap_init                             - Undefined Weak Reference
    _fp_trap_shutdown                         - Undefined Weak Reference
    _get_lc_collate                           - Undefined Weak Reference
    _get_lc_ctype                             - Undefined Weak Reference
    _get_lc_monetary                          - Undefined Weak Reference
    _get_lc_numeric                           - Undefined Weak Reference
    _get_lc_time                              - Undefined Weak Reference
    _getenv_init                              - Undefined Weak Reference
    _handle_redirection                       - Undefined Weak Reference
    _init_alloc                               - Undefined Weak Reference
    _init_user_alloc                          - Undefined Weak Reference
    _initio                                   - Undefined Weak Reference
    _rand_init                                - Undefined Weak Reference
    _signal_finish                            - Undefined Weak Reference
    _signal_init                              - Undefined Weak Reference
    _terminate_alloc                          - Undefined Weak Reference
    _terminate_user_alloc                     - Undefined Weak Reference
    _terminateio                              - Undefined Weak Reference
    __Vectors_Size                           0x000000b8   Number         0  startup_stm32f030x6.o ABSOLUTE
    __Vectors                                0x08000800   Data           4  startup_stm32f030x6.o(RESET)
    __Vectors_End                            0x080008b8   Data           0  startup_stm32f030x6.o(RESET)
    __main                                   0x080008b9   Thumb Code     8  __main.o(!!!main)
    __scatterload                            0x080008c1   Thumb Code     0  __scatter.o(!!!scatter)
    __scatterload_rt2                        0x080008c1   Thumb Code    52  __scatter.o(!!!scatter)
    __scatterload_rt2_thumb_only             0x080008c1   Thumb Code     0  __scatter.o(!!!scatter)
    __scatterload_null                       0x080008d1   Thumb Code     0  __scatter.o(!!!scatter)
    __scatterload_copy                       0x080008fd   Thumb Code    26  __scatter_copy.o(!!handler_copy)
    __scatterload_zeroinit                   0x08000919   Thumb Code    28  __scatter_zi.o(!!handler_zi)
    __rt_lib_init                            0x08000935   Thumb Code     0  libinit.o(.ARM.Collect$$libinit$$00000000)
    __rt_lib_init_alloca_1                   0x08000937   Thumb Code     0  libinit2.o(.ARM.Collect$$libinit$$0000002E)
    __rt_lib_init_argv_1                     0x08000937   Thumb Code     0  libinit2.o(.ARM.Collect$$libinit$$0000002C)
    __rt_lib_init_atexit_1                   0x08000937   Thumb Code     0  libinit2.o(.ARM.Collect$$libinit$$0000001B)
    __rt_lib_init_clock_1                    0x08000937   Thumb Code     0  libinit2.o(.ARM.Collect$$libinit$$00000021)
    __rt_lib_init_cpp_1                      0x08000937   Thumb Code     0  libinit2.o(.ARM.Collect$$libinit$$00000032)
    __rt_lib_init_exceptions_1               0x08000937   Thumb Code     0  libinit2.o(.ARM.Collect$$libinit$$00000030)
    __rt_lib_init_fp_1                       0x08000937   Thumb Code     0  libinit2.o(.ARM.Collect$$libinit$$00000002)
    __rt_lib_init_fp_trap_1                  0x08000937   Thumb Code     0  libinit2.o(.ARM.Collect$$libinit$$0000001F)
    __rt_lib_init_getenv_1                   0x08000937   Thumb Code     0  libinit2.o(.ARM.Collect$$libinit$$00000023)
    __rt_lib_init_heap_1                     0x08000937   Thumb Code     0  libinit2.o(.ARM.Collect$$libinit$$0000000A)
    __rt_lib_init_lc_collate_1               0x08000937   Thumb Code     0  libinit2.o(.ARM.Collect$$libinit$$00000011)
    __rt_lib_init_lc_ctype_1                 0x08000937   Thumb Code     0  libinit2.o(.ARM.Collect$$libinit$$00000013)
    __rt_lib_init_lc_monetary_1              0x08000937   Thumb Code     0  libinit2.o(.ARM.Collect$$libinit$$00000015)
    __rt_lib_init_lc_numeric_1               0x08000937   Thumb Code     0  libinit2.o(.ARM.Collect$$libinit$$00000017)
    __rt_lib_init_lc_time_1                  0x08000937   Thumb Code     0  libinit2.o(.ARM.Collect$$libinit$$00000019)
    __rt_lib_init_preinit_1                  0x08000937   Thumb Code     0  libinit2.o(.ARM.Collect$$libinit$$00000004)
    __rt_lib_init_rand_1                     0x08000937   Thumb Code     0  libinit2.o(.ARM.Collect$$libinit$$0000000E)
    __rt_lib_init_return                     0x08000937   Thumb Code     0  libinit2.o(.ARM.Collect$$libinit$$00000033)
    __rt_lib_init_signal_1                   0x08000937   Thumb Code     0  libinit2.o(.ARM.Collect$$libinit$$0000001D)
    __rt_lib_init_stdio_1                    0x08000937   Thumb Code     0  libinit2.o(.ARM.Collect$$libinit$$00000025)
    __rt_lib_init_user_alloc_1               0x08000937   Thumb Code     0  libinit2.o(.ARM.Collect$$libinit$$0000000C)
    __rt_lib_shutdown                        0x08000939   Thumb Code     0  libshutdown.o(.ARM.Collect$$libshutdown$$00000000)
    __rt_lib_shutdown_cpp_1                  0x0800093b   Thumb Code     0  libshutdown2.o(.ARM.Collect$$libshutdown$$00000004)
    __rt_lib_shutdown_fini_1                 0x0800093b   Thumb Code     0  libshutdown2.o(.ARM.Collect$$libshutdown$$00000002)
    __rt_lib_shutdown_fp_trap_1              0x0800093b   Thumb Code     0  libshutdown2.o(.ARM.Collect$$libshutdown$$00000009)
    __rt_lib_shutdown_heap_1                 0x0800093b   Thumb Code     0  libshutdown2.o(.ARM.Collect$$libshutdown$$00000011)
    __rt_lib_shutdown_return                 0x0800093b   Thumb Code     0  libshutdown2.o(.ARM.Collect$$libshutdown$$00000012)
    __rt_lib_shutdown_signal_1               0x0800093b   Thumb Code     0  libshutdown2.o(.ARM.Collect$$libshutdown$$0000000C)
    __rt_lib_shutdown_stdio_1                0x0800093b   Thumb Code     0  libshutdown2.o(.ARM.Collect$$libshutdown$$00000006)
    __rt_lib_shutdown_user_alloc_1           0x0800093b   Thumb Code     0  libshutdown2.o(.ARM.Collect$$libshutdown$$0000000E)
    __rt_entry                               0x0800093d   Thumb Code     0  __rtentry.o(.ARM.Collect$$rtentry$$00000000)
    __rt_entry_presh_1                       0x0800093d   Thumb Code     0  __rtentry2.o(.ARM.Collect$$rtentry$$00000002)
    __rt_entry_sh                            0x0800093d   Thumb Code     0  __rtentry4.o(.ARM.Collect$$rtentry$$00000004)
    __rt_entry_li                            0x08000943   Thumb Code     0  __rtentry2.o(.ARM.Collect$$rtentry$$0000000A)
    __rt_entry_postsh_1                      0x08000943   Thumb Code     0  __rtentry2.o(.ARM.Collect$$rtentry$$00000009)
    __rt_entry_main                          0x08000947   Thumb Code     0  __rtentry2.o(.ARM.Collect$$rtentry$$0000000D)
    __rt_entry_postli_1                      0x08000947   Thumb Code     0  __rtentry2.o(.ARM.Collect$$rtentry$$0000000C)
    __rt_exit                                0x0800094f   Thumb Code     0  rtexit.o(.ARM.Collect$$rtexit$$00000000)
    __rt_exit_ls                             0x08000951   Thumb Code     0  rtexit2.o(.ARM.Collect$$rtexit$$00000003)
    __rt_exit_prels_1                        0x08000951   Thumb Code     0  rtexit2.o(.ARM.Collect$$rtexit$$00000002)
    __rt_exit_exit                           0x08000955   Thumb Code     0  rtexit2.o(.ARM.Collect$$rtexit$$00000004)
    __aeabi_memcpy4                          0x0800095d   Thumb Code    56  rt_memcpy.o(.emb_text)
    __aeabi_memcpy8                          0x0800095d   Thumb Code     0  rt_memcpy.o(.emb_text)
    Reset_Handler                            0x08000995   Thumb Code     8  startup_stm32f030x6.o(.text)
    ADC1_IRQHandler                          0x080009a7   Thumb Code     0  startup_stm32f030x6.o(.text)
    DMA1_Channel1_IRQHandler                 0x080009a7   Thumb Code     0  startup_stm32f030x6.o(.text)
    DMA1_Channel2_3_IRQHandler               0x080009a7   Thumb Code     0  startup_stm32f030x6.o(.text)
    DMA1_Channel4_5_IRQHandler               0x080009a7   Thumb Code     0  startup_stm32f030x6.o(.text)
    EXTI0_1_IRQHandler                       0x080009a7   Thumb Code     0  startup_stm32f030x6.o(.text)
    EXTI2_3_IRQHandler                       0x080009a7   Thumb Code     0  startup_stm32f030x6.o(.text)
    EXTI4_15_IRQHandler                      0x080009a7   Thumb Code     0  startup_stm32f030x6.o(.text)
    FLASH_IRQHandler                         0x080009a7   Thumb Code     0  startup_stm32f030x6.o(.text)
    I2C1_IRQHandler                          0x080009a7   Thumb Code     0  startup_stm32f030x6.o(.text)
    RCC_IRQHandler                           0x080009a7   Thumb Code     0  startup_stm32f030x6.o(.text)
    RTC_IRQHandler                           0x080009a7   Thumb Code     0  startup_stm32f030x6.o(.text)
    SPI1_IRQHandler                          0x080009a7   Thumb Code     0  startup_stm32f030x6.o(.text)
    TIM1_BRK_UP_TRG_COM_IRQHandler           0x080009a7   Thumb Code     0  startup_stm32f030x6.o(.text)
    TIM1_CC_IRQHandler                       0x080009a7   Thumb Code     0  startup_stm32f030x6.o(.text)
    WWDG_IRQHandler                          0x080009a7   Thumb Code     0  startup_stm32f030x6.o(.text)
    __user_initial_stackheap                 0x080009a9   Thumb Code     0  startup_stm32f030x6.o(.text)
    _memset_w                                0x080009cd   Thumb Code    26  rt_memclr.o(.text)
    _memset                                  0x080009e7   Thumb Code    30  rt_memclr.o(.text)
    __aeabi_memclr                           0x08000a05   Thumb Code     4  rt_memclr.o(.text)
    __rt_memclr                              0x08000a05   Thumb Code     0  rt_memclr.o(.text)
    __aeabi_memclr4                          0x08000a09   Thumb Code     0  rt_memclr.o(.text)
    __aeabi_memclr8                          0x08000a09   Thumb Code     0  rt_memclr.o(.text)
    __rt_memclr_w                            0x08000a09   Thumb Code     4  rt_memclr.o(.text)
    __aeabi_uidiv                            0x08000a0d   Thumb Code     0  aeabi_sdiv.o(.text)
    __aeabi_uidivmod                         0x08000a0d   Thumb Code    20  aeabi_sdiv.o(.text)
    __aeabi_idiv                             0x08000a21   Thumb Code     0  aeabi_sdiv.o(.text)
    __aeabi_idivmod                          0x08000a21   Thumb Code   326  aeabi_sdiv.o(.text)
    __use_two_region_memory                  0x08000b67   Thumb Code     2  heapauxi.o(.text)
    __rt_heap_escrow$2region                 0x08000b69   Thumb Code     2  heapauxi.o(.text)
    __rt_heap_expand$2region                 0x08000b6b   Thumb Code     2  heapauxi.o(.text)
    __aeabi_f2uiz                            0x08000b6d   Thumb Code     0  ffixui.o(.text)
    _ffixu                                   0x08000b6d   Thumb Code    48  ffixui.o(.text)
    __aeabi_i2f_normalise                    0x08000b9d   Thumb Code    72  fflti.o(.text)
    __aeabi_i2f                              0x08000be5   Thumb Code    16  fflti.o(.text)
    _fflt                                    0x08000be5   Thumb Code     0  fflti.o(.text)
    __aeabi_ui2f                             0x08000bf5   Thumb Code     6  fflti.o(.text)
    _ffltu                                   0x08000bf5   Thumb Code     0  fflti.o(.text)
    __user_setup_stackheap                   0x08000bfb   Thumb Code    62  sys_stackheap_outer.o(.text)
    exit                                     0x08000c39   Thumb Code    16  exit.o(.text)
    __user_libspace                          0x08000c49   Thumb Code     8  libspace.o(.text)
    __user_perproc_libspace                  0x08000c49   Thumb Code     0  libspace.o(.text)
    __user_perthread_libspace                0x08000c49   Thumb Code     0  libspace.o(.text)
    _sys_exit                                0x08000c51   Thumb Code     8  sys_exit.o(.text)
    __I$use$semihosting                      0x08000c5d   Thumb Code     0  use_no_semi.o(.text)
    __use_no_semihosting_swi                 0x08000c5d   Thumb Code     2  use_no_semi.o(.text)
    __semihosting_library_function           0x08000c5f   Thumb Code     0  indicate_semi.o(.text)
    AO_Read                                  0x08000c61   Thumb Code   108  main.o(i.AO_Read)
    AdcAverage                               0x08000ce9   Thumb Code    42  main.o(i.AdcAverage)
    AdcConvert                               0x08000d19   Thumb Code   118  main.o(i.AdcConvert)
    AnswerRsetMCU                            0x08000d9d   Thumb Code    10  pc_communication.o(i.AnswerRsetMCU)
    AnswerStartCommunication_19              0x08000dad   Thumb Code    30  pc_communication.o(i.AnswerStartCommunication_19)
    AnswerWriteSettingStruct                 0x08000dcd   Thumb Code    98  pc_communication.o(i.AnswerWriteSettingStruct)
    BothControlLoop                          0x08000e39   Thumb Code   138  main.o(i.BothControlLoop)
    BtnRead                                  0x08000edd   Thumb Code    92  main.o(i.BtnRead)
    ChargeBootstrap                          0x08000f4d   Thumb Code    52  main.o(i.ChargeBootstrap)
    CheckAndWrightParameters                 0x08000f8d   Thumb Code    52  settings.o(i.CheckAndWrightParameters)
    CheckMinMaxValues                        0x08000fc5   Thumb Code   176  settings.o(i.CheckMinMaxValues)
    CheckPCmessage                           0x08001075   Thumb Code   148  pc_communication.o(i.CheckPCmessage)
    CheckRxBufWithMW                         0x0800110d   Thumb Code    32  pc_communication.o(i.CheckRxBufWithMW)
    CheckSettingsInFLASH                     0x08001131   Thumb Code    96  settings.o(i.CheckSettingsInFLASH)
    CoilControl                              0x0800119d   Thumb Code   140  main.o(i.CoilControl)
    Crc16                                    0x0800123d   Thumb Code    58  modbus.o(i.Crc16)
    CulcCheckSum                             0x08001281   Thumb Code   132  settings.o(i.CulcCheckSum)
    CurrControl                              0x08001305   Thumb Code    70  main.o(i.CurrControl)
    Error_Handler                            0x0800135d   Thumb Code     6  main.o(i.Error_Handler)
    FLASH_Erase_Page                         0x08001365   Thumb Code    68  settings.o(i.FLASH_Erase_Page)
    FLASH_Lock                               0x080013ad   Thumb Code    14  settings.o(i.FLASH_Lock)
    FLASH_Program_Word                       0x080013c1   Thumb Code    84  settings.o(i.FLASH_Program_Word)
    FLASH_Unlock                             0x08001419   Thumb Code    12  settings.o(i.FLASH_Unlock)
    FillMbRegs                               0x08001431   Thumb Code    44  main.o(i.FillMbRegs)
    HAL_IncTick                              0x08001471   Thumb Code    16  stm32f0xx_hal.o(i.HAL_IncTick)
    HAL_Init                                 0x08001489   Thumb Code    28  stm32f0xx_hal.o(i.HAL_Init)
    HAL_InitTick                             0x080014a9   Thumb Code    70  stm32f0xx_hal.o(i.HAL_InitTick)
    HAL_MspInit                              0x080014fd   Thumb Code    60  stm32f0xx_hal_msp.o(i.HAL_MspInit)
    HAL_NVIC_EnableIRQ                       0x0800153d   Thumb Code    22  stm32f0xx_hal_cortex.o(i.HAL_NVIC_EnableIRQ)
    HAL_NVIC_SetPriority                     0x08001559   Thumb Code    18  stm32f0xx_hal_cortex.o(i.HAL_NVIC_SetPriority)
    HAL_SYSTICK_Config                       0x0800156d   Thumb Code    46  stm32f0xx_hal_cortex.o(i.HAL_SYSTICK_Config)
    HAL_TIMEx_BreakCallback                  0x080015a5   Thumb Code     2  stm32f0xx_hal_tim_ex.o(i.HAL_TIMEx_BreakCallback)
    HAL_TIMEx_CommutCallback                 0x080015a7   Thumb Code     2  stm32f0xx_hal_tim_ex.o(i.HAL_TIMEx_CommutCallback)
    HAL_TIMEx_MasterConfigSynchronization    0x080015a9   Thumb Code   110  stm32f0xx_hal_tim_ex.o(i.HAL_TIMEx_MasterConfigSynchronization)
    HAL_TIM_Base_Init                        0x08001621   Thumb Code   100  stm32f0xx_hal_tim.o(i.HAL_TIM_Base_Init)
    HAL_TIM_Base_MspInit                     0x08001685   Thumb Code   116  tim.o(i.HAL_TIM_Base_MspInit)
    HAL_TIM_ConfigClockSource                0x08001705   Thumb Code   280  stm32f0xx_hal_tim.o(i.HAL_TIM_ConfigClockSource)
    HAL_TIM_IC_CaptureCallback               0x0800181d   Thumb Code     2  stm32f0xx_hal_tim.o(i.HAL_TIM_IC_CaptureCallback)
    HAL_TIM_IRQHandler                       0x0800181f   Thumb Code   456  stm32f0xx_hal_tim.o(i.HAL_TIM_IRQHandler)
    HAL_TIM_OC_DelayElapsedCallback          0x080019e7   Thumb Code     2  stm32f0xx_hal_tim.o(i.HAL_TIM_OC_DelayElapsedCallback)
    HAL_TIM_PWM_PulseFinishedCallback        0x080019e9   Thumb Code     2  stm32f0xx_hal_tim.o(i.HAL_TIM_PWM_PulseFinishedCallback)
    HAL_TIM_PeriodElapsedCallback            0x080019eb   Thumb Code     2  stm32f0xx_hal_tim.o(i.HAL_TIM_PeriodElapsedCallback)
    HAL_TIM_TriggerCallback                  0x080019ed   Thumb Code     2  stm32f0xx_hal_tim.o(i.HAL_TIM_TriggerCallback)
    HardFault_Handler                        0x080019ef   Thumb Code     4  stm32f0xx_it.o(i.HardFault_Handler)
    IWDG_Reset                               0x080019f5   Thumb Code     8  main.o(i.IWDG_Reset)
    LL_ADC_Init                              0x08001a05   Thumb Code    58  stm32f0xx_ll_adc.o(i.LL_ADC_Init)
    LL_ADC_REG_Init                          0x08001a55   Thumb Code    54  stm32f0xx_ll_adc.o(i.LL_ADC_REG_Init)
    LL_GPIO_Init                             0x08001ab9   Thumb Code   236  stm32f0xx_ll_gpio.o(i.LL_GPIO_Init)
    LL_RCC_GetUSARTClockFreq                 0x08001bdd   Thumb Code   112  stm32f0xx_ll_rcc.o(i.LL_RCC_GetUSARTClockFreq)
    LL_SetSystemCoreClock                    0x08001c65   Thumb Code     6  stm32f0xx_ll_utils.o(i.LL_SetSystemCoreClock)
    LL_TIM_Init                              0x08001c99   Thumb Code   130  stm32f0xx_ll_tim.o(i.LL_TIM_Init)
    LL_USART_Init                            0x08001d31   Thumb Code   194  stm32f0xx_ll_usart.o(i.LL_USART_Init)
    MX_ADC_Init                              0x08001e11   Thumb Code   252  adc.o(i.MX_ADC_Init)
    MX_GPIO_Init                             0x08001f1d   Thumb Code   314  gpio.o(i.MX_GPIO_Init)
    MX_IWDG_Init                             0x08002061   Thumb Code    68  iwdg.o(i.MX_IWDG_Init)
    MX_TIM14_Init                            0x080020b9   Thumb Code    90  tim.o(i.MX_TIM14_Init)
    MX_TIM16_Init                            0x0800211d   Thumb Code    92  tim.o(i.MX_TIM16_Init)
    MX_TIM17_Init                            0x08002185   Thumb Code    46  tim.o(i.MX_TIM17_Init)
    MX_TIM3_Init                             0x080021bd   Thumb Code   106  tim.o(i.MX_TIM3_Init)
    MX_USART1_UART_Init                      0x08002235   Thumb Code   300  usart.o(i.MX_USART1_UART_Init)
    ModbusCheckMsg                           0x08002371   Thumb Code   494  modbus.o(i.ModbusCheckMsg)
    ModbusCreateMsg01                        0x0800257d   Thumb Code    32  modbus.o(i.ModbusCreateMsg01)
    ModbusCreateMsg02                        0x080025a1   Thumb Code   146  modbus.o(i.ModbusCreateMsg02)
    ModbusCreateMsg03                        0x08002641   Thumb Code   166  modbus.o(i.ModbusCreateMsg03)
    ModbusCreateMsg05                        0x080026f5   Thumb Code    28  modbus.o(i.ModbusCreateMsg05)
    ModbusCreateMsg06                        0x08002715   Thumb Code    78  modbus.o(i.ModbusCreateMsg06)
    ModbusCreateMsg16                        0x08002771   Thumb Code   182  modbus.o(i.ModbusCreateMsg16)
    ModbusCreateMsgError                     0x08002835   Thumb Code    26  modbus.o(i.ModbusCreateMsgError)
    ModbusSendMsg                            0x08002855   Thumb Code   108  modbus.o(i.ModbusSendMsg)
    ModbusTaskLoop                           0x080028cd   Thumb Code    20  modbus.o(i.ModbusTaskLoop)
    ModbusTimInterruptHandler                0x080028e5   Thumb Code    74  modbus.o(i.ModbusTimInterruptHandler)
    ModbusUartIntRxHandler                   0x08002939   Thumb Code    88  modbus.o(i.ModbusUartIntRxHandler)
    ModbusUartIntTxHandler                   0x08002999   Thumb Code   112  modbus.o(i.ModbusUartIntTxHandler)
    NMI_Handler                              0x08002a15   Thumb Code     4  stm32f0xx_it.o(i.NMI_Handler)
    PendSV_Handler                           0x08002a19   Thumb Code     2  stm32f0xx_it.o(i.PendSV_Handler)
    RCC_GetHCLKClockFreq                     0x08002a1d   Thumb Code    26  stm32f0xx_ll_rcc.o(i.RCC_GetHCLKClockFreq)
    RCC_GetPCLK1ClockFreq                    0x08002a41   Thumb Code    26  stm32f0xx_ll_rcc.o(i.RCC_GetPCLK1ClockFreq)
    RCC_GetSystemClockFreq                   0x08002a65   Thumb Code    48  stm32f0xx_ll_rcc.o(i.RCC_GetSystemClockFreq)
    RCC_PLL_GetFreqDomain_SYS                0x08002a99   Thumb Code    86  stm32f0xx_ll_rcc.o(i.RCC_PLL_GetFreqDomain_SYS)
    ReadAndSendAllSettings                   0x08002afd   Thumb Code    36  pc_communication.o(i.ReadAndSendAllSettings)
    ReadSerialNumber                         0x08002b25   Thumb Code     8  pc_communication.o(i.ReadSerialNumber)
    ReadSettingsStruct                       0x08002b31   Thumb Code   416  settings.o(i.ReadSettingsStruct)
    SVC_Handler                              0x08002cd1   Thumb Code     2  stm32f0xx_it.o(i.SVC_Handler)
    SetDelay                                 0x08002cd5   Thumb Code    20  modbus.o(i.SetDelay)
    SetManufactureSettings                   0x08002cf1   Thumb Code   142  settings.o(i.SetManufactureSettings)
    SysTick_Handler                          0x08002d85   Thumb Code     8  stm32f0xx_it.o(i.SysTick_Handler)
    SystemClock_Config                       0x08002d8d   Thumb Code   388  main.o(i.SystemClock_Config)
    SystemInit                               0x08002f1d   Thumb Code     2  system_stm32f0xx.o(i.SystemInit)
    TIM14_IRQHandler                         0x08002f21   Thumb Code    20  stm32f0xx_it.o(i.TIM14_IRQHandler)
    TIM16_IRQHandler                         0x08002f39   Thumb Code    68  stm32f0xx_it.o(i.TIM16_IRQHandler)
    TIM17_IRQHandler                         0x08002f8d   Thumb Code   192  stm32f0xx_it.o(i.TIM17_IRQHandler)
    TIM3_IRQHandler                          0x0800306d   Thumb Code    42  stm32f0xx_it.o(i.TIM3_IRQHandler)
    TIM_Base_SetConfig                       0x080030a9   Thumb Code   122  stm32f0xx_hal_tim.o(i.TIM_Base_SetConfig)
    TIM_ETR_SetConfig                        0x08003139   Thumb Code    28  stm32f0xx_hal_tim.o(i.TIM_ETR_SetConfig)
    USART1_IRQHandler                        0x080031d1   Thumb Code    44  stm32f0xx_it.o(i.USART1_IRQHandler)
    VoltageControl                           0x08003201   Thumb Code   126  main.o(i.VoltageControl)
    VtAllOff                                 0x0800329d   Thumb Code    44  main.o(i.VtAllOff)
    VtDirectPolarity                         0x080032c9   Thumb Code    24  main.o(i.VtDirectPolarity)
    VtReversPolarity                         0x080032e1   Thumb Code    24  main.o(i.VtReversPolarity)
    WriteSettingsStructToFLASH               0x080032f9   Thumb Code    44  settings.o(i.WriteSettingsStructToFLASH)
    WriteSettingsStructToRAM                 0x08003325   Thumb Code   180  settings.o(i.WriteSettingsStructToRAM)
    adcSensLoop                              0x0800355d   Thumb Code   252  main.o(i.adcSensLoop)
    check_EOP                                0x08003685   Thumb Code    30  settings.o(i.check_EOP)
    flash_ready                              0x080036a9   Thumb Code    14  settings.o(i.flash_ready)
    main                                     0x080036bd   Thumb Code   354  main.o(i.main)
    __aeabi_fadd                             0x08003855   Thumb Code     0  faddsub.o(x$fpl$fadd)
    _fadd                                    0x08003855   Thumb Code   134  faddsub.o(x$fpl$fadd)
    __aeabi_fmul                             0x080038e1   Thumb Code     0  fmul.o(x$fpl$fmul)
    _fmul                                    0x080038e1   Thumb Code   172  fmul.o(x$fpl$fmul)
    __aeabi_fsub                             0x08003991   Thumb Code     0  faddsub.o(x$fpl$fsub)
    _fsub                                    0x08003991   Thumb Code   204  faddsub.o(x$fpl$fsub)
    __I$use$fp                               0x08003a60   Number         0  usenofp.o(x$fpl$usenofp)
    magic_word                               0x08003a88   Data          28  pc_communication.o(.constdata)
    AHBPrescTable                            0x08003aa4   Data          16  system_stm32f0xx.o(.constdata)
    APBPrescTable                            0x08003ab4   Data           8  system_stm32f0xx.o(.constdata)
    Region$$Table$$Base                      0x08003abc   Number         0  anon$$obj.o(Region$$Table)
    Region$$Table$$Limit                     0x08003adc   Number         0  anon$$obj.o(Region$$Table)
    Own_ID                                   0x200000bc   Data           1  modbus.o(.data)
    DI_Registers                             0x200000be   Data           2  modbus.o(.data)
    DO_Registers                             0x200000c0   Data           2  modbus.o(.data)
    reset_flag                               0x200000c2   Data           1  pc_communication.o(.data)
    current_work_mode                        0x200000c3   Data           1  settings.o(.data)
    previous_work_mode                       0x200000c4   Data           1  settings.o(.data)
    current_control_source                   0x200000c5   Data           1  settings.o(.data)
    previous_control_source                  0x200000c6   Data           1  settings.o(.data)
    current_coil_state                       0x200000c8   Data           1  main.o(.data)
    previous_coil_state                      0x200000c9   Data           1  main.o(.data)
    Vin_voltage                              0x200000ca   Data           2  main.o(.data)
    Vcoil_voltage                            0x200000cc   Data           2  main.o(.data)
    Icoil_current                            0x200000ce   Data           2  main.o(.data)
    btsp_flag                                0x200000d0   Data           1  main.o(.data)
    cmt_flag                                 0x200000d1   Data           1  main.o(.data)
    busy_flag                                0x200000d2   Data           1  main.o(.data)
    vt_on_msec                               0x200000d4   Data           4  main.o(.data)
    cant_change_flag                         0x200000d8   Data           1  main.o(.data)
    programming_seconds                      0x200000e4   Data           2  stm32f0xx_it.o(.data)
    uwTick                                   0x200000ec   Data           4  stm32f0xx_hal.o(.data)
    uwTickPrio                               0x200000f0   Data           4  stm32f0xx_hal.o(.data)
    uwTickFreq                               0x200000f4   Data           1  stm32f0xx_hal.o(.data)
    SystemCoreClock                          0x200000f8   Data           4  system_stm32f0xx.o(.data)
    MODBUS                                   0x200000fc   Data         268  modbus.o(.bss)
    AO_Registers                             0x20000208   Data          12  modbus.o(.bss)
    Settings_struct                          0x20000214   Data         100  settings.o(.bss)
    ADC_data                                 0x20000278   Data         100  main.o(.bss)
    htim3                                    0x200002dc   Data          72  tim.o(.bss)
    htim17                                   0x20000324   Data          72  tim.o(.bss)
    __libspace_start                         0x2000036c   Data          96  libspace.o(.bss)
    __temporary_stack_top$libspace           0x200003cc   Data           0  libspace.o(.bss)



==============================================================================

Memory Map of the image

  Image Entry point : 0x080008b9

  Load Region LR_IROM1 (Base: 0x08000800, Size: 0x0000331c, Max: 0x00003800, ABSOLUTE)

    Execution Region ER_IROM1 (Exec base: 0x08000800, Load base: 0x08000800, Size: 0x000032dc, Max: 0x00003800, ABSOLUTE)

    Exec Addr    Load Addr    Size         Type   Attr      Idx    E Section Name        Object

    0x08000800   0x08000800   0x000000b8   Data   RO            3    RESET               startup_stm32f030x6.o
    0x080008b8   0x080008b8   0x00000008   Code   RO         4048  * !!!main             c_p.l(__main.o)
    0x080008c0   0x080008c0   0x0000003c   Code   RO         4236    !!!scatter          c_p.l(__scatter.o)
    0x080008fc   0x080008fc   0x0000001a   Code   RO         4238    !!handler_copy      c_p.l(__scatter_copy.o)
    0x08000916   0x08000916   0x00000002   PAD
    0x08000918   0x08000918   0x0000001c   Code   RO         4240    !!handler_zi        c_p.l(__scatter_zi.o)
    0x08000934   0x08000934   0x00000002   Code   RO         4103    .ARM.Collect$$libinit$$00000000  c_p.l(libinit.o)
    0x08000936   0x08000936   0x00000000   Code   RO         4117    .ARM.Collect$$libinit$$00000002  c_p.l(libinit2.o)
    0x08000936   0x08000936   0x00000000   Code   RO         4119    .ARM.Collect$$libinit$$00000004  c_p.l(libinit2.o)
    0x08000936   0x08000936   0x00000000   Code   RO         4122    .ARM.Collect$$libinit$$0000000A  c_p.l(libinit2.o)
    0x08000936   0x08000936   0x00000000   Code   RO         4124    .ARM.Collect$$libinit$$0000000C  c_p.l(libinit2.o)
    0x08000936   0x08000936   0x00000000   Code   RO         4126    .ARM.Collect$$libinit$$0000000E  c_p.l(libinit2.o)
    0x08000936   0x08000936   0x00000000   Code   RO         4129    .ARM.Collect$$libinit$$00000011  c_p.l(libinit2.o)
    0x08000936   0x08000936   0x00000000   Code   RO         4131    .ARM.Collect$$libinit$$00000013  c_p.l(libinit2.o)
    0x08000936   0x08000936   0x00000000   Code   RO         4133    .ARM.Collect$$libinit$$00000015  c_p.l(libinit2.o)
    0x08000936   0x08000936   0x00000000   Code   RO         4135    .ARM.Collect$$libinit$$00000017  c_p.l(libinit2.o)
    0x08000936   0x08000936   0x00000000   Code   RO         4137    .ARM.Collect$$libinit$$00000019  c_p.l(libinit2.o)
    0x08000936   0x08000936   0x00000000   Code   RO         4139    .ARM.Collect$$libinit$$0000001B  c_p.l(libinit2.o)
    0x08000936   0x08000936   0x00000000   Code   RO         4141    .ARM.Collect$$libinit$$0000001D  c_p.l(libinit2.o)
    0x08000936   0x08000936   0x00000000   Code   RO         4143    .ARM.Collect$$libinit$$0000001F  c_p.l(libinit2.o)
    0x08000936   0x08000936   0x00000000   Code   RO         4145    .ARM.Collect$$libinit$$00000021  c_p.l(libinit2.o)
    0x08000936   0x08000936   0x00000000   Code   RO         4147    .ARM.Collect$$libinit$$00000023  c_p.l(libinit2.o)
    0x08000936   0x08000936   0x00000000   Code   RO         4149    .ARM.Collect$$libinit$$00000025  c_p.l(libinit2.o)
    0x08000936   0x08000936   0x00000000   Code   RO         4153    .ARM.Collect$$libinit$$0000002C  c_p.l(libinit2.o)
    0x08000936   0x08000936   0x00000000   Code   RO         4155    .ARM.Collect$$libinit$$0000002E  c_p.l(libinit2.o)
    0x08000936   0x08000936   0x00000000   Code   RO         4157    .ARM.Collect$$libinit$$00000030  c_p.l(libinit2.o)
    0x08000936   0x08000936   0x00000000   Code   RO         4159    .ARM.Collect$$libinit$$00000032  c_p.l(libinit2.o)
    0x08000936   0x08000936   0x00000002   Code   RO         4160    .ARM.Collect$$libinit$$00000033  c_p.l(libinit2.o)
    0x08000938   0x08000938   0x00000002   Code   RO         4191    .ARM.Collect$$libshutdown$$00000000  c_p.l(libshutdown.o)
    0x0800093a   0x0800093a   0x00000000   Code   RO         4217    .ARM.Collect$$libshutdown$$00000002  c_p.l(libshutdown2.o)
    0x0800093a   0x0800093a   0x00000000   Code   RO         4219    .ARM.Collect$$libshutdown$$00000004  c_p.l(libshutdown2.o)
    0x0800093a   0x0800093a   0x00000000   Code   RO         4221    .ARM.Collect$$libshutdown$$00000006  c_p.l(libshutdown2.o)
    0x0800093a   0x0800093a   0x00000000   Code   RO         4224    .ARM.Collect$$libshutdown$$00000009  c_p.l(libshutdown2.o)
    0x0800093a   0x0800093a   0x00000000   Code   RO         4227    .ARM.Collect$$libshutdown$$0000000C  c_p.l(libshutdown2.o)
    0x0800093a   0x0800093a   0x00000000   Code   RO         4229    .ARM.Collect$$libshutdown$$0000000E  c_p.l(libshutdown2.o)
    0x0800093a   0x0800093a   0x00000000   Code   RO         4232    .ARM.Collect$$libshutdown$$00000011  c_p.l(libshutdown2.o)
    0x0800093a   0x0800093a   0x00000002   Code   RO         4233    .ARM.Collect$$libshutdown$$00000012  c_p.l(libshutdown2.o)
    0x0800093c   0x0800093c   0x00000000   Code   RO         4062    .ARM.Collect$$rtentry$$00000000  c_p.l(__rtentry.o)
    0x0800093c   0x0800093c   0x00000000   Code   RO         4073    .ARM.Collect$$rtentry$$00000002  c_p.l(__rtentry2.o)
    0x0800093c   0x0800093c   0x00000006   Code   RO         4085    .ARM.Collect$$rtentry$$00000004  c_p.l(__rtentry4.o)
    0x08000942   0x08000942   0x00000000   Code   RO         4075    .ARM.Collect$$rtentry$$00000009  c_p.l(__rtentry2.o)
    0x08000942   0x08000942   0x00000004   Code   RO         4076    .ARM.Collect$$rtentry$$0000000A  c_p.l(__rtentry2.o)
    0x08000946   0x08000946   0x00000000   Code   RO         4078    .ARM.Collect$$rtentry$$0000000C  c_p.l(__rtentry2.o)
    0x08000946   0x08000946   0x00000008   Code   RO         4079    .ARM.Collect$$rtentry$$0000000D  c_p.l(__rtentry2.o)
    0x0800094e   0x0800094e   0x00000002   Code   RO         4108    .ARM.Collect$$rtexit$$00000000  c_p.l(rtexit.o)
    0x08000950   0x08000950   0x00000000   Code   RO         4164    .ARM.Collect$$rtexit$$00000002  c_p.l(rtexit2.o)
    0x08000950   0x08000950   0x00000004   Code   RO         4165    .ARM.Collect$$rtexit$$00000003  c_p.l(rtexit2.o)
    0x08000954   0x08000954   0x00000006   Code   RO         4166    .ARM.Collect$$rtexit$$00000004  c_p.l(rtexit2.o)
    0x0800095a   0x0800095a   0x00000002   PAD
    0x0800095c   0x0800095c   0x00000038   Code   RO         4036    .emb_text           c_p.l(rt_memcpy.o)
    0x08000994   0x08000994   0x00000038   Code   RO            4    .text               startup_stm32f030x6.o
    0x080009cc   0x080009cc   0x00000040   Code   RO         4040    .text               c_p.l(rt_memclr.o)
    0x08000a0c   0x08000a0c   0x0000015a   Code   RO         4042    .text               c_p.l(aeabi_sdiv.o)
    0x08000b66   0x08000b66   0x00000006   Code   RO         4046    .text               c_p.l(heapauxi.o)
    0x08000b6c   0x08000b6c   0x00000030   Code   RO         4056    .text               fz_ps.l(ffixui.o)
    0x08000b9c   0x08000b9c   0x0000005e   Code   RO         4058    .text               fz_ps.l(fflti.o)
    0x08000bfa   0x08000bfa   0x0000003e   Code   RO         4089    .text               c_p.l(sys_stackheap_outer.o)
    0x08000c38   0x08000c38   0x00000010   Code   RO         4092    .text               c_p.l(exit.o)
    0x08000c48   0x08000c48   0x00000008   Code   RO         4104    .text               c_p.l(libspace.o)
    0x08000c50   0x08000c50   0x0000000c   Code   RO         4161    .text               c_p.l(sys_exit.o)
    0x08000c5c   0x08000c5c   0x00000002   Code   RO         4180    .text               c_p.l(use_no_semi.o)
    0x08000c5e   0x08000c5e   0x00000000   Code   RO         4182    .text               c_p.l(indicate_semi.o)
    0x08000c5e   0x08000c5e   0x00000002   PAD
    0x08000c60   0x08000c60   0x00000088   Code   RO          486    i.AO_Read           main.o
    0x08000ce8   0x08000ce8   0x00000030   Code   RO          487    i.AdcAverage        main.o
    0x08000d18   0x08000d18   0x00000084   Code   RO          488    i.AdcConvert        main.o
    0x08000d9c   0x08000d9c   0x00000010   Code   RO          278    i.AnswerRsetMCU     pc_communication.o
    0x08000dac   0x08000dac   0x0000001e   Code   RO          279    i.AnswerStartCommunication_19  pc_communication.o
    0x08000dca   0x08000dca   0x00000002   PAD
    0x08000dcc   0x08000dcc   0x0000006c   Code   RO          280    i.AnswerWriteSettingStruct  pc_communication.o
    0x08000e38   0x08000e38   0x000000a4   Code   RO          489    i.BothControlLoop   main.o
    0x08000edc   0x08000edc   0x00000070   Code   RO          490    i.BtnRead           main.o
    0x08000f4c   0x08000f4c   0x00000040   Code   RO          491    i.ChargeBootstrap   main.o
    0x08000f8c   0x08000f8c   0x00000038   Code   RO          345    i.CheckAndWrightParameters  settings.o
    0x08000fc4   0x08000fc4   0x000000b0   Code   RO          346    i.CheckMinMaxValues  settings.o
    0x08001074   0x08001074   0x00000098   Code   RO          281    i.CheckPCmessage    pc_communication.o
    0x0800110c   0x0800110c   0x00000024   Code   RO          282    i.CheckRxBufWithMW  pc_communication.o
    0x08001130   0x08001130   0x0000006c   Code   RO          347    i.CheckSettingsInFLASH  settings.o
    0x0800119c   0x0800119c   0x000000a0   Code   RO          492    i.CoilControl       main.o
    0x0800123c   0x0800123c   0x00000044   Code   RO           12    i.Crc16             modbus.o
    0x08001280   0x08001280   0x00000084   Code   RO          348    i.CulcCheckSum      settings.o
    0x08001304   0x08001304   0x00000058   Code   RO          493    i.CurrControl       main.o
    0x0800135c   0x0800135c   0x00000006   Code   RO          494    i.Error_Handler     main.o
    0x08001362   0x08001362   0x00000002   PAD
    0x08001364   0x08001364   0x00000048   Code   RO          349    i.FLASH_Erase_Page  settings.o
    0x080013ac   0x080013ac   0x00000014   Code   RO          350    i.FLASH_Lock        settings.o
    0x080013c0   0x080013c0   0x00000058   Code   RO          351    i.FLASH_Program_Word  settings.o
    0x08001418   0x08001418   0x00000018   Code   RO          352    i.FLASH_Unlock      settings.o
    0x08001430   0x08001430   0x00000040   Code   RO          496    i.FillMbRegs        main.o
    0x08001470   0x08001470   0x00000018   Code   RO         1544    i.HAL_IncTick       stm32f0xx_hal.o
    0x08001488   0x08001488   0x00000020   Code   RO         1545    i.HAL_Init          stm32f0xx_hal.o
    0x080014a8   0x080014a8   0x00000054   Code   RO         1546    i.HAL_InitTick      stm32f0xx_hal.o
    0x080014fc   0x080014fc   0x00000040   Code   RO          999    i.HAL_MspInit       stm32f0xx_hal_msp.o
    0x0800153c   0x0800153c   0x0000001c   Code   RO         2345    i.HAL_NVIC_EnableIRQ  stm32f0xx_hal_cortex.o
    0x08001558   0x08001558   0x00000012   Code   RO         2349    i.HAL_NVIC_SetPriority  stm32f0xx_hal_cortex.o
    0x0800156a   0x0800156a   0x00000002   PAD
    0x0800156c   0x0800156c   0x00000038   Code   RO         2353    i.HAL_SYSTICK_Config  stm32f0xx_hal_cortex.o
    0x080015a4   0x080015a4   0x00000002   Code   RO         3519    i.HAL_TIMEx_BreakCallback  stm32f0xx_hal_tim_ex.o
    0x080015a6   0x080015a6   0x00000002   Code   RO         3520    i.HAL_TIMEx_CommutCallback  stm32f0xx_hal_tim_ex.o
    0x080015a8   0x080015a8   0x00000078   Code   RO         3538    i.HAL_TIMEx_MasterConfigSynchronization  stm32f0xx_hal_tim_ex.o
    0x08001620   0x08001620   0x00000064   Code   RO         2808    i.HAL_TIM_Base_Init  stm32f0xx_hal_tim.o
    0x08001684   0x08001684   0x00000080   Code   RO          774    i.HAL_TIM_Base_MspInit  tim.o
    0x08001704   0x08001704   0x00000118   Code   RO         2817    i.HAL_TIM_ConfigClockSource  stm32f0xx_hal_tim.o
    0x0800181c   0x0800181c   0x00000002   Code   RO         2842    i.HAL_TIM_IC_CaptureCallback  stm32f0xx_hal_tim.o
    0x0800181e   0x0800181e   0x000001c8   Code   RO         2856    i.HAL_TIM_IRQHandler  stm32f0xx_hal_tim.o
    0x080019e6   0x080019e6   0x00000002   Code   RO         2859    i.HAL_TIM_OC_DelayElapsedCallback  stm32f0xx_hal_tim.o
    0x080019e8   0x080019e8   0x00000002   Code   RO         2886    i.HAL_TIM_PWM_PulseFinishedCallback  stm32f0xx_hal_tim.o
    0x080019ea   0x080019ea   0x00000002   Code   RO         2894    i.HAL_TIM_PeriodElapsedCallback  stm32f0xx_hal_tim.o
    0x080019ec   0x080019ec   0x00000002   Code   RO         2899    i.HAL_TIM_TriggerCallback  stm32f0xx_hal_tim.o
    0x080019ee   0x080019ee   0x00000004   Code   RO          888    i.HardFault_Handler  stm32f0xx_it.o
    0x080019f2   0x080019f2   0x00000002   PAD
    0x080019f4   0x080019f4   0x00000010   Code   RO          497    i.IWDG_Reset        main.o
    0x08001a04   0x08001a04   0x00000040   Code   RO         1071    i.LL_ADC_Init       stm32f0xx_ll_adc.o
    0x08001a44   0x08001a44   0x00000010   Code   RO         1072    i.LL_ADC_IsEnabled  stm32f0xx_ll_adc.o
    0x08001a54   0x08001a54   0x0000003c   Code   RO         1073    i.LL_ADC_REG_Init   stm32f0xx_ll_adc.o
    0x08001a90   0x08001a90   0x0000000c   Code   RO          715    i.LL_ADC_REG_SetSequencerChAdd  adc.o
    0x08001a9c   0x08001a9c   0x0000001c   Code   RO          677    i.LL_AHB1_GRP1_EnableClock  gpio.o
    0x08001ab8   0x08001ab8   0x000000ec   Code   RO         1024    i.LL_GPIO_Init      stm32f0xx_ll_gpio.o
    0x08001ba4   0x08001ba4   0x00000004   Code   RO          498    i.LL_GPIO_ResetOutputPin  main.o
    0x08001ba8   0x08001ba8   0x00000004   Code   RO          678    i.LL_GPIO_ResetOutputPin  gpio.o
    0x08001bac   0x08001bac   0x00000004   Code   RO          889    i.LL_GPIO_ResetOutputPin  stm32f0xx_it.o
    0x08001bb0   0x08001bb0   0x00000004   Code   RO          499    i.LL_GPIO_SetOutputPin  main.o
    0x08001bb4   0x08001bb4   0x00000004   Code   RO          890    i.LL_GPIO_SetOutputPin  stm32f0xx_it.o
    0x08001bb8   0x08001bb8   0x00000014   Code   RO          891    i.LL_GPIO_TogglePin  stm32f0xx_it.o
    0x08001bcc   0x08001bcc   0x00000010   Code   RO         1174    i.LL_RCC_GetSysClkSource  stm32f0xx_ll_rcc.o
    0x08001bdc   0x08001bdc   0x00000078   Code   RO         1176    i.LL_RCC_GetUSARTClockFreq  stm32f0xx_ll_rcc.o
    0x08001c54   0x08001c54   0x00000010   Code   RO         1177    i.LL_RCC_HSI_IsReady  stm32f0xx_ll_rcc.o
    0x08001c64   0x08001c64   0x0000000c   Code   RO         1255    i.LL_SetSystemCoreClock  stm32f0xx_ll_utils.o
    0x08001c70   0x08001c70   0x0000000a   Code   RO          775    i.LL_TIM_DisableARRPreload  tim.o
    0x08001c7a   0x08001c7a   0x0000000a   Code   RO          892    i.LL_TIM_DisableCounter  stm32f0xx_it.o
    0x08001c84   0x08001c84   0x0000000a   Code   RO          500    i.LL_TIM_EnableCounter  main.o
    0x08001c8e   0x08001c8e   0x0000000a   Code   RO          501    i.LL_TIM_EnableIT_UPDATE  main.o
    0x08001c98   0x08001c98   0x00000098   Code   RO         3799    i.LL_TIM_Init       stm32f0xx_ll_tim.o
    0x08001d30   0x08001d30   0x000000d0   Code   RO         3950    i.LL_USART_Init     stm32f0xx_ll_usart.o
    0x08001e00   0x08001e00   0x00000010   Code   RO         3951    i.LL_USART_IsEnabled  stm32f0xx_ll_usart.o
    0x08001e10   0x08001e10   0x0000010c   Code   RO          716    i.MX_ADC_Init       adc.o
    0x08001f1c   0x08001f1c   0x00000144   Code   RO          679    i.MX_GPIO_Init      gpio.o
    0x08002060   0x08002060   0x00000058   Code   RO          748    i.MX_IWDG_Init      iwdg.o
    0x080020b8   0x080020b8   0x00000064   Code   RO          776    i.MX_TIM14_Init     tim.o
    0x0800211c   0x0800211c   0x00000068   Code   RO          777    i.MX_TIM16_Init     tim.o
    0x08002184   0x08002184   0x00000038   Code   RO          778    i.MX_TIM17_Init     tim.o
    0x080021bc   0x080021bc   0x00000078   Code   RO          779    i.MX_TIM3_Init      tim.o
    0x08002234   0x08002234   0x0000013c   Code   RO          854    i.MX_USART1_UART_Init  usart.o
    0x08002370   0x08002370   0x0000020c   Code   RO           13    i.ModbusCheckMsg    modbus.o
    0x0800257c   0x0800257c   0x00000024   Code   RO           14    i.ModbusCreateMsg01  modbus.o
    0x080025a0   0x080025a0   0x000000a0   Code   RO           15    i.ModbusCreateMsg02  modbus.o
    0x08002640   0x08002640   0x000000b4   Code   RO           16    i.ModbusCreateMsg03  modbus.o
    0x080026f4   0x080026f4   0x00000020   Code   RO           18    i.ModbusCreateMsg05  modbus.o
    0x08002714   0x08002714   0x0000005c   Code   RO           19    i.ModbusCreateMsg06  modbus.o
    0x08002770   0x08002770   0x000000c4   Code   RO           21    i.ModbusCreateMsg16  modbus.o
    0x08002834   0x08002834   0x00000020   Code   RO           22    i.ModbusCreateMsgError  modbus.o
    0x08002854   0x08002854   0x00000078   Code   RO           23    i.ModbusSendMsg     modbus.o
    0x080028cc   0x080028cc   0x00000018   Code   RO           24    i.ModbusTaskLoop    modbus.o
    0x080028e4   0x080028e4   0x00000054   Code   RO           25    i.ModbusTimInterruptHandler  modbus.o
    0x08002938   0x08002938   0x00000060   Code   RO           26    i.ModbusUartIntRxHandler  modbus.o
    0x08002998   0x08002998   0x0000007c   Code   RO           27    i.ModbusUartIntTxHandler  modbus.o
    0x08002a14   0x08002a14   0x00000004   Code   RO          893    i.NMI_Handler       stm32f0xx_it.o
    0x08002a18   0x08002a18   0x00000002   Code   RO          894    i.PendSV_Handler    stm32f0xx_it.o
    0x08002a1a   0x08002a1a   0x00000002   PAD
    0x08002a1c   0x08002a1c   0x00000024   Code   RO         1178    i.RCC_GetHCLKClockFreq  stm32f0xx_ll_rcc.o
    0x08002a40   0x08002a40   0x00000024   Code   RO         1179    i.RCC_GetPCLK1ClockFreq  stm32f0xx_ll_rcc.o
    0x08002a64   0x08002a64   0x00000034   Code   RO         1180    i.RCC_GetSystemClockFreq  stm32f0xx_ll_rcc.o
    0x08002a98   0x08002a98   0x00000064   Code   RO         1181    i.RCC_PLL_GetFreqDomain_SYS  stm32f0xx_ll_rcc.o
    0x08002afc   0x08002afc   0x00000028   Code   RO          283    i.ReadAndSendAllSettings  pc_communication.o
    0x08002b24   0x08002b24   0x0000000c   Code   RO          284    i.ReadSerialNumber  pc_communication.o
    0x08002b30   0x08002b30   0x000001a0   Code   RO          353    i.ReadSettingsStruct  settings.o
    0x08002cd0   0x08002cd0   0x00000002   Code   RO          895    i.SVC_Handler       stm32f0xx_it.o
    0x08002cd2   0x08002cd2   0x00000002   PAD
    0x08002cd4   0x08002cd4   0x0000001c   Code   RO           28    i.SetDelay          modbus.o
    0x08002cf0   0x08002cf0   0x00000094   Code   RO          354    i.SetManufactureSettings  settings.o
    0x08002d84   0x08002d84   0x00000008   Code   RO          896    i.SysTick_Handler   stm32f0xx_it.o
    0x08002d8c   0x08002d8c   0x00000190   Code   RO          502    i.SystemClock_Config  main.o
    0x08002f1c   0x08002f1c   0x00000002   Code   RO         4000    i.SystemInit        system_stm32f0xx.o
    0x08002f1e   0x08002f1e   0x00000002   PAD
    0x08002f20   0x08002f20   0x00000018   Code   RO          897    i.TIM14_IRQHandler  stm32f0xx_it.o
    0x08002f38   0x08002f38   0x00000054   Code   RO          898    i.TIM16_IRQHandler  stm32f0xx_it.o
    0x08002f8c   0x08002f8c   0x000000e0   Code   RO          899    i.TIM17_IRQHandler  stm32f0xx_it.o
    0x0800306c   0x0800306c   0x0000003c   Code   RO          900    i.TIM3_IRQHandler   stm32f0xx_it.o
    0x080030a8   0x080030a8   0x00000090   Code   RO         2901    i.TIM_Base_SetConfig  stm32f0xx_hal_tim.o
    0x08003138   0x08003138   0x0000001c   Code   RO         2912    i.TIM_ETR_SetConfig  stm32f0xx_hal_tim.o
    0x08003154   0x08003154   0x00000018   Code   RO         2913    i.TIM_ITRx_SetConfig  stm32f0xx_hal_tim.o
    0x0800316c   0x0800316c   0x00000032   Code   RO         2919    i.TIM_TI1_ConfigInputStage  stm32f0xx_hal_tim.o
    0x0800319e   0x0800319e   0x00000032   Code   RO         2921    i.TIM_TI2_ConfigInputStage  stm32f0xx_hal_tim.o
    0x080031d0   0x080031d0   0x00000030   Code   RO          901    i.USART1_IRQHandler  stm32f0xx_it.o
    0x08003200   0x08003200   0x0000009c   Code   RO          503    i.VoltageControl    main.o
    0x0800329c   0x0800329c   0x0000002c   Code   RO          504    i.VtAllOff          main.o
    0x080032c8   0x080032c8   0x00000018   Code   RO          505    i.VtDirectPolarity  main.o
    0x080032e0   0x080032e0   0x00000018   Code   RO          506    i.VtReversPolarity  main.o
    0x080032f8   0x080032f8   0x0000002c   Code   RO          355    i.WriteSettingsStructToFLASH  settings.o
    0x08003324   0x08003324   0x000000b8   Code   RO          356    i.WriteSettingsStructToRAM  settings.o
    0x080033dc   0x080033dc   0x00000018   Code   RO          780    i.__NVIC_EnableIRQ  tim.o
    0x080033f4   0x080033f4   0x00000078   Code   RO          781    i.__NVIC_SetPriority  tim.o
    0x0800346c   0x0800346c   0x00000078   Code   RO          855    i.__NVIC_SetPriority  usart.o
    0x080034e4   0x080034e4   0x00000078   Code   RO         2355    i.__NVIC_SetPriority  stm32f0xx_hal_cortex.o
    0x0800355c   0x0800355c   0x00000128   Code   RO          507    i.adcSensLoop       main.o
    0x08003684   0x08003684   0x00000024   Code   RO          357    i.check_EOP         settings.o
    0x080036a8   0x080036a8   0x00000014   Code   RO          358    i.flash_ready       settings.o
    0x080036bc   0x080036bc   0x00000198   Code   RO          508    i.main              main.o
    0x08003854   0x08003854   0x0000008c   Code   RO         4050    x$fpl$fadd          fz_ps.l(faddsub.o)
    0x080038e0   0x080038e0   0x000000b0   Code   RO         4060    x$fpl$fmul          fz_ps.l(fmul.o)
    0x08003990   0x08003990   0x000000d0   Code   RO         4052    x$fpl$fsub          fz_ps.l(faddsub.o)
    0x08003a60   0x08003a60   0x00000000   Code   RO         4071    x$fpl$usenofp       fz_ps.l(usenofp.o)
    0x08003a60   0x08003a60   0x00000044   Data   RO          285    .constdata          pc_communication.o
    0x08003aa4   0x08003aa4   0x00000018   Data   RO         4001    .constdata          system_stm32f0xx.o
    0x08003abc   0x08003abc   0x00000020   Data   RO         4234    Region$$Table       anon$$obj.o


    Execution Region RW_IRAM1 (Exec base: 0x200000bc, Load base: 0x08003adc, Size: 0x00000914, Max: 0x00000f44, ABSOLUTE)

    Exec Addr    Load Addr    Size         Type   Attr      Idx    E Section Name        Object

    0x200000bc   0x08003adc   0x00000006   Data   RW           31    .data               modbus.o
    0x200000c2   0x08003ae2   0x00000001   Data   RW          286    .data               pc_communication.o
    0x200000c3   0x08003ae3   0x00000004   Data   RW          361    .data               settings.o
    0x200000c7   0x08003ae7   0x00000001   PAD
    0x200000c8   0x08003ae8   0x0000001a   Data   RW          511    .data               main.o
    0x200000e2   0x08003b02   0x00000002   PAD
    0x200000e4   0x08003b04   0x00000008   Data   RW          903    .data               stm32f0xx_it.o
    0x200000ec   0x08003b0c   0x00000009   Data   RW         1552    .data               stm32f0xx_hal.o
    0x200000f5   0x08003b15   0x00000003   PAD
    0x200000f8   0x08003b18   0x00000004   Data   RW         4002    .data               system_stm32f0xx.o
    0x200000fc        -       0x00000118   Zero   RW           29    .bss                modbus.o
    0x20000214        -       0x00000064   Zero   RW          359    .bss                settings.o
    0x20000278        -       0x00000064   Zero   RW          509    .bss                main.o
    0x200002dc        -       0x00000090   Zero   RW          782    .bss                tim.o
    0x2000036c        -       0x00000060   Zero   RW         4105    .bss                c_p.l(libspace.o)
    0x200003cc   0x08003b1c   0x00000004   PAD
    0x200003d0        -       0x00000200   Zero   RW            2    HEAP                startup_stm32f030x6.o
    0x200005d0        -       0x00000400   Zero   RW            1    STACK               startup_stm32f030x6.o


==============================================================================

Image component sizes


      Code (inc. data)   RO Data    RW Data    ZI Data      Debug   Object Name

       280         16          0          0          0      26058   adc.o
       356         14          0          0          0       7771   gpio.o
        88         20          0          0          0       2631   iwdg.o
      2370        312          0         26        100      98829   main.o
      1796        164          0          6        280     268329   modbus.o
       394         32         68          1          0      33435   pc_communication.o
      1524         64          0          4        100       9111   settings.o
        56         26        184          0       1536        604   startup_stm32f030x6.o
       140         26          0          9          0       6511   stm32f0xx_hal.o
       222         26          0          0          0      10181   stm32f0xx_hal_cortex.o
        64          4          0          0          0        758   stm32f0xx_hal_msp.o
      1142         22          0          0          0       8547   stm32f0xx_hal_tim.o
       124         10          0          0          0       2237   stm32f0xx_hal_tim_ex.o
       498         74          0          8          0      49352   stm32f0xx_it.o
       140         12          0          0          0      26596   stm32f0xx_ll_adc.o
       236          0          0          0          0       6731   stm32f0xx_ll_gpio.o
       376         56          0          0          0      16683   stm32f0xx_ll_rcc.o
       152         22          0          0          0      29726   stm32f0xx_ll_tim.o
       224         14          0          0          0      17832   stm32f0xx_ll_usart.o
        12          6          0          0          0        512   stm32f0xx_ll_utils.o
         2          0         24          4          0       1015   system_stm32f0xx.o
       662         74          0          0        144      39477   tim.o
       436         26          0          0          0      23746   usart.o

    ----------------------------------------------------------------------
     11308       1020        308         64       2160     686672   Object Totals
         0          0         32          0          0          0   (incl. Generated)
        14          0          0          6          0          0   (incl. Padding)

    ----------------------------------------------------------------------

      Code (inc. data)   RO Data    RW Data    ZI Data      Debug   Library Member Name

         8          0          0          0          0         68   __main.o
         0          0          0          0          0          0   __rtentry.o
        12          0          0          0          0          0   __rtentry2.o
         6          0          0          0          0          0   __rtentry4.o
        60          8          0          0          0          0   __scatter.o
        26          0          0          0          0          0   __scatter_copy.o
        28          0          0          0          0          0   __scatter_zi.o
       346          0          0          0          0         92   aeabi_sdiv.o
        16          0          0          0          0         68   exit.o
         6          0          0          0          0        136   heapauxi.o
         0          0          0          0          0          0   indicate_semi.o
         2          0          0          0          0          0   libinit.o
         2          0          0          0          0          0   libinit2.o
         2          0          0          0          0          0   libshutdown.o
         2          0          0          0          0          0   libshutdown2.o
         8          4          0          0         96         68   libspace.o
        64          0          0          0          0        108   rt_memclr.o
        56          0          0          0          0         68   rt_memcpy.o
         2          0          0          0          0          0   rtexit.o
        10          0          0          0          0          0   rtexit2.o
        12          4          0          0          0         60   sys_exit.o
        62          0          0          0          0         80   sys_stackheap_outer.o
         2          0          0          0          0         68   use_no_semi.o
       348          8          0          0          0        160   faddsub.o
        48          0          0          0          0         60   ffixui.o
        94          0          0          0          0         92   fflti.o
       176          4          0          0          0         80   fmul.o
         0          0          0          0          0          0   usenofp.o

    ----------------------------------------------------------------------
      1404         28          0          0        100       1208   Library Totals
         6          0          0          0          4          0   (incl. Padding)

    ----------------------------------------------------------------------

      Code (inc. data)   RO Data    RW Data    ZI Data      Debug   Library Name

       732         16          0          0         96        816   c_p.l
       666         12          0          0          0        392   fz_ps.l

    ----------------------------------------------------------------------
      1404         28          0          0        100       1208   Library Totals

    ----------------------------------------------------------------------

==============================================================================


      Code (inc. data)   RO Data    RW Data    ZI Data      Debug   

     12712       1048        308         64       2260     681984   Grand Totals
     12712       1048        308         64       2260     681984   ELF Image Totals
     12712       1048        308         64          0          0   ROM Totals

==============================================================================

    Total RO  Size (Code + RO Data)                13020 (  12.71kB)
    Total RW  Size (RW Data + ZI Data)              2324 (   2.27kB)
    Total ROM Size (Code + RO Data + RW Data)      13084 (  12.78kB)

==============================================================================

